
(dotnet:3419623): Gdk-CRITICAL **: 00:58:26.535: gdk_seat_get_keyboard: assertion 'GDK_IS_SEAT (seat)' failed
{"kind":"trace","run":0,"workload":0,"process":0,"window":0,"frame":0,"sample":0,"queue":0,"submission":0,"fence":0,"query":0,"event":401,"category":13,"severity":0,"result":0,"value0":4291056066,"value1":84}
{"kind":"trace","run":0,"workload":0,"process":0,"window":0,"frame":0,"sample":0,"queue":0,"submission":0,"fence":0,"query":0,"event":401,"category":13,"severity":0,"result":0,"value0":4291056066,"value1":84}
{"kind":"trace","run":0,"workload":0,"process":0,"window":0,"frame":0,"sample":0,"queue":0,"submission":0,"fence":0,"query":0,"event":401,"category":12,"severity":0,"result":0,"value0":0,"value1":0}
{"kind":"trace","run":0,"workload":0,"process":0,"window":93906842395056,"frame":0,"sample":0,"queue":0,"submission":0,"fence":0,"query":0,"event":324,"category":11,"severity":0,"result":0,"value0":64,"value1":1000}
{"kind":"trace","run":0,"workload":0,"process":0,"window":93906842395056,"frame":0,"sample":0,"queue":0,"submission":0,"fence":0,"query":0,"event":324,"category":11,"severity":0,"result":0,"value0":1,"value1":0}
{"kind":"trace","run":0,"workload":0,"process":0,"window":0,"frame":0,"sample":0,"queue":0,"submission":0,"fence":0,"query":0,"event":324,"category":12,"severity":0,"result":0,"value0":0,"value1":0}
{"kind":"trace","run":0,"workload":0,"process":0,"window":93906842395056,"frame":0,"sample":0,"queue":93906842814592,"submission":0,"fence":0,"query":0,"event":100,"category":2,"severity":0,"result":0,"value0":0,"value1":0}
{"kind":"trace","run":0,"workload":0,"process":0,"window":0,"frame":0,"sample":0,"queue":93906842814592,"submission":0,"fence":0,"query":0,"event":322,"category":12,"severity":0,"result":0,"value0":0,"value1":0}
{"kind":"trace","run":0,"workload":0,"process":0,"window":0,"frame":0,"sample":0,"queue":93906842814592,"submission":0,"fence":0,"query":0,"event":322,"category":12,"severity":0,"result":0,"value0":0,"value1":0}
{"kind":"trace","run":0,"workload":0,"process":0,"window":0,"frame":0,"sample":0,"queue":93906842814592,"submission":0,"fence":0,"query":0,"event":322,"category":12,"severity":0,"result":0,"value0":0,"value1":0}
{"kind":"trace","run":0,"workload":0,"process":0,"window":93906842395056,"frame":0,"sample":1,"queue":93906842814592,"submission":0,"fence":0,"query":0,"event":310,"category":11,"severity":0,"result":1,"value0":219865,"value1":0}
{"kind":"trace","run":0,"workload":0,"process":0,"window":93906842395056,"frame":0,"sample":2,"queue":93906842814592,"submission":0,"fence":0,"query":0,"event":311,"category":11,"severity":0,"result":2,"value0":1123329,"value1":0}
{"kind":"trace","run":0,"workload":0,"process":0,"window":93906842395056,"frame":0,"sample":4,"queue":93906842814592,"submission":0,"fence":0,"query":0,"event":311,"category":11,"severity":0,"result":4,"value0":1568749,"value1":0}
{"kind":"trace","run":0,"workload":0,"process":0,"window":93906842395056,"frame":0,"sample":5,"queue":93906842814592,"submission":0,"fence":0,"query":0,"event":312,"category":11,"severity":0,"result":5,"value0":16142146,"value1":4944}
{"kind":"trace","run":0,"workload":0,"process":0,"window":93906842395056,"frame":0,"sample":6,"queue":93906842814592,"submission":0,"fence":0,"query":0,"event":312,"category":11,"severity":0,"result":6,"value0":883276,"value1":376}
{"kind":"trace","run":0,"workload":0,"process":0,"window":93906842395056,"frame":0,"sample":8,"queue":93906842814592,"submission":0,"fence":0,"query":0,"event":312,"category":11,"severity":0,"result":8,"value0":2650639,"value1":0}
{"kind":"trace","run":0,"workload":0,"process":0,"window":93906842395056,"frame":0,"sample":7,"queue":93906842814592,"submission":0,"fence":0,"query":0,"event":312,"category":11,"severity":0,"result":7,"value0":12608231,"value1":4568}
{"kind":"trace","run":0,"workload":0,"process":0,"window":93906842395056,"frame":0,"sample":9,"queue":93906842814592,"submission":0,"fence":0,"query":0,"event":311,"category":11,"severity":0,"result":9,"value0":291300,"value1":0}
{"kind":"trace","run":0,"workload":0,"process":0,"window":93906842395056,"frame":0,"sample":10,"queue":93906842814592,"submission":0,"fence":0,"query":0,"event":313,"category":11,"severity":0,"result":10,"value0":13834253,"value1":68128}
{"kind":"trace","run":0,"workload":0,"process":0,"window":93906842395056,"frame":0,"sample":11,"queue":93906842814592,"submission":0,"fence":0,"query":0,"event":311,"category":11,"severity":0,"result":11,"value0":1273021,"value1":0}
{"kind":"trace","run":0,"workload":0,"process":0,"window":93906842395056,"frame":0,"sample":11,"queue":93906842814592,"submission":0,"fence":0,"query":0,"event":311,"category":11,"severity":0,"result":11,"value0":164269,"value1":0}
{"kind":"trace","run":0,"workload":0,"process":0,"window":93906842395056,"frame":1,"sample":0,"queue":93906842814592,"submission":0,"fence":0,"query":0,"event":300,"category":11,"severity":0,"result":0,"value0":180,"value1":96}
{"kind":"trace","run":0,"workload":0,"process":0,"window":0,"frame":1,"sample":0,"queue":93906842814592,"submission":0,"fence":0,"query":0,"event":322,"category":12,"severity":0,"result":0,"value0":0,"value1":0}
{"kind":"trace","run":0,"workload":0,"process":0,"window":0,"frame":1,"sample":0,"queue":93906842814592,"submission":0,"fence":0,"query":0,"event":322,"category":12,"severity":0,"result":0,"value0":0,"value1":0}
{"kind":"trace","run":0,"workload":0,"process":0,"window":0,"frame":1,"sample":0,"queue":93906842814592,"submission":0,"fence":0,"query":0,"event":122,"category":12,"severity":0,"result":0,"value0":0,"value1":0}
{"kind":"trace","run":0,"workload":0,"process":0,"window":0,"frame":1,"sample":0,"queue":93906842814592,"submission":0,"fence":0,"query":0,"event":317,"category":12,"severity":0,"result":0,"value0":0,"value1":0}
{"kind":"trace","run":0,"workload":0,"process":0,"window":93906842395056,"frame":1,"sample":0,"queue":93906842814592,"submission":0,"fence":0,"query":0,"event":317,"category":11,"severity":0,"result":0,"value0":706825492318932,"value1":706825492407429}
{"kind":"trace","run":0,"workload":0,"process":0,"window":93906842395056,"frame":1,"sample":0,"queue":93906842814592,"submission":1,"fence":0,"query":0,"event":324,"category":11,"severity":0,"result":0,"value0":0,"value1":128}
{"kind":"trace","run":0,"workload":0,"process":0,"window":93906842395056,"frame":1,"sample":0,"queue":93906842814592,"submission":0,"fence":0,"query":0,"event":314,"category":6,"severity":0,"result":0,"value0":2,"value1":2}
{"kind":"trace","run":0,"workload":0,"process":0,"window":93906842395056,"frame":1,"sample":0,"queue":93906842814592,"submission":0,"fence":0,"query":0,"event":314,"category":11,"severity":0,"result":0,"value0":706825494106113,"value1":706825503955120}
{"kind":"trace","run":0,"workload":0,"process":0,"window":93906842395056,"frame":1,"sample":0,"queue":93906842814592,"submission":0,"fence":0,"query":0,"event":315,"category":6,"severity":0,"result":0,"value0":17280,"value1":773094113376}
{"kind":"trace","run":0,"workload":0,"process":0,"window":93906842395056,"frame":1,"sample":0,"queue":93906842814592,"submission":0,"fence":0,"query":0,"event":317,"category":6,"severity":0,"result":0,"value0":1,"value1":2}
{"kind":"trace","run":0,"workload":0,"process":0,"window":93906842395056,"frame":1,"sample":0,"queue":93906842814592,"submission":0,"fence":0,"query":0,"event":317,"category":11,"severity":0,"result":0,"value0":706825507910420,"value1":706825522725914}
{"kind":"trace","run":0,"workload":0,"process":0,"window":0,"frame":1,"sample":0,"queue":93906842814592,"submission":0,"fence":0,"query":0,"event":317,"category":12,"severity":0,"result":0,"value0":0,"value1":0}
{"kind":"trace","run":0,"workload":0,"process":0,"window":93906842395056,"frame":1,"sample":0,"queue":93906842814592,"submission":0,"fence":0,"query":0,"event":317,"category":11,"severity":0,"result":0,"value0":706825526574613,"value1":706825526790951}
{"kind":"trace","run":0,"workload":0,"process":0,"window":0,"frame":1,"sample":0,"queue":93906842814592,"submission":0,"fence":0,"query":0,"event":316,"category":12,"severity":0,"result":0,"value0":0,"value1":0}
{"kind":"trace","run":0,"workload":0,"process":0,"window":0,"frame":1,"sample":0,"queue":93906842814592,"submission":0,"fence":0,"query":0,"event":316,"category":12,"severity":0,"result":0,"value0":0,"value1":0}
{"kind":"trace","run":0,"workload":0,"process":0,"window":0,"frame":1,"sample":0,"queue":93906842814592,"submission":0,"fence":0,"query":0,"event":316,"category":12,"severity":0,"result":0,"value0":0,"value1":0}
{"kind":"trace","run":0,"workload":0,"process":0,"window":0,"frame":1,"sample":0,"queue":93906842814592,"submission":0,"fence":0,"query":0,"event":321,"category":12,"severity":0,"result":0,"value0":0,"value1":0}
{"kind":"trace","run":0,"workload":0,"process":0,"window":93906842395056,"frame":1,"sample":0,"queue":93906842814592,"submission":1,"fence":0,"query":0,"event":321,"category":11,"severity":0,"result":0,"value0":706825527198820,"value1":706825534708514}
{"kind":"trace","run":0,"workload":0,"process":0,"window":0,"frame":1,"sample":0,"queue":93906842814592,"submission":1,"fence":0,"query":0,"event":322,"category":12,"severity":0,"result":0,"value0":0,"value1":0}
{"kind":"trace","run":0,"workload":0,"process":0,"window":0,"frame":1,"sample":0,"queue":93906842814592,"submission":1,"fence":0,"query":0,"event":123,"category":12,"severity":0,"result":0,"value0":0,"value1":0}
{"kind":"trace","run":0,"workload":0,"process":0,"window":93906842395056,"frame":1,"sample":0,"queue":93906842814592,"submission":1,"fence":0,"query":0,"event":123,"category":11,"severity":0,"result":0,"value0":706825535345325,"value1":706825536776304}
{"kind":"trace","run":0,"workload":0,"process":0,"window":93906842395056,"frame":1,"sample":0,"queue":93906842814592,"submission":1,"fence":0,"query":0,"event":301,"category":11,"severity":0,"result":0,"value0":1,"value1":0}
{"kind":"trace","run":0,"workload":0,"process":0,"window":0,"frame":0,"sample":0,"queue":93906842814592,"submission":0,"fence":0,"query":0,"event":322,"category":12,"severity":0,"result":0,"value0":0,"value1":0}
{"kind":"trace","run":0,"workload":0,"process":0,"window":0,"frame":0,"sample":0,"queue":93906842814592,"submission":0,"fence":0,"query":0,"event":322,"category":12,"severity":0,"result":0,"value0":0,"value1":0}
{"kind":"trace","run":0,"workload":0,"process":0,"window":0,"frame":0,"sample":0,"queue":93906842814592,"submission":0,"fence":0,"query":0,"event":322,"category":12,"severity":0,"result":0,"value0":0,"value1":0}
{"kind":"trace","run":0,"workload":0,"process":0,"window":0,"frame":0,"sample":0,"queue":93906842814592,"submission":0,"fence":0,"query":0,"event":322,"category":12,"severity":0,"result":0,"value0":0,"value1":0}
{"kind":"trace","run":0,"workload":0,"process":0,"window":0,"frame":0,"sample":0,"queue":93906842814592,"submission":0,"fence":0,"query":0,"event":322,"category":12,"severity":0,"result":0,"value0":0,"value1":0}
{"kind":"trace","run":0,"workload":0,"process":0,"window":93906842395056,"frame":0,"sample":1,"queue":93906842814592,"submission":0,"fence":0,"query":0,"event":310,"category":11,"severity":0,"result":1,"value0":42630,"value1":0}
{"kind":"trace","run":0,"workload":0,"process":0,"window":93906842395056,"frame":0,"sample":2,"queue":93906842814592,"submission":0,"fence":0,"query":0,"event":311,"category":11,"severity":0,"result":2,"value0":1533,"value1":0}
{"kind":"trace","run":0,"workload":0,"process":0,"window":93906842395056,"frame":0,"sample":4,"queue":93906842814592,"submission":0,"fence":0,"query":0,"event":311,"category":11,"severity":0,"result":4,"value0":401,"value1":0}
{"kind":"trace","run":0,"workload":0,"process":0,"window":93906842395056,"frame":0,"sample":9,"queue":93906842814592,"submission":0,"fence":0,"query":0,"event":311,"category":11,"severity":0,"result":9,"value0":521,"value1":0}
{"kind":"trace","run":0,"workload":0,"process":0,"window":93906842395056,"frame":0,"sample":10,"queue":93906842814592,"submission":0,"fence":0,"query":0,"event":313,"category":11,"severity":0,"result":10,"value0":113444,"value1":64}
{"kind":"trace","run":0,"workload":0,"process":0,"window":93906842395056,"frame":0,"sample":11,"queue":93906842814592,"submission":0,"fence":0,"query":0,"event":311,"category":11,"severity":0,"result":11,"value0":2264,"value1":0}
{"kind":"trace","run":0,"workload":0,"process":0,"window":93906842395056,"frame":0,"sample":11,"queue":93906842814592,"submission":0,"fence":0,"query":0,"event":311,"category":11,"severity":0,"result":11,"value0":171,"value1":0}
{"kind":"trace","run":0,"workload":0,"process":0,"window":93906842395056,"frame":2,"sample":0,"queue":93906842814592,"submission":0,"fence":0,"query":0,"event":300,"category":11,"severity":0,"result":0,"value0":1024,"value1":640}
{"kind":"trace","run":0,"workload":0,"process":0,"window":0,"frame":2,"sample":0,"queue":93906842814592,"submission":0,"fence":0,"query":0,"event":322,"category":12,"severity":0,"result":0,"value0":0,"value1":0}
{"kind":"trace","run":0,"workload":0,"process":0,"window":0,"frame":2,"sample":0,"queue":93906842814592,"submission":0,"fence":0,"query":0,"event":322,"category":12,"severity":0,"result":0,"value0":0,"value1":0}
{"kind":"trace","run":0,"workload":0,"process":0,"window":0,"frame":2,"sample":0,"queue":93906842814592,"submission":0,"fence":0,"query":0,"event":122,"category":12,"severity":0,"result":0,"value0":0,"value1":0}
{"kind":"trace","run":0,"workload":0,"process":0,"window":0,"frame":2,"sample":0,"queue":93906842814592,"submission":0,"fence":0,"query":0,"event":317,"category":12,"severity":0,"result":0,"value0":0,"value1":0}
{"kind":"trace","run":0,"workload":0,"process":0,"window":93906842395056,"frame":2,"sample":0,"queue":93906842814592,"submission":0,"fence":0,"query":0,"event":317,"category":11,"severity":0,"result":0,"value0":706825589004493,"value1":706825589010004}
{"kind":"trace","run":0,"workload":0,"process":0,"window":93906842395056,"frame":2,"sample":0,"queue":93906842814592,"submission":1,"fence":0,"query":0,"event":324,"category":11,"severity":0,"result":0,"value0":128,"value1":128}
{"kind":"trace","run":0,"workload":0,"process":0,"window":93906842395056,"frame":2,"sample":0,"queue":93906842814592,"submission":0,"fence":0,"query":0,"event":314,"category":6,"severity":0,"result":0,"value0":2,"value1":4}
{"kind":"trace","run":0,"workload":0,"process":0,"window":93906842395056,"frame":2,"sample":0,"queue":93906842814592,"submission":0,"fence":0,"query":0,"event":314,"category":11,"severity":0,"result":0,"value0":706825589039720,"value1":706825589469320}
{"kind":"trace","run":0,"workload":0,"process":0,"window":93906842395056,"frame":2,"sample":0,"queue":93906842814592,"submission":0,"fence":0,"query":0,"event":315,"category":6,"severity":0,"result":0,"value0":655360,"value1":4398046511744}
{"kind":"trace","run":0,"workload":0,"process":0,"window":93906842395056,"frame":2,"sample":0,"queue":93906842814592,"submission":0,"fence":0,"query":0,"event":317,"category":6,"severity":0,"result":0,"value0":1,"value1":2}
{"kind":"trace","run":0,"workload":0,"process":0,"window":93906842395056,"frame":2,"sample":0,"queue":93906842814592,"submission":0,"fence":0,"query":0,"event":317,"category":11,"severity":0,"result":0,"value0":706825589491121,"value1":706825589704353}
{"kind":"trace","run":0,"workload":0,"process":0,"window":0,"frame":2,"sample":0,"queue":93906842814592,"submission":0,"fence":0,"query":0,"event":317,"category":12,"severity":0,"result":0,"value0":0,"value1":0}
{"kind":"trace","run":0,"workload":0,"process":0,"window":93906842395056,"frame":2,"sample":0,"queue":93906842814592,"submission":0,"fence":0,"query":0,"event":317,"category":11,"severity":0,"result":0,"value0":706825589777020,"value1":706825589793030}
{"kind":"trace","run":0,"workload":0,"process":0,"window":0,"frame":2,"sample":0,"queue":93906842814592,"submission":0,"fence":0,"query":0,"event":316,"category":12,"severity":0,"result":0,"value0":0,"value1":0}
{"kind":"trace","run":0,"workload":0,"process":0,"window":0,"frame":2,"sample":0,"queue":93906842814592,"submission":0,"fence":0,"query":0,"event":316,"category":12,"severity":0,"result":0,"value0":0,"value1":0}
{"kind":"trace","run":0,"workload":0,"process":0,"window":0,"frame":2,"sample":0,"queue":93906842814592,"submission":0,"fence":0,"query":0,"event":316,"category":12,"severity":0,"result":0,"value0":0,"value1":0}
{"kind":"trace","run":0,"workload":0,"process":0,"window":0,"frame":2,"sample":0,"queue":93906842814592,"submission":0,"fence":0,"query":0,"event":321,"category":12,"severity":0,"result":0,"value0":0,"value1":0}
{"kind":"trace","run":0,"workload":0,"process":0,"window":93906842395056,"frame":2,"sample":1,"queue":93906842814592,"submission":0,"fence":0,"query":0,"event":310,"category":11,"severity":0,"result":1,"value0":160,"value1":0}
{"kind":"trace","run":0,"workload":0,"process":0,"window":93906842395056,"frame":2,"sample":2,"queue":93906842814592,"submission":0,"fence":0,"query":0,"event":311,"category":11,"severity":0,"result":2,"value0":571,"value1":0}
{"kind":"trace","run":0,"workload":0,"process":0,"window":93906842395056,"frame":2,"sample":4,"queue":93906842814592,"submission":0,"fence":0,"query":0,"event":311,"category":11,"severity":0,"result":4,"value0":100,"value1":0}
{"kind":"trace","run":0,"workload":0,"process":0,"window":93906842395056,"frame":2,"sample":9,"queue":93906842814592,"submission":0,"fence":0,"query":0,"event":311,"category":11,"severity":0,"result":9,"value0":171,"value1":0}
{"kind":"trace","run":0,"workload":0,"process":0,"window":93906842395056,"frame":2,"sample":11,"queue":93906842814592,"submission":0,"fence":0,"query":0,"event":311,"category":11,"severity":0,"result":11,"value0":130,"value1":0}
{"kind":"trace","run":0,"workload":0,"process":0,"window":93906842395056,"frame":2,"sample":0,"queue":93906842814592,"submission":1,"fence":0,"query":0,"event":321,"category":11,"severity":0,"result":0,"value0":706825589794754,"value1":706825612364994}
{"kind":"trace","run":0,"workload":0,"process":0,"window":0,"frame":2,"sample":0,"queue":93906842814592,"submission":1,"fence":0,"query":0,"event":322,"category":12,"severity":0,"result":0,"value0":0,"value1":0}
{"kind":"trace","run":0,"workload":0,"process":0,"window":93906842395056,"frame":2,"sample":1,"queue":93906842814592,"submission":1,"fence":0,"query":0,"event":310,"category":11,"severity":0,"result":1,"value0":250,"value1":0}
{"kind":"trace","run":0,"workload":0,"process":0,"window":93906842395056,"frame":2,"sample":2,"queue":93906842814592,"submission":1,"fence":0,"query":0,"event":311,"category":11,"severity":0,"result":2,"value0":1442,"value1":0}
{"kind":"trace","run":0,"workload":0,"process":0,"window":93906842395056,"frame":2,"sample":4,"queue":93906842814592,"submission":1,"fence":0,"query":0,"event":311,"category":11,"severity":0,"result":4,"value0":290,"value1":0}
{"kind":"trace","run":0,"workload":0,"process":0,"window":93906842395056,"frame":2,"sample":9,"queue":93906842814592,"submission":1,"fence":0,"query":0,"event":311,"category":11,"severity":0,"result":9,"value0":431,"value1":0}
{"kind":"trace","run":0,"workload":0,"process":0,"window":93906842395056,"frame":2,"sample":11,"queue":93906842814592,"submission":1,"fence":0,"query":0,"event":311,"category":11,"severity":0,"result":11,"value0":140,"value1":0}
{"kind":"trace","run":0,"workload":0,"process":0,"window":0,"frame":2,"sample":0,"queue":93906842814592,"submission":1,"fence":0,"query":0,"event":123,"category":12,"severity":0,"result":0,"value0":0,"value1":0}
{"kind":"trace","run":0,"workload":0,"process":0,"window":93906842395056,"frame":2,"sample":0,"queue":93906842814592,"submission":1,"fence":0,"query":0,"event":123,"category":11,"severity":0,"result":0,"value0":706825612442290,"value1":706825615842753}
{"kind":"trace","run":0,"workload":0,"process":0,"window":93906842395056,"frame":2,"sample":0,"queue":93906842814592,"submission":1,"fence":0,"query":0,"event":301,"category":11,"severity":0,"result":0,"value0":1,"value1":0}
{"kind":"trace","run":0,"workload":0,"process":0,"window":93906842395056,"frame":0,"sample":1,"queue":93906842814592,"submission":0,"fence":0,"query":0,"event":310,"category":11,"severity":0,"result":1,"value0":250,"value1":0}
{"kind":"trace","run":0,"workload":0,"process":0,"window":93906842395056,"frame":0,"sample":2,"queue":93906842814592,"submission":0,"fence":0,"query":0,"event":311,"category":11,"severity":0,"result":2,"value0":1423,"value1":0}
{"kind":"trace","run":0,"workload":0,"process":0,"window":93906842395056,"frame":0,"sample":4,"queue":93906842814592,"submission":0,"fence":0,"query":0,"event":311,"category":11,"severity":0,"result":4,"value0":250,"value1":0}
{"kind":"trace","run":0,"workload":0,"process":0,"window":93906842395056,"frame":0,"sample":9,"queue":93906842814592,"submission":0,"fence":0,"query":0,"event":311,"category":11,"severity":0,"result":9,"value0":451,"value1":0}
{"kind":"trace","run":0,"workload":0,"process":0,"window":93906842395056,"frame":0,"sample":11,"queue":93906842814592,"submission":0,"fence":0,"query":0,"event":311,"category":11,"severity":0,"result":11,"value0":130,"value1":0}
{"kind":"trace","run":0,"workload":0,"process":0,"window":93906842395056,"frame":0,"sample":1,"queue":93906842814592,"submission":0,"fence":0,"query":0,"event":310,"category":11,"severity":0,"result":1,"value0":430,"value1":0}
{"kind":"trace","run":0,"workload":0,"process":0,"window":93906842395056,"frame":0,"sample":2,"queue":93906842814592,"submission":0,"fence":0,"query":0,"event":311,"category":11,"severity":0,"result":2,"value0":1212,"value1":0}
{"kind":"trace","run":0,"workload":0,"process":0,"window":93906842395056,"frame":0,"sample":4,"queue":93906842814592,"submission":0,"fence":0,"query":0,"event":311,"category":11,"severity":0,"result":4,"value0":201,"value1":0}
{"kind":"trace","run":0,"workload":0,"process":0,"window":93906842395056,"frame":0,"sample":9,"queue":93906842814592,"submission":0,"fence":0,"query":0,"event":311,"category":11,"severity":0,"result":9,"value0":441,"value1":0}
{"kind":"trace","run":0,"workload":0,"process":0,"window":93906842395056,"frame":0,"sample":11,"queue":93906842814592,"submission":0,"fence":0,"query":0,"event":311,"category":11,"severity":0,"result":11,"value0":130,"value1":0}
{"kind":"trace","run":0,"workload":0,"process":0,"window":0,"frame":0,"sample":0,"queue":93906842814592,"submission":0,"fence":0,"query":0,"event":322,"category":12,"severity":0,"result":0,"value0":0,"value1":0}
{"kind":"trace","run":0,"workload":0,"process":0,"window":0,"frame":0,"sample":0,"queue":93906842814592,"submission":0,"fence":0,"query":0,"event":322,"category":12,"severity":0,"result":0,"value0":0,"value1":0}
{"kind":"trace","run":0,"workload":0,"process":0,"window":0,"frame":0,"sample":0,"queue":93906842814592,"submission":0,"fence":0,"query":0,"event":322,"category":12,"severity":0,"result":0,"value0":0,"value1":0}
{"kind":"trace","run":0,"workload":0,"process":0,"window":0,"frame":0,"sample":0,"queue":93906842814592,"submission":0,"fence":0,"query":0,"event":322,"category":12,"severity":0,"result":0,"value0":0,"value1":0}
{"kind":"trace","run":0,"workload":0,"process":0,"window":0,"frame":0,"sample":0,"queue":93906842814592,"submission":0,"fence":0,"query":0,"event":322,"category":12,"severity":0,"result":0,"value0":0,"value1":0}
{"kind":"trace","run":0,"workload":0,"process":0,"window":0,"frame":0,"sample":0,"queue":93906842814592,"submission":0,"fence":0,"query":0,"event":322,"category":12,"severity":0,"result":0,"value0":0,"value1":0}
{"kind":"trace","run":0,"workload":0,"process":0,"window":0,"frame":0,"sample":0,"queue":93906842814592,"submission":0,"fence":0,"query":0,"event":322,"category":12,"severity":0,"result":0,"value0":0,"value1":0}
{"kind":"trace","run":0,"workload":0,"process":0,"window":0,"frame":0,"sample":0,"queue":93906842814592,"submission":0,"fence":0,"query":0,"event":322,"category":12,"severity":0,"result":0,"value0":0,"value1":0}
{"kind":"trace","run":0,"workload":0,"process":0,"window":0,"frame":0,"sample":0,"queue":93906842814592,"submission":0,"fence":0,"query":0,"event":322,"category":12,"severity":0,"result":0,"value0":0,"value1":0}
{"kind":"trace","run":0,"workload":0,"process":0,"window":0,"frame":0,"sample":0,"queue":93906842814592,"submission":0,"fence":0,"query":0,"event":322,"category":12,"severity":0,"result":0,"value0":0,"value1":0}
{"kind":"trace","run":0,"workload":0,"process":0,"window":93906842395056,"frame":0,"sample":0,"queue":93906842814592,"submission":0,"fence":0,"query":0,"event":101,"category":2,"severity":0,"result":0,"value0":0,"value1":0}
{"kind":"result","ordinal":0,"event":401,"classification":0,"frame":0,"queue":0,"submission":0,"fence":0,"result":0}
{"kind":"result","ordinal":1,"event":324,"classification":0,"frame":0,"queue":0,"submission":0,"fence":0,"result":0}
{"kind":"result","ordinal":2,"event":322,"classification":0,"frame":0,"queue":93906842814592,"submission":0,"fence":0,"result":0}
{"kind":"result","ordinal":3,"event":322,"classification":0,"frame":0,"queue":93906842814592,"submission":0,"fence":0,"result":0}
{"kind":"result","ordinal":4,"event":322,"classification":0,"frame":0,"queue":93906842814592,"submission":0,"fence":0,"result":0}
{"kind":"result","ordinal":5,"event":322,"classification":0,"frame":1,"queue":93906842814592,"submission":0,"fence":0,"result":0}
{"kind":"result","ordinal":6,"event":322,"classification":0,"frame":1,"queue":93906842814592,"submission":0,"fence":0,"result":0}
{"kind":"result","ordinal":7,"event":122,"classification":0,"frame":1,"queue":93906842814592,"submission":0,"fence":0,"result":0}
{"kind":"result","ordinal":8,"event":317,"classification":0,"frame":1,"queue":93906842814592,"submission":0,"fence":0,"result":0}
{"kind":"result","ordinal":9,"event":317,"classification":0,"frame":1,"queue":93906842814592,"submission":0,"fence":0,"result":0}
{"kind":"result","ordinal":10,"event":316,"classification":0,"frame":1,"queue":93906842814592,"submission":0,"fence":0,"result":0}
{"kind":"result","ordinal":11,"event":316,"classification":0,"frame":1,"queue":93906842814592,"submission":0,"fence":0,"result":0}
{"kind":"result","ordinal":12,"event":316,"classification":0,"frame":1,"queue":93906842814592,"submission":0,"fence":0,"result":0}
{"kind":"result","ordinal":13,"event":321,"classification":0,"frame":1,"queue":93906842814592,"submission":0,"fence":0,"result":0}
{"kind":"result","ordinal":14,"event":322,"classification":0,"frame":1,"queue":93906842814592,"submission":1,"fence":0,"result":0}
{"kind":"result","ordinal":15,"event":123,"classification":0,"frame":1,"queue":93906842814592,"submission":1,"fence":0,"result":0}
{"kind":"result","ordinal":16,"event":322,"classification":0,"frame":0,"queue":93906842814592,"submission":0,"fence":0,"result":0}
{"kind":"result","ordinal":17,"event":322,"classification":0,"frame":0,"queue":93906842814592,"submission":0,"fence":0,"result":0}
{"kind":"result","ordinal":18,"event":322,"classification":0,"frame":0,"queue":93906842814592,"submission":0,"fence":0,"result":0}
{"kind":"result","ordinal":19,"event":322,"classification":0,"frame":0,"queue":93906842814592,"submission":0,"fence":0,"result":0}
{"kind":"result","ordinal":20,"event":322,"classification":0,"frame":0,"queue":93906842814592,"submission":0,"fence":0,"result":0}
{"kind":"result","ordinal":21,"event":322,"classification":0,"frame":2,"queue":93906842814592,"submission":0,"fence":0,"result":0}
{"kind":"result","ordinal":22,"event":322,"classification":0,"frame":2,"queue":93906842814592,"submission":0,"fence":0,"result":0}
{"kind":"result","ordinal":23,"event":122,"classification":0,"frame":2,"queue":93906842814592,"submission":0,"fence":0,"result":0}
{"kind":"result","ordinal":24,"event":317,"classification":0,"frame":2,"queue":93906842814592,"submission":0,"fence":0,"result":0}
{"kind":"result","ordinal":25,"event":317,"classification":0,"frame":2,"queue":93906842814592,"submission":0,"fence":0,"result":0}
{"kind":"result","ordinal":26,"event":316,"classification":0,"frame":2,"queue":93906842814592,"submission":0,"fence":0,"result":0}
{"kind":"result","ordinal":27,"event":316,"classification":0,"frame":2,"queue":93906842814592,"submission":0,"fence":0,"result":0}
{"kind":"result","ordinal":28,"event":316,"classification":0,"frame":2,"queue":93906842814592,"submission":0,"fence":0,"result":0}
{"kind":"result","ordinal":29,"event":321,"classification":0,"frame":2,"queue":93906842814592,"submission":0,"fence":0,"result":0}
{"kind":"result","ordinal":30,"event":322,"classification":0,"frame":2,"queue":93906842814592,"submission":1,"fence":0,"result":0}
{"kind":"result","ordinal":31,"event":123,"classification":0,"frame":2,"queue":93906842814592,"submission":1,"fence":0,"result":0}
{"kind":"result","ordinal":32,"event":322,"classification":0,"frame":0,"queue":93906842814592,"submission":0,"fence":0,"result":0}
{"kind":"result","ordinal":33,"event":322,"classification":0,"frame":0,"queue":93906842814592,"submission":0,"fence":0,"result":0}
{"kind":"result","ordinal":34,"event":322,"classification":0,"frame":0,"queue":93906842814592,"submission":0,"fence":0,"result":0}
{"kind":"result","ordinal":35,"event":322,"classification":0,"frame":0,"queue":93906842814592,"submission":0,"fence":0,"result":0}
{"kind":"result","ordinal":36,"event":322,"classification":0,"frame":0,"queue":93906842814592,"submission":0,"fence":0,"result":0}
{"kind":"result","ordinal":37,"event":322,"classification":0,"frame":0,"queue":93906842814592,"submission":0,"fence":0,"result":0}
{"kind":"result","ordinal":38,"event":322,"classification":0,"frame":0,"queue":93906842814592,"submission":0,"fence":0,"result":0}
{"kind":"result","ordinal":39,"event":322,"classification":0,"frame":0,"queue":93906842814592,"submission":0,"fence":0,"result":0}
{"kind":"result","ordinal":40,"event":322,"classification":0,"frame":0,"queue":93906842814592,"submission":0,"fence":0,"result":0}
{"kind":"result","ordinal":41,"event":322,"classification":0,"frame":0,"queue":93906842814592,"submission":0,"fence":0,"result":0}
{"kind":"validation","severity":256,"types":1,"messageId":0,"messageHash":4291056066,"messageLength":84,"messageTruncated":0,"messageHex":"656e76207661722027564b5f494e5354414e43455f4c41594552532720646566696e656420616e6420616464696e67206c61796572732022564b5f4c415945525f4b48524f4e4f535f76616c69646174696f6e22"}
{"kind":"validation","severity":256,"types":1,"messageId":0,"messageHash":4291056066,"messageLength":84,"messageTruncated":0,"messageHex":"656e76207661722027564b5f494e5354414e43455f4c41594552532720646566696e656420616e6420616464696e67206c61796572732022564b5f4c415945525f4b48524f4e4f535f76616c69646174696f6e22"}
{"kind":"device","instanceApiVersion":4206592,"physicalApiVersion":4211042,"driverVersion":109060097,"vendorId":65541,"deviceId":0,"deviceType":4,"timelineSemaphore":1,"synchronization2":1,"dynamicRendering":1,"debugUtilsAvailable":1,"instanceExtensionCount":6,"deviceExtensionCount":0,"deviceNameHex":"6c6c766d7069706520284c4c564d2032322e312e382c203235362062697473290000000000000000000000000000000000000000000000000000000000000000000000000000000000000000000000000000000000000000000000000000000000000000000000000000000000000000000000000000000000000000000000000000000000000000000000000000000000000000000000000000000000000000000000000000000000000000000000000000000000000000000000000000000000000000000000000000000000000000000000000000000000000000000000000000000000000000000000000000000000000000000000000000000000000000"}
{"kind":"clip_mask_atlas","clipMaskAtlasByteBudget":67108864,"clipMaskAtlasResidentBytes":0,"clipMaskAtlasRegionCount":0,"clipMaskAtlasFreePlacementCount":0,"clipMaskAtlasActiveLayerCount":0,"clipMaskAtlasMaximumLayerCount":0,"clipMaskAtlasRetiredGenerationCount":0,"clipMaskAtlasEvictionCount":0,"clipMaskAtlasPressureEventCount":0,"clipMaskAtlasPressureFailureCount":0}
{"kind":"image_upload","imageUploadChunkCount":0,"imageUploadDeferredCount":0,"imageUploadCompletedCount":0}
{"kind":"counters","rebuildCount":0,"layoutCount":0,"planCompileCount":2,"uploadCount":0,"recordCount":2,"submitCount":2,"presentCount":2,"readbackCount":0,"managedAllocatedBytes":0,"heapBudgetAvailable":1,"heapBudgetSampleCurrent":0,"heapBudget":67343462400,"driverHeapUsage":42037288960,"vulkanObjectCount":0,"vulkanObjectAllocationCount":660,"vulkanDeviceMemoryAllocationCount":3,"vulkanDeviceMemoryBytes":0,"cacheBytes":0,"imageByteBudget":268435456,"imageResidentBytes":0,"imageLiveObjectCount":0,"imagePeakResidentBytes":0,"imagePeakLiveObjectCount":516,"textAtlasCount":0,"textAtlasByteBudget":0,"textAtlasResidentBytes":0,"textAtlasLiveObjectCount":0,"textAtlasPeakCount":1,"textAtlasPeakByteBudget":2097152,"textAtlasPeakResidentBytes":262144,"textAtlasPeakLiveObjectCount":5,"textAtlasRecordedUploadBytes":0,"textAtlasEvictionCount":0,"textAtlasRetirementCount":0,"pathAtlasByteBudget":262144,"pathAtlasResidentWords":0,"pathAtlasFreeWords":0,"pathAtlasPathCount":0,"pathAtlasActiveReferenceCount":0,"pathAtlasLiveObjectCount":0,"pathAtlasEvictionCount":0,"pathAtlasRetiredWords":0,"pathAtlasReuseCount":0,"pathAtlasPressureEventCount":0,"pathAtlasPressureFailureCount":0,"clipFrameWrittenBytes":32,"clipFrameSkippedBytes":0,"clipFrameMappedWrites":2,"clipFrameFlushes":2,"clipFrameRetainedReuse":0,"clipFrameSlotIndex":1,"clipFrameDrawCount":2,"clipFrameMaskCount":0,"clipFrameChainCount":1,"clipFrameLayerCount":0,"clipFrameByteCount":16,"clipFrameCapacity":4096,"clipFrameBufferGeneration":1,"clipFrameLastUseSerial":2,"clipFrameRetentionEligible":1,"clipFrameRetained":0,"clipFrameRetentionValid":1,"textFrameWrittenBytes":0,"textFrameSkippedBytes":0,"textFrameDirtySegmentCount":0,"textFrameUploadRangeCount":0,"textFrameFullUploadCount":2,"textFrameMappedWrites":0,"textFrameFlushes":0,"textFrameRetainedReuse":0,"textFrameSlotIndex":1,"textFrameSegmentCount":0,"textFrameRunCount":0,"textFrameRecordCount":0,"textFrameByteCount":0,"textFrameCapacity":128,"textFrameBufferGeneration":1,"textFrameTopologyKey":4563433395159716664,"textFrameLastUseSerial":2,"textFramePrepared":0,"layerPoolByteBudget":536870912,"layerPoolResidentBytes":0,"layerPoolTargetCount":0,"layerPoolLeasedCount":0,"layerPoolCreateCount":0,"layerPoolReuseCount":0,"layerPoolEvictionCount":0,"layerPoolPressureEventCount":0,"layerPoolPressureFailureCount":0,"layerPoolFailureCount":0,"layerPoolPassCount":0,"layerPoolCompositeCount":0,"imageEvictionCount":0,"imageRetirementCount":0,"allocatorBytes":0,"dirtyChunkCount":2,"reusedChunkCount":0,"uploadBytes":0,"drawCount":2,"pipelineChangeCount":2,"descriptorChangeCount":4,"passCount":2,"barrierCount":4,"damageCount":2,"damageArea":672640,"surfaceRecoveryCount":0,"deviceRecoveryCount":0,"validationErrorCount":0,"resultCount":42,"resultFailureCount":0,"traceDropped":0,"resultDropped":0,"validationDropped":0,"validationErrors":0,"fatalCode":0,"fatalValue":0}

(dotnet:3419623): Gtk-WARNING **: 00:58:27.655: gtk_disable_setlocale() must be called before gtk_init()
{"kind":"trace","run":0,"workload":0,"process":0,"window":0,"frame":0,"sample":0,"queue":0,"submission":0,"fence":0,"query":0,"event":401,"category":13,"severity":0,"result":0,"value0":4291056066,"value1":84}
{"kind":"trace","run":0,"workload":0,"process":0,"window":0,"frame":0,"sample":0,"queue":0,"submission":0,"fence":0,"query":0,"event":401,"category":13,"severity":0,"result":0,"value0":4291056066,"value1":84}
{"kind":"trace","run":0,"workload":0,"process":0,"window":0,"frame":0,"sample":0,"queue":0,"submission":0,"fence":0,"query":0,"event":401,"category":12,"severity":0,"result":0,"value0":0,"value1":0}
{"kind":"trace","run":0,"workload":0,"process":0,"window":93906842395056,"frame":0,"sample":0,"queue":0,"submission":0,"fence":0,"query":0,"event":324,"category":11,"severity":0,"result":0,"value0":64,"value1":1000}
{"kind":"trace","run":0,"workload":0,"process":0,"window":93906842395056,"frame":0,"sample":0,"queue":0,"submission":0,"fence":0,"query":0,"event":324,"category":11,"severity":0,"result":0,"value0":1,"value1":0}
{"kind":"trace","run":0,"workload":0,"process":0,"window":0,"frame":0,"sample":0,"queue":0,"submission":0,"fence":0,"query":0,"event":324,"category":12,"severity":0,"result":0,"value0":0,"value1":0}
{"kind":"trace","run":0,"workload":0,"process":0,"window":93906842395056,"frame":0,"sample":0,"queue":93906972940256,"submission":0,"fence":0,"query":0,"event":100,"category":2,"severity":0,"result":0,"value0":0,"value1":0}
{"kind":"trace","run":0,"workload":0,"process":0,"window":0,"frame":0,"sample":0,"queue":93906972940256,"submission":0,"fence":0,"query":0,"event":322,"category":12,"severity":0,"result":0,"value0":0,"value1":0}
{"kind":"trace","run":0,"workload":0,"process":0,"window":0,"frame":0,"sample":0,"queue":93906972940256,"submission":0,"fence":0,"query":0,"event":322,"category":12,"severity":0,"result":0,"value0":0,"value1":0}
{"kind":"trace","run":0,"workload":0,"process":0,"window":0,"frame":0,"sample":0,"queue":93906972940256,"submission":0,"fence":0,"query":0,"event":322,"category":12,"severity":0,"result":0,"value0":0,"value1":0}
{"kind":"trace","run":0,"workload":0,"process":0,"window":93906842395056,"frame":0,"sample":1,"queue":93906972940256,"submission":0,"fence":0,"query":0,"event":310,"category":11,"severity":0,"result":1,"value0":281,"value1":0}
{"kind":"trace","run":0,"workload":0,"process":0,"window":93906842395056,"frame":0,"sample":2,"queue":93906972940256,"submission":0,"fence":0,"query":0,"event":311,"category":11,"severity":0,"result":2,"value0":1523,"value1":0}
{"kind":"trace","run":0,"workload":0,"process":0,"window":93906842395056,"frame":0,"sample":4,"queue":93906972940256,"submission":0,"fence":0,"query":0,"event":311,"category":11,"severity":0,"result":4,"value0":281,"value1":0}
{"kind":"trace","run":0,"workload":0,"process":0,"window":93906842395056,"frame":0,"sample":5,"queue":93906972940256,"submission":0,"fence":0,"query":0,"event":312,"category":11,"severity":0,"result":5,"value0":94539,"value1":2312}
{"kind":"trace","run":0,"workload":0,"process":0,"window":93906842395056,"frame":0,"sample":6,"queue":93906972940256,"submission":0,"fence":0,"query":0,"event":312,"category":11,"severity":0,"result":6,"value0":2495,"value1":352}
{"kind":"trace","run":0,"workload":0,"process":0,"window":93906842395056,"frame":0,"sample":8,"queue":93906972940256,"submission":0,"fence":0,"query":0,"event":312,"category":11,"severity":0,"result":8,"value0":6452,"value1":0}
{"kind":"trace","run":0,"workload":0,"process":0,"window":93906842395056,"frame":0,"sample":7,"queue":93906972940256,"submission":0,"fence":0,"query":0,"event":312,"category":11,"severity":0,"result":7,"value0":85592,"value1":1960}
{"kind":"trace","run":0,"workload":0,"process":0,"window":93906842395056,"frame":0,"sample":9,"queue":93906972940256,"submission":0,"fence":0,"query":0,"event":311,"category":11,"severity":0,"result":9,"value0":371,"value1":0}
{"kind":"trace","run":0,"workload":0,"process":0,"window":93906842395056,"frame":0,"sample":10,"queue":93906972940256,"submission":0,"fence":0,"query":0,"event":313,"category":11,"severity":0,"result":10,"value0":91643,"value1":1808}
{"kind":"trace","run":0,"workload":0,"process":0,"window":93906842395056,"frame":0,"sample":11,"queue":93906972940256,"submission":0,"fence":0,"query":0,"event":311,"category":11,"severity":0,"result":11,"value0":1833,"value1":0}
{"kind":"trace","run":0,"workload":0,"process":0,"window":93906842395056,"frame":0,"sample":11,"queue":93906972940256,"submission":0,"fence":0,"query":0,"event":311,"category":11,"severity":0,"result":11,"value0":180,"value1":0}
{"kind":"trace","run":0,"workload":0,"process":0,"window":93906842395056,"frame":1,"sample":0,"queue":93906972940256,"submission":0,"fence":0,"query":0,"event":300,"category":11,"severity":0,"result":0,"value0":180,"value1":96}
{"kind":"trace","run":0,"workload":0,"process":0,"window":0,"frame":1,"sample":0,"queue":93906972940256,"submission":0,"fence":0,"query":0,"event":322,"category":12,"severity":0,"result":0,"value0":0,"value1":0}
{"kind":"trace","run":0,"workload":0,"process":0,"window":0,"frame":1,"sample":0,"queue":93906972940256,"submission":0,"fence":0,"query":0,"event":322,"category":12,"severity":0,"result":0,"value0":0,"value1":0}
{"kind":"trace","run":0,"workload":0,"process":0,"window":0,"frame":1,"sample":0,"queue":93906972940256,"submission":0,"fence":0,"query":0,"event":122,"category":12,"severity":0,"result":0,"value0":0,"value1":0}
{"kind":"trace","run":0,"workload":0,"process":0,"window":0,"frame":1,"sample":0,"queue":93906972940256,"submission":0,"fence":0,"query":0,"event":317,"category":12,"severity":0,"result":0,"value0":0,"value1":0}
{"kind":"trace","run":0,"workload":0,"process":0,"window":93906842395056,"frame":1,"sample":0,"queue":93906972940256,"submission":0,"fence":0,"query":0,"event":317,"category":11,"severity":0,"result":0,"value0":706826408267932,"value1":706826408287379}
{"kind":"trace","run":0,"workload":0,"process":0,"window":93906842395056,"frame":1,"sample":0,"queue":93906972940256,"submission":1,"fence":0,"query":0,"event":324,"category":11,"severity":0,"result":0,"value0":0,"value1":128}
{"kind":"trace","run":0,"workload":0,"process":0,"window":93906842395056,"frame":1,"sample":0,"queue":93906972940256,"submission":0,"fence":0,"query":0,"event":314,"category":6,"severity":0,"result":0,"value0":2,"value1":2}
{"kind":"trace","run":0,"workload":0,"process":0,"window":93906842395056,"frame":1,"sample":0,"queue":93906972940256,"submission":0,"fence":0,"query":0,"event":314,"category":11,"severity":0,"result":0,"value0":706826408330240,"value1":706826408351510}
{"kind":"trace","run":0,"workload":0,"process":0,"window":93906842395056,"frame":1,"sample":0,"queue":93906972940256,"submission":0,"fence":0,"query":0,"event":315,"category":6,"severity":0,"result":0,"value0":17280,"value1":773094113376}
{"kind":"trace","run":0,"workload":0,"process":0,"window":93906842395056,"frame":1,"sample":0,"queue":93906972940256,"submission":0,"fence":0,"query":0,"event":317,"category":6,"severity":0,"result":0,"value0":1,"value1":2}
{"kind":"trace","run":0,"workload":0,"process":0,"window":93906842395056,"frame":1,"sample":0,"queue":93906972940256,"submission":0,"fence":0,"query":0,"event":317,"category":11,"severity":0,"result":0,"value0":706826408378210,"value1":706826408826656}
{"kind":"trace","run":0,"workload":0,"process":0,"window":0,"frame":1,"sample":0,"queue":93906972940256,"submission":0,"fence":0,"query":0,"event":317,"category":12,"severity":0,"result":0,"value0":0,"value1":0}
{"kind":"trace","run":0,"workload":0,"process":0,"window":93906842395056,"frame":1,"sample":0,"queue":93906972940256,"submission":0,"fence":0,"query":0,"event":317,"category":11,"severity":0,"result":0,"value0":706826408870358,"value1":706826408885166}
{"kind":"trace","run":0,"workload":0,"process":0,"window":0,"frame":1,"sample":0,"queue":93906972940256,"submission":0,"fence":0,"query":0,"event":316,"category":12,"severity":0,"result":0,"value0":0,"value1":0}
{"kind":"trace","run":0,"workload":0,"process":0,"window":0,"frame":1,"sample":0,"queue":93906972940256,"submission":0,"fence":0,"query":0,"event":316,"category":12,"severity":0,"result":0,"value0":0,"value1":0}
{"kind":"trace","run":0,"workload":0,"process":0,"window":0,"frame":1,"sample":0,"queue":93906972940256,"submission":0,"fence":0,"query":0,"event":316,"category":12,"severity":0,"result":0,"value0":0,"value1":0}
{"kind":"trace","run":0,"workload":0,"process":0,"window":0,"frame":1,"sample":0,"queue":93906972940256,"submission":0,"fence":0,"query":0,"event":321,"category":12,"severity":0,"result":0,"value0":0,"value1":0}
{"kind":"trace","run":0,"workload":0,"process":0,"window":93906842395056,"frame":1,"sample":0,"queue":93906972940256,"submission":1,"fence":0,"query":0,"event":321,"category":11,"severity":0,"result":0,"value0":706826408888022,"value1":706826409095543}
{"kind":"trace","run":0,"workload":0,"process":0,"window":0,"frame":1,"sample":0,"queue":93906972940256,"submission":1,"fence":0,"query":0,"event":322,"category":12,"severity":0,"result":0,"value0":0,"value1":0}
{"kind":"trace","run":0,"workload":0,"process":0,"window":0,"frame":1,"sample":0,"queue":93906972940256,"submission":1,"fence":0,"query":0,"event":123,"category":12,"severity":0,"result":0,"value0":0,"value1":0}
{"kind":"trace","run":0,"workload":0,"process":0,"window":93906842395056,"frame":1,"sample":0,"queue":93906972940256,"submission":1,"fence":0,"query":0,"event":123,"category":11,"severity":0,"result":0,"value0":706826409150988,"value1":706826413564272}
{"kind":"trace","run":0,"workload":0,"process":0,"window":93906842395056,"frame":1,"sample":0,"queue":93906972940256,"submission":1,"fence":0,"query":0,"event":301,"category":11,"severity":0,"result":0,"value0":1,"value1":0}
{"kind":"trace","run":0,"workload":0,"process":0,"window":0,"frame":0,"sample":0,"queue":93906972940256,"submission":0,"fence":0,"query":0,"event":322,"category":12,"severity":0,"result":0,"value0":0,"value1":0}
{"kind":"trace","run":0,"workload":0,"process":0,"window":0,"frame":0,"sample":0,"queue":93906972940256,"submission":0,"fence":0,"query":0,"event":322,"category":12,"severity":0,"result":0,"value0":0,"value1":0}
{"kind":"trace","run":0,"workload":0,"process":0,"window":0,"frame":0,"sample":0,"queue":93906972940256,"submission":0,"fence":0,"query":0,"event":322,"category":12,"severity":0,"result":0,"value0":0,"value1":0}
{"kind":"trace","run":0,"workload":0,"process":0,"window":0,"frame":0,"sample":0,"queue":93906972940256,"submission":0,"fence":0,"query":0,"event":322,"category":12,"severity":0,"result":0,"value0":0,"value1":0}
{"kind":"trace","run":0,"workload":0,"process":0,"window":0,"frame":0,"sample":0,"queue":93906972940256,"submission":0,"fence":0,"query":0,"event":322,"category":12,"severity":0,"result":0,"value0":0,"value1":0}
{"kind":"trace","run":0,"workload":0,"process":0,"window":93906842395056,"frame":0,"sample":1,"queue":93906972940256,"submission":0,"fence":0,"query":0,"event":310,"category":11,"severity":0,"result":1,"value0":241,"value1":0}
{"kind":"trace","run":0,"workload":0,"process":0,"window":93906842395056,"frame":0,"sample":2,"queue":93906972940256,"submission":0,"fence":0,"query":0,"event":311,"category":11,"severity":0,"result":2,"value0":2175,"value1":0}
{"kind":"trace","run":0,"workload":0,"process":0,"window":93906842395056,"frame":0,"sample":4,"queue":93906972940256,"submission":0,"fence":0,"query":0,"event":311,"category":11,"severity":0,"result":4,"value0":271,"value1":0}
{"kind":"trace","run":0,"workload":0,"process":0,"window":93906842395056,"frame":0,"sample":9,"queue":93906972940256,"submission":0,"fence":0,"query":0,"event":311,"category":11,"severity":0,"result":9,"value0":962,"value1":0}
{"kind":"trace","run":0,"workload":0,"process":0,"window":93906842395056,"frame":0,"sample":10,"queue":93906972940256,"submission":0,"fence":0,"query":0,"event":313,"category":11,"severity":0,"result":10,"value0":33914,"value1":64}
{"kind":"trace","run":0,"workload":0,"process":0,"window":93906842395056,"frame":0,"sample":11,"queue":93906972940256,"submission":0,"fence":0,"query":0,"event":311,"category":11,"severity":0,"result":11,"value0":3267,"value1":0}
{"kind":"trace","run":0,"workload":0,"process":0,"window":93906842395056,"frame":0,"sample":11,"queue":93906972940256,"submission":0,"fence":0,"query":0,"event":311,"category":11,"severity":0,"result":11,"value0":170,"value1":0}
{"kind":"trace","run":0,"workload":0,"process":0,"window":93906842395056,"frame":2,"sample":0,"queue":93906972940256,"submission":0,"fence":0,"query":0,"event":300,"category":11,"severity":0,"result":0,"value0":1024,"value1":640}
{"kind":"trace","run":0,"workload":0,"process":0,"window":0,"frame":2,"sample":0,"queue":93906972940256,"submission":0,"fence":0,"query":0,"event":322,"category":12,"severity":0,"result":0,"value0":0,"value1":0}
{"kind":"trace","run":0,"workload":0,"process":0,"window":0,"frame":2,"sample":0,"queue":93906972940256,"submission":0,"fence":0,"query":0,"event":322,"category":12,"severity":0,"result":0,"value0":0,"value1":0}
{"kind":"trace","run":0,"workload":0,"process":0,"window":0,"frame":2,"sample":0,"queue":93906972940256,"submission":0,"fence":0,"query":0,"event":122,"category":12,"severity":0,"result":0,"value0":0,"value1":0}
{"kind":"trace","run":0,"workload":0,"process":0,"window":0,"frame":2,"sample":0,"queue":93906972940256,"submission":0,"fence":0,"query":0,"event":317,"category":12,"severity":0,"result":0,"value0":0,"value1":0}
{"kind":"trace","run":0,"workload":0,"process":0,"window":93906842395056,"frame":2,"sample":0,"queue":93906972940256,"submission":0,"fence":0,"query":0,"event":317,"category":11,"severity":0,"result":0,"value0":706826464114255,"value1":706826464118974}
{"kind":"trace","run":0,"workload":0,"process":0,"window":93906842395056,"frame":2,"sample":0,"queue":93906972940256,"submission":1,"fence":0,"query":0,"event":324,"category":11,"severity":0,"result":0,"value0":128,"value1":128}
{"kind":"trace","run":0,"workload":0,"process":0,"window":93906842395056,"frame":2,"sample":0,"queue":93906972940256,"submission":0,"fence":0,"query":0,"event":314,"category":6,"severity":0,"result":0,"value0":2,"value1":4}
{"kind":"trace","run":0,"workload":0,"process":0,"window":93906842395056,"frame":2,"sample":0,"queue":93906972940256,"submission":0,"fence":0,"query":0,"event":314,"category":11,"severity":0,"result":0,"value0":706826464142328,"value1":706826464166594}
{"kind":"trace","run":0,"workload":0,"process":0,"window":93906842395056,"frame":2,"sample":0,"queue":93906972940256,"submission":0,"fence":0,"query":0,"event":315,"category":6,"severity":0,"result":0,"value0":655360,"value1":4398046511744}
{"kind":"trace","run":0,"workload":0,"process":0,"window":93906842395056,"frame":2,"sample":0,"queue":93906972940256,"submission":0,"fence":0,"query":0,"event":317,"category":6,"severity":0,"result":0,"value0":1,"value1":2}
{"kind":"trace","run":0,"workload":0,"process":0,"window":93906842395056,"frame":2,"sample":0,"queue":93906972940256,"submission":0,"fence":0,"query":0,"event":317,"category":11,"severity":0,"result":0,"value0":706826464188715,"value1":706826464431353}
{"kind":"trace","run":0,"workload":0,"process":0,"window":0,"frame":2,"sample":0,"queue":93906972940256,"submission":0,"fence":0,"query":0,"event":317,"category":12,"severity":0,"result":0,"value0":0,"value1":0}
{"kind":"trace","run":0,"workload":0,"process":0,"window":93906842395056,"frame":2,"sample":0,"queue":93906972940256,"submission":0,"fence":0,"query":0,"event":317,"category":11,"severity":0,"result":0,"value0":706826464495905,"value1":706826464513528}
{"kind":"trace","run":0,"workload":0,"process":0,"window":0,"frame":2,"sample":0,"queue":93906972940256,"submission":0,"fence":0,"query":0,"event":316,"category":12,"severity":0,"result":0,"value0":0,"value1":0}
{"kind":"trace","run":0,"workload":0,"process":0,"window":0,"frame":2,"sample":0,"queue":93906972940256,"submission":0,"fence":0,"query":0,"event":316,"category":12,"severity":0,"result":0,"value0":0,"value1":0}
{"kind":"trace","run":0,"workload":0,"process":0,"window":0,"frame":2,"sample":0,"queue":93906972940256,"submission":0,"fence":0,"query":0,"event":316,"category":12,"severity":0,"result":0,"value0":0,"value1":0}
{"kind":"trace","run":0,"workload":0,"process":0,"window":0,"frame":2,"sample":0,"queue":93906972940256,"submission":0,"fence":0,"query":0,"event":321,"category":12,"severity":0,"result":0,"value0":0,"value1":0}
{"kind":"trace","run":0,"workload":0,"process":0,"window":93906842395056,"frame":2,"sample":1,"queue":93906972940256,"submission":0,"fence":0,"query":0,"event":310,"category":11,"severity":0,"result":1,"value0":211,"value1":0}
{"kind":"trace","run":0,"workload":0,"process":0,"window":93906842395056,"frame":2,"sample":2,"queue":93906972940256,"submission":0,"fence":0,"query":0,"event":311,"category":11,"severity":0,"result":2,"value0":551,"value1":0}
{"kind":"trace","run":0,"workload":0,"process":0,"window":93906842395056,"frame":2,"sample":4,"queue":93906972940256,"submission":0,"fence":0,"query":0,"event":311,"category":11,"severity":0,"result":4,"value0":331,"value1":0}
{"kind":"trace","run":0,"workload":0,"process":0,"window":93906842395056,"frame":2,"sample":9,"queue":93906972940256,"submission":0,"fence":0,"query":0,"event":311,"category":11,"severity":0,"result":9,"value0":752,"value1":0}
{"kind":"trace","run":0,"workload":0,"process":0,"window":93906842395056,"frame":2,"sample":11,"queue":93906972940256,"submission":0,"fence":0,"query":0,"event":311,"category":11,"severity":0,"result":11,"value0":180,"value1":0}
{"kind":"trace","run":0,"workload":0,"process":0,"window":93906842395056,"frame":2,"sample":0,"queue":93906972940256,"submission":1,"fence":0,"query":0,"event":321,"category":11,"severity":0,"result":0,"value0":706826464514870,"value1":706826474727022}
{"kind":"trace","run":0,"workload":0,"process":0,"window":0,"frame":2,"sample":0,"queue":93906972940256,"submission":1,"fence":0,"query":0,"event":322,"category":12,"severity":0,"result":0,"value0":0,"value1":0}
{"kind":"trace","run":0,"workload":0,"process":0,"window":93906842395056,"frame":2,"sample":1,"queue":93906972940256,"submission":1,"fence":0,"query":0,"event":310,"category":11,"severity":0,"result":1,"value0":391,"value1":0}
{"kind":"trace","run":0,"workload":0,"process":0,"window":93906842395056,"frame":2,"sample":2,"queue":93906972940256,"submission":1,"fence":0,"query":0,"event":311,"category":11,"severity":0,"result":2,"value0":1784,"value1":0}
{"kind":"trace","run":0,"workload":0,"process":0,"window":93906842395056,"frame":2,"sample":4,"queue":93906972940256,"submission":1,"fence":0,"query":0,"event":311,"category":11,"severity":0,"result":4,"value0":370,"value1":0}
{"kind":"trace","run":0,"workload":0,"process":0,"window":93906842395056,"frame":2,"sample":9,"queue":93906972940256,"submission":1,"fence":0,"query":0,"event":311,"category":11,"severity":0,"result":9,"value0":1012,"value1":0}
{"kind":"trace","run":0,"workload":0,"process":0,"window":93906842395056,"frame":2,"sample":11,"queue":93906972940256,"submission":1,"fence":0,"query":0,"event":311,"category":11,"severity":0,"result":11,"value0":220,"value1":0}
{"kind":"trace","run":0,"workload":0,"process":0,"window":93906842395056,"frame":2,"sample":1,"queue":93906972940256,"submission":1,"fence":0,"query":0,"event":310,"category":11,"severity":0,"result":1,"value0":220,"value1":0}
{"kind":"trace","run":0,"workload":0,"process":0,"window":93906842395056,"frame":2,"sample":2,"queue":93906972940256,"submission":1,"fence":0,"query":0,"event":311,"category":11,"severity":0,"result":2,"value0":511,"value1":0}
{"kind":"trace","run":0,"workload":0,"process":0,"window":93906842395056,"frame":2,"sample":4,"queue":93906972940256,"submission":1,"fence":0,"query":0,"event":311,"category":11,"severity":0,"result":4,"value0":110,"value1":0}
{"kind":"trace","run":0,"workload":0,"process":0,"window":93906842395056,"frame":2,"sample":9,"queue":93906972940256,"submission":1,"fence":0,"query":0,"event":311,"category":11,"severity":0,"result":9,"value0":190,"value1":0}
{"kind":"trace","run":0,"workload":0,"process":0,"window":93906842395056,"frame":2,"sample":11,"queue":93906972940256,"submission":1,"fence":0,"query":0,"event":311,"category":11,"severity":0,"result":11,"value0":180,"value1":0}
{"kind":"trace","run":0,"workload":0,"process":0,"window":0,"frame":2,"sample":0,"queue":93906972940256,"submission":1,"fence":0,"query":0,"event":123,"category":12,"severity":0,"result":0,"value0":0,"value1":0}
{"kind":"trace","run":0,"workload":0,"process":0,"window":93906842395056,"frame":2,"sample":0,"queue":93906972940256,"submission":1,"fence":0,"query":0,"event":123,"category":11,"severity":0,"result":0,"value0":706826474803356,"value1":706826495282522}
{"kind":"trace","run":0,"workload":0,"process":0,"window":93906842395056,"frame":2,"sample":0,"queue":93906972940256,"submission":1,"fence":0,"query":0,"event":301,"category":11,"severity":0,"result":0,"value0":1,"value1":0}
{"kind":"trace","run":0,"workload":0,"process":0,"window":93906842395056,"frame":0,"sample":1,"queue":93906972940256,"submission":0,"fence":0,"query":0,"event":310,"category":11,"severity":0,"result":1,"value0":251,"value1":0}
{"kind":"trace","run":0,"workload":0,"process":0,"window":93906842395056,"frame":0,"sample":2,"queue":93906972940256,"submission":0,"fence":0,"query":0,"event":311,"category":11,"severity":0,"result":2,"value0":1352,"value1":0}
{"kind":"trace","run":0,"workload":0,"process":0,"window":93906842395056,"frame":0,"sample":4,"queue":93906972940256,"submission":0,"fence":0,"query":0,"event":311,"category":11,"severity":0,"result":4,"value0":240,"value1":0}
{"kind":"trace","run":0,"workload":0,"process":0,"window":93906842395056,"frame":0,"sample":9,"queue":93906972940256,"submission":0,"fence":0,"query":0,"event":311,"category":11,"severity":0,"result":9,"value0":782,"value1":0}
{"kind":"trace","run":0,"workload":0,"process":0,"window":93906842395056,"frame":0,"sample":11,"queue":93906972940256,"submission":0,"fence":0,"query":0,"event":311,"category":11,"severity":0,"result":11,"value0":220,"value1":0}
{"kind":"trace","run":0,"workload":0,"process":0,"window":93906842395056,"frame":0,"sample":1,"queue":93906972940256,"submission":0,"fence":0,"query":0,"event":310,"category":11,"severity":0,"result":1,"value0":231,"value1":0}
{"kind":"trace","run":0,"workload":0,"process":0,"window":93906842395056,"frame":0,"sample":2,"queue":93906972940256,"submission":0,"fence":0,"query":0,"event":311,"category":11,"severity":0,"result":2,"value0":1022,"value1":0}
{"kind":"trace","run":0,"workload":0,"process":0,"window":93906842395056,"frame":0,"sample":4,"queue":93906972940256,"submission":0,"fence":0,"query":0,"event":311,"category":11,"severity":0,"result":4,"value0":221,"value1":0}
{"kind":"trace","run":0,"workload":0,"process":0,"window":93906842395056,"frame":0,"sample":9,"queue":93906972940256,"submission":0,"fence":0,"query":0,"event":311,"category":11,"severity":0,"result":9,"value0":721,"value1":0}
{"kind":"trace","run":0,"workload":0,"process":0,"window":93906842395056,"frame":0,"sample":11,"queue":93906972940256,"submission":0,"fence":0,"query":0,"event":311,"category":11,"severity":0,"result":11,"value0":180,"value1":0}
{"kind":"trace","run":0,"workload":0,"process":0,"window":0,"frame":0,"sample":0,"queue":93906972940256,"submission":0,"fence":0,"query":0,"event":322,"category":12,"severity":0,"result":0,"value0":0,"value1":0}
{"kind":"trace","run":0,"workload":0,"process":0,"window":0,"frame":0,"sample":0,"queue":93906972940256,"submission":0,"fence":0,"query":0,"event":322,"category":12,"severity":0,"result":0,"value0":0,"value1":0}
{"kind":"trace","run":0,"workload":0,"process":0,"window":0,"frame":0,"sample":0,"queue":93906972940256,"submission":0,"fence":0,"query":0,"event":322,"category":12,"severity":0,"result":0,"value0":0,"value1":0}
{"kind":"trace","run":0,"workload":0,"process":0,"window":0,"frame":0,"sample":0,"queue":93906972940256,"submission":0,"fence":0,"query":0,"event":322,"category":12,"severity":0,"result":0,"value0":0,"value1":0}
{"kind":"trace","run":0,"workload":0,"process":0,"window":0,"frame":0,"sample":0,"queue":93906972940256,"submission":0,"fence":0,"query":0,"event":322,"category":12,"severity":0,"result":0,"value0":0,"value1":0}
{"kind":"trace","run":0,"workload":0,"process":0,"window":0,"frame":0,"sample":0,"queue":93906972940256,"submission":0,"fence":0,"query":0,"event":322,"category":12,"severity":0,"result":0,"value0":0,"value1":0}
{"kind":"trace","run":0,"workload":0,"process":0,"window":0,"frame":0,"sample":0,"queue":93906972940256,"submission":0,"fence":0,"query":0,"event":322,"category":12,"severity":0,"result":0,"value0":0,"value1":0}
{"kind":"trace","run":0,"workload":0,"process":0,"window":0,"frame":0,"sample":0,"queue":93906972940256,"submission":0,"fence":0,"query":0,"event":322,"category":12,"severity":0,"result":0,"value0":0,"value1":0}
{"kind":"trace","run":0,"workload":0,"process":0,"window":0,"frame":0,"sample":0,"queue":93906972940256,"submission":0,"fence":0,"query":0,"event":322,"category":12,"severity":0,"result":0,"value0":0,"value1":0}
{"kind":"trace","run":0,"workload":0,"process":0,"window":0,"frame":0,"sample":0,"queue":93906972940256,"submission":0,"fence":0,"query":0,"event":322,"category":12,"severity":0,"result":0,"value0":0,"value1":0}
{"kind":"trace","run":0,"workload":0,"process":0,"window":93906842395056,"frame":0,"sample":0,"queue":93906972940256,"submission":0,"fence":0,"query":0,"event":101,"category":2,"severity":0,"result":0,"value0":0,"value1":0}
{"kind":"result","ordinal":0,"event":401,"classification":0,"frame":0,"queue":0,"submission":0,"fence":0,"result":0}
{"kind":"result","ordinal":1,"event":324,"classification":0,"frame":0,"queue":0,"submission":0,"fence":0,"result":0}
{"kind":"result","ordinal":2,"event":322,"classification":0,"frame":0,"queue":93906972940256,"submission":0,"fence":0,"result":0}
{"kind":"result","ordinal":3,"event":322,"classification":0,"frame":0,"queue":93906972940256,"submission":0,"fence":0,"result":0}
{"kind":"result","ordinal":4,"event":322,"classification":0,"frame":0,"queue":93906972940256,"submission":0,"fence":0,"result":0}
{"kind":"result","ordinal":5,"event":322,"classification":0,"frame":1,"queue":93906972940256,"submission":0,"fence":0,"result":0}
{"kind":"result","ordinal":6,"event":322,"classification":0,"frame":1,"queue":93906972940256,"submission":0,"fence":0,"result":0}
{"kind":"result","ordinal":7,"event":122,"classification":0,"frame":1,"queue":93906972940256,"submission":0,"fence":0,"result":0}
{"kind":"result","ordinal":8,"event":317,"classification":0,"frame":1,"queue":93906972940256,"submission":0,"fence":0,"result":0}
{"kind":"result","ordinal":9,"event":317,"classification":0,"frame":1,"queue":93906972940256,"submission":0,"fence":0,"result":0}
{"kind":"result","ordinal":10,"event":316,"classification":0,"frame":1,"queue":93906972940256,"submission":0,"fence":0,"result":0}
{"kind":"result","ordinal":11,"event":316,"classification":0,"frame":1,"queue":93906972940256,"submission":0,"fence":0,"result":0}
{"kind":"result","ordinal":12,"event":316,"classification":0,"frame":1,"queue":93906972940256,"submission":0,"fence":0,"result":0}
{"kind":"result","ordinal":13,"event":321,"classification":0,"frame":1,"queue":93906972940256,"submission":0,"fence":0,"result":0}
{"kind":"result","ordinal":14,"event":322,"classification":0,"frame":1,"queue":93906972940256,"submission":1,"fence":0,"result":0}
{"kind":"result","ordinal":15,"event":123,"classification":0,"frame":1,"queue":93906972940256,"submission":1,"fence":0,"result":0}
{"kind":"result","ordinal":16,"event":322,"classification":0,"frame":0,"queue":93906972940256,"submission":0,"fence":0,"result":0}
{"kind":"result","ordinal":17,"event":322,"classification":0,"frame":0,"queue":93906972940256,"submission":0,"fence":0,"result":0}
{"kind":"result","ordinal":18,"event":322,"classification":0,"frame":0,"queue":93906972940256,"submission":0,"fence":0,"result":0}
{"kind":"result","ordinal":19,"event":322,"classification":0,"frame":0,"queue":93906972940256,"submission":0,"fence":0,"result":0}
{"kind":"result","ordinal":20,"event":322,"classification":0,"frame":0,"queue":93906972940256,"submission":0,"fence":0,"result":0}
{"kind":"result","ordinal":21,"event":322,"classification":0,"frame":2,"queue":93906972940256,"submission":0,"fence":0,"result":0}
{"kind":"result","ordinal":22,"event":322,"classification":0,"frame":2,"queue":93906972940256,"submission":0,"fence":0,"result":0}
{"kind":"result","ordinal":23,"event":122,"classification":0,"frame":2,"queue":93906972940256,"submission":0,"fence":0,"result":0}
{"kind":"result","ordinal":24,"event":317,"classification":0,"frame":2,"queue":93906972940256,"submission":0,"fence":0,"result":0}
{"kind":"result","ordinal":25,"event":317,"classification":0,"frame":2,"queue":93906972940256,"submission":0,"fence":0,"result":0}
{"kind":"result","ordinal":26,"event":316,"classification":0,"frame":2,"queue":93906972940256,"submission":0,"fence":0,"result":0}
{"kind":"result","ordinal":27,"event":316,"classification":0,"frame":2,"queue":93906972940256,"submission":0,"fence":0,"result":0}
{"kind":"result","ordinal":28,"event":316,"classification":0,"frame":2,"queue":93906972940256,"submission":0,"fence":0,"result":0}
{"kind":"result","ordinal":29,"event":321,"classification":0,"frame":2,"queue":93906972940256,"submission":0,"fence":0,"result":0}
{"kind":"result","ordinal":30,"event":322,"classification":0,"frame":2,"queue":93906972940256,"submission":1,"fence":0,"result":0}
{"kind":"result","ordinal":31,"event":123,"classification":0,"frame":2,"queue":93906972940256,"submission":1,"fence":0,"result":0}
{"kind":"result","ordinal":32,"event":322,"classification":0,"frame":0,"queue":93906972940256,"submission":0,"fence":0,"result":0}
{"kind":"result","ordinal":33,"event":322,"classification":0,"frame":0,"queue":93906972940256,"submission":0,"fence":0,"result":0}
{"kind":"result","ordinal":34,"event":322,"classification":0,"frame":0,"queue":93906972940256,"submission":0,"fence":0,"result":0}
{"kind":"result","ordinal":35,"event":322,"classification":0,"frame":0,"queue":93906972940256,"submission":0,"fence":0,"result":0}
{"kind":"result","ordinal":36,"event":322,"classification":0,"frame":0,"queue":93906972940256,"submission":0,"fence":0,"result":0}
{"kind":"result","ordinal":37,"event":322,"classification":0,"frame":0,"queue":93906972940256,"submission":0,"fence":0,"result":0}
{"kind":"result","ordinal":38,"event":322,"classification":0,"frame":0,"queue":93906972940256,"submission":0,"fence":0,"result":0}
{"kind":"result","ordinal":39,"event":322,"classification":0,"frame":0,"queue":93906972940256,"submission":0,"fence":0,"result":0}
{"kind":"result","ordinal":40,"event":322,"classification":0,"frame":0,"queue":93906972940256,"submission":0,"fence":0,"result":0}
{"kind":"result","ordinal":41,"event":322,"classification":0,"frame":0,"queue":93906972940256,"submission":0,"fence":0,"result":0}
{"kind":"validation","severity":256,"types":1,"messageId":0,"messageHash":4291056066,"messageLength":84,"messageTruncated":0,"messageHex":"656e76207661722027564b5f494e5354414e43455f4c41594552532720646566696e656420616e6420616464696e67206c61796572732022564b5f4c415945525f4b48524f4e4f535f76616c69646174696f6e22"}
{"kind":"validation","severity":256,"types":1,"messageId":0,"messageHash":4291056066,"messageLength":84,"messageTruncated":0,"messageHex":"656e76207661722027564b5f494e5354414e43455f4c41594552532720646566696e656420616e6420616464696e67206c61796572732022564b5f4c415945525f4b48524f4e4f535f76616c69646174696f6e22"}
{"kind":"device","instanceApiVersion":4206592,"physicalApiVersion":4211042,"driverVersion":109060097,"vendorId":65541,"deviceId":0,"deviceType":4,"timelineSemaphore":1,"synchronization2":1,"dynamicRendering":1,"debugUtilsAvailable":1,"instanceExtensionCount":6,"deviceExtensionCount":0,"deviceNameHex":"6c6c766d7069706520284c4c564d2032322e312e382c203235362062697473290000000000000000000000000000000000000000000000000000000000000000000000000000000000000000000000000000000000000000000000000000000000000000000000000000000000000000000000000000000000000000000000000000000000000000000000000000000000000000000000000000000000000000000000000000000000000000000000000000000000000000000000000000000000000000000000000000000000000000000000000000000000000000000000000000000000000000000000000000000000000000000000000000000000000000"}
{"kind":"clip_mask_atlas","clipMaskAtlasByteBudget":67108864,"clipMaskAtlasResidentBytes":0,"clipMaskAtlasRegionCount":0,"clipMaskAtlasFreePlacementCount":0,"clipMaskAtlasActiveLayerCount":0,"clipMaskAtlasMaximumLayerCount":0,"clipMaskAtlasRetiredGenerationCount":0,"clipMaskAtlasEvictionCount":0,"clipMaskAtlasPressureEventCount":0,"clipMaskAtlasPressureFailureCount":0}
{"kind":"image_upload","imageUploadChunkCount":0,"imageUploadDeferredCount":0,"imageUploadCompletedCount":0}
{"kind":"counters","rebuildCount":0,"layoutCount":0,"planCompileCount":2,"uploadCount":0,"recordCount":2,"submitCount":2,"presentCount":2,"readbackCount":0,"managedAllocatedBytes":0,"heapBudgetAvailable":1,"heapBudgetSampleCurrent":0,"heapBudget":67343462400,"driverHeapUsage":42042171392,"vulkanObjectCount":0,"vulkanObjectAllocationCount":660,"vulkanDeviceMemoryAllocationCount":3,"vulkanDeviceMemoryBytes":0,"cacheBytes":0,"imageByteBudget":268435456,"imageResidentBytes":0,"imageLiveObjectCount":0,"imagePeakResidentBytes":0,"imagePeakLiveObjectCount":516,"textAtlasCount":0,"textAtlasByteBudget":0,"textAtlasResidentBytes":0,"textAtlasLiveObjectCount":0,"textAtlasPeakCount":1,"textAtlasPeakByteBudget":2097152,"textAtlasPeakResidentBytes":262144,"textAtlasPeakLiveObjectCount":5,"textAtlasRecordedUploadBytes":0,"textAtlasEvictionCount":0,"textAtlasRetirementCount":0,"pathAtlasByteBudget":262144,"pathAtlasResidentWords":0,"pathAtlasFreeWords":0,"pathAtlasPathCount":0,"pathAtlasActiveReferenceCount":0,"pathAtlasLiveObjectCount":0,"pathAtlasEvictionCount":0,"pathAtlasRetiredWords":0,"pathAtlasReuseCount":0,"pathAtlasPressureEventCount":0,"pathAtlasPressureFailureCount":0,"clipFrameWrittenBytes":32,"clipFrameSkippedBytes":0,"clipFrameMappedWrites":2,"clipFrameFlushes":2,"clipFrameRetainedReuse":0,"clipFrameSlotIndex":1,"clipFrameDrawCount":2,"clipFrameMaskCount":0,"clipFrameChainCount":1,"clipFrameLayerCount":0,"clipFrameByteCount":16,"clipFrameCapacity":4096,"clipFrameBufferGeneration":1,"clipFrameLastUseSerial":2,"clipFrameRetentionEligible":1,"clipFrameRetained":0,"clipFrameRetentionValid":1,"textFrameWrittenBytes":0,"textFrameSkippedBytes":0,"textFrameDirtySegmentCount":0,"textFrameUploadRangeCount":0,"textFrameFullUploadCount":2,"textFrameMappedWrites":0,"textFrameFlushes":0,"textFrameRetainedReuse":0,"textFrameSlotIndex":1,"textFrameSegmentCount":0,"textFrameRunCount":0,"textFrameRecordCount":0,"textFrameByteCount":0,"textFrameCapacity":128,"textFrameBufferGeneration":1,"textFrameTopologyKey":4563433395159716664,"textFrameLastUseSerial":2,"textFramePrepared":0,"layerPoolByteBudget":536870912,"layerPoolResidentBytes":0,"layerPoolTargetCount":0,"layerPoolLeasedCount":0,"layerPoolCreateCount":0,"layerPoolReuseCount":0,"layerPoolEvictionCount":0,"layerPoolPressureEventCount":0,"layerPoolPressureFailureCount":0,"layerPoolFailureCount":0,"layerPoolPassCount":0,"layerPoolCompositeCount":0,"imageEvictionCount":0,"imageRetirementCount":0,"allocatorBytes":0,"dirtyChunkCount":2,"reusedChunkCount":0,"uploadBytes":0,"drawCount":2,"pipelineChangeCount":2,"descriptorChangeCount":4,"passCount":2,"barrierCount":4,"damageCount":2,"damageArea":672640,"surfaceRecoveryCount":0,"deviceRecoveryCount":0,"validationErrorCount":0,"resultCount":42,"resultFailureCount":0,"traceDropped":0,"resultDropped":0,"validationDropped":0,"validationErrors":0,"fatalCode":0,"fatalValue":0}
queue-wake-smoke: submit=1 present=1 frame_deadline_independent=1 blocking_wait=1
