System.InvalidOperationException: Vulkan sampled image readback pixels are invalid
   at Goo.VulkanProof.<Program>.Main() in /home/xaz/Projects/goo-gsharp/tests/Goo.VulkanProof/Program.gs:line 3064
Unhandled exception. System.InvalidOperationException: Vulkan sampled image readback pixels are invalid
   at Goo.VulkanProof.<Program>.Main() in /home/xaz/Projects/goo-gsharp/tests/Goo.VulkanProof/Program.gs:line 3495
{"kind":"trace","run":0,"workload":0,"process":0,"window":0,"frame":0,"sample":0,"queue":0,"submission":0,"fence":0,"query":0,"event":10,"category":2,"severity":0,"result":0,"value0":0,"value1":0}
{"kind":"trace","run":0,"workload":0,"process":0,"window":0,"frame":0,"sample":0,"queue":0,"submission":0,"fence":0,"query":0,"event":11,"category":2,"severity":0,"result":0,"value0":0,"value1":0}
{"kind":"trace","run":0,"workload":0,"process":0,"window":0,"frame":0,"sample":0,"queue":0,"submission":0,"fence":0,"query":0,"event":12,"category":2,"severity":0,"result":0,"value0":0,"value1":0}
{"kind":"trace","run":0,"workload":0,"process":0,"window":0,"frame":0,"sample":0,"queue":0,"submission":0,"fence":0,"query":0,"event":13,"category":2,"severity":0,"result":0,"value0":0,"value1":0}
{"kind":"trace","run":0,"workload":0,"process":0,"window":0,"frame":0,"sample":0,"queue":0,"submission":0,"fence":0,"query":0,"event":1,"category":2,"severity":0,"result":0,"value0":0,"value1":0}
{"kind":"trace","run":0,"workload":0,"process":0,"window":0,"frame":0,"sample":0,"queue":0,"submission":0,"fence":0,"query":0,"event":20,"category":2,"severity":0,"result":0,"value0":0,"value1":0}
{"kind":"trace","run":0,"workload":0,"process":0,"window":0,"frame":0,"sample":0,"queue":0,"submission":0,"fence":0,"query":0,"event":21,"category":2,"severity":0,"result":0,"value0":0,"value1":0}
{"kind":"trace","run":0,"workload":0,"process":0,"window":0,"frame":0,"sample":0,"queue":0,"submission":0,"fence":0,"query":0,"event":22,"category":2,"severity":0,"result":0,"value0":0,"value1":0}
{"kind":"trace","run":0,"workload":0,"process":0,"window":0,"frame":0,"sample":0,"queue":0,"submission":0,"fence":0,"query":0,"event":23,"category":2,"severity":0,"result":0,"value0":0,"value1":0}
{"kind":"trace","run":0,"workload":0,"process":0,"window":0,"frame":0,"sample":0,"queue":0,"submission":0,"fence":0,"query":0,"event":24,"category":2,"severity":0,"result":0,"value0":0,"value1":0}
{"kind":"trace","run":0,"workload":0,"process":0,"window":0,"frame":0,"sample":0,"queue":0,"submission":0,"fence":0,"query":0,"event":25,"category":2,"severity":0,"result":0,"value0":0,"value1":0}
{"kind":"trace","run":0,"workload":0,"process":0,"window":0,"frame":0,"sample":0,"queue":0,"submission":0,"fence":0,"query":0,"event":26,"category":2,"severity":0,"result":0,"value0":0,"value1":0}
{"kind":"trace","run":0,"workload":0,"process":0,"window":0,"frame":0,"sample":0,"queue":0,"submission":0,"fence":0,"query":0,"event":27,"category":2,"severity":0,"result":0,"value0":0,"value1":0}
{"kind":"trace","run":0,"workload":0,"process":0,"window":0,"frame":0,"sample":0,"queue":0,"submission":0,"fence":0,"query":0,"event":28,"category":2,"severity":0,"result":0,"value0":0,"value1":0}
{"kind":"trace","run":0,"workload":0,"process":0,"window":0,"frame":0,"sample":0,"queue":0,"submission":0,"fence":0,"query":0,"event":29,"category":2,"severity":0,"result":0,"value0":0,"value1":0}
{"kind":"trace","run":0,"workload":0,"process":0,"window":0,"frame":0,"sample":0,"queue":0,"submission":0,"fence":0,"query":0,"event":30,"category":2,"severity":0,"result":0,"value0":0,"value1":0}
{"kind":"trace","run":0,"workload":0,"process":0,"window":0,"frame":0,"sample":0,"queue":0,"submission":0,"fence":0,"query":0,"event":2,"category":2,"severity":0,"result":0,"value0":0,"value1":0}
{"kind":"trace","run":0,"workload":0,"process":0,"window":0,"frame":0,"sample":0,"queue":0,"submission":0,"fence":0,"query":0,"event":34,"category":2,"severity":0,"result":0,"value0":0,"value1":0}
{"kind":"trace","run":0,"workload":0,"process":0,"window":0,"frame":0,"sample":0,"queue":0,"submission":0,"fence":0,"query":0,"event":35,"category":2,"severity":0,"result":0,"value0":0,"value1":0}
{"kind":"trace","run":0,"workload":0,"process":0,"window":0,"frame":0,"sample":0,"queue":0,"submission":0,"fence":0,"query":0,"event":39,"category":2,"severity":0,"result":0,"value0":0,"value1":0}
{"kind":"trace","run":0,"workload":0,"process":0,"window":0,"frame":0,"sample":0,"queue":0,"submission":0,"fence":0,"query":0,"event":36,"category":2,"severity":0,"result":0,"value0":0,"value1":0}
{"kind":"trace","run":0,"workload":0,"process":0,"window":0,"frame":0,"sample":0,"queue":0,"submission":0,"fence":0,"query":0,"event":37,"category":2,"severity":0,"result":0,"value0":0,"value1":0}
{"kind":"trace","run":0,"workload":0,"process":0,"window":0,"frame":0,"sample":0,"queue":0,"submission":0,"fence":0,"query":0,"event":38,"category":2,"severity":0,"result":0,"value0":0,"value1":0}
{"kind":"trace","run":0,"workload":0,"process":0,"window":0,"frame":0,"sample":0,"queue":0,"submission":0,"fence":0,"query":0,"event":39,"category":2,"severity":0,"result":0,"value0":0,"value1":0}
{"kind":"trace","run":0,"workload":0,"process":0,"window":0,"frame":0,"sample":0,"queue":0,"submission":0,"fence":0,"query":0,"event":40,"category":2,"severity":0,"result":0,"value0":0,"value1":0}
{"kind":"trace","run":0,"workload":0,"process":0,"window":0,"frame":0,"sample":0,"queue":0,"submission":0,"fence":0,"query":0,"event":41,"category":2,"severity":0,"result":0,"value0":0,"value1":0}
{"kind":"trace","run":0,"workload":0,"process":0,"window":0,"frame":0,"sample":0,"queue":0,"submission":0,"fence":0,"query":0,"event":42,"category":2,"severity":0,"result":0,"value0":0,"value1":0}
{"kind":"trace","run":0,"workload":0,"process":0,"window":0,"frame":0,"sample":0,"queue":0,"submission":0,"fence":0,"query":0,"event":56,"category":2,"severity":0,"result":0,"value0":0,"value1":0}
{"kind":"trace","run":0,"workload":0,"process":0,"window":0,"frame":0,"sample":0,"queue":0,"submission":0,"fence":0,"query":0,"event":57,"category":2,"severity":0,"result":0,"value0":0,"value1":0}
{"kind":"trace","run":0,"workload":0,"process":0,"window":0,"frame":0,"sample":0,"queue":0,"submission":0,"fence":0,"query":0,"event":58,"category":2,"severity":0,"result":0,"value0":0,"value1":0}
{"kind":"trace","run":0,"workload":0,"process":0,"window":0,"frame":0,"sample":0,"queue":0,"submission":0,"fence":0,"query":0,"event":59,"category":2,"severity":0,"result":0,"value0":0,"value1":0}
{"kind":"trace","run":0,"workload":0,"process":0,"window":0,"frame":0,"sample":0,"queue":0,"submission":0,"fence":0,"query":0,"event":60,"category":2,"severity":0,"result":0,"value0":0,"value1":0}
{"kind":"trace","run":0,"workload":0,"process":0,"window":0,"frame":0,"sample":0,"queue":0,"submission":0,"fence":0,"query":0,"event":61,"category":2,"severity":0,"result":0,"value0":0,"value1":0}
{"kind":"trace","run":0,"workload":0,"process":0,"window":0,"frame":0,"sample":0,"queue":0,"submission":0,"fence":0,"query":0,"event":62,"category":2,"severity":0,"result":0,"value0":0,"value1":0}
{"kind":"trace","run":0,"workload":0,"process":0,"window":0,"frame":0,"sample":0,"queue":0,"submission":0,"fence":0,"query":0,"event":76,"category":2,"severity":0,"result":0,"value0":0,"value1":0}
{"kind":"trace","run":0,"workload":0,"process":0,"window":0,"frame":0,"sample":0,"queue":0,"submission":0,"fence":0,"query":0,"event":77,"category":2,"severity":0,"result":0,"value0":0,"value1":0}
{"kind":"trace","run":0,"workload":0,"process":0,"window":0,"frame":0,"sample":0,"queue":0,"submission":0,"fence":0,"query":0,"event":78,"category":2,"severity":0,"result":0,"value0":0,"value1":0}
{"kind":"trace","run":0,"workload":0,"process":0,"window":0,"frame":0,"sample":0,"queue":0,"submission":0,"fence":0,"query":0,"event":79,"category":2,"severity":0,"result":0,"value0":0,"value1":0}
{"kind":"trace","run":0,"workload":0,"process":0,"window":0,"frame":0,"sample":0,"queue":0,"submission":0,"fence":0,"query":0,"event":80,"category":2,"severity":0,"result":0,"value0":0,"value1":0}
{"kind":"trace","run":0,"workload":0,"process":0,"window":0,"frame":0,"sample":0,"queue":0,"submission":0,"fence":0,"query":0,"event":81,"category":2,"severity":0,"result":0,"value0":0,"value1":0}
{"kind":"trace","run":0,"workload":0,"process":0,"window":0,"frame":0,"sample":0,"queue":0,"submission":0,"fence":0,"query":0,"event":82,"category":2,"severity":0,"result":0,"value0":0,"value1":0}
{"kind":"trace","run":0,"workload":0,"process":0,"window":0,"frame":0,"sample":0,"queue":0,"submission":0,"fence":0,"query":0,"event":96,"category":2,"severity":0,"result":0,"value0":0,"value1":0}
{"kind":"trace","run":0,"workload":0,"process":0,"window":0,"frame":0,"sample":0,"queue":0,"submission":0,"fence":0,"query":0,"event":97,"category":2,"severity":0,"result":0,"value0":0,"value1":0}
{"kind":"trace","run":0,"workload":0,"process":0,"window":0,"frame":0,"sample":0,"queue":0,"submission":0,"fence":0,"query":0,"event":98,"category":2,"severity":0,"result":0,"value0":0,"value1":0}
{"kind":"trace","run":0,"workload":0,"process":0,"window":0,"frame":0,"sample":0,"queue":0,"submission":0,"fence":0,"query":0,"event":99,"category":2,"severity":0,"result":0,"value0":0,"value1":0}
{"kind":"trace","run":0,"workload":0,"process":0,"window":0,"frame":0,"sample":0,"queue":0,"submission":0,"fence":0,"query":0,"event":100,"category":2,"severity":0,"result":0,"value0":0,"value1":0}
{"kind":"trace","run":0,"workload":0,"process":0,"window":0,"frame":0,"sample":0,"queue":0,"submission":0,"fence":0,"query":0,"event":101,"category":2,"severity":0,"result":0,"value0":0,"value1":0}
{"kind":"trace","run":0,"workload":0,"process":0,"window":0,"frame":0,"sample":0,"queue":0,"submission":0,"fence":0,"query":0,"event":102,"category":2,"severity":0,"result":0,"value0":0,"value1":0}
{"kind":"trace","run":0,"workload":0,"process":0,"window":0,"frame":0,"sample":0,"queue":0,"submission":0,"fence":0,"query":0,"event":116,"category":2,"severity":0,"result":0,"value0":0,"value1":0}
{"kind":"trace","run":0,"workload":0,"process":0,"window":0,"frame":0,"sample":0,"queue":0,"submission":0,"fence":0,"query":0,"event":117,"category":2,"severity":0,"result":0,"value0":0,"value1":0}
{"kind":"trace","run":0,"workload":0,"process":0,"window":0,"frame":0,"sample":0,"queue":0,"submission":0,"fence":0,"query":0,"event":118,"category":2,"severity":0,"result":0,"value0":0,"value1":0}
{"kind":"trace","run":0,"workload":0,"process":0,"window":0,"frame":0,"sample":0,"queue":0,"submission":0,"fence":0,"query":0,"event":119,"category":2,"severity":0,"result":0,"value0":0,"value1":0}
{"kind":"trace","run":0,"workload":0,"process":0,"window":0,"frame":0,"sample":0,"queue":0,"submission":0,"fence":0,"query":0,"event":120,"category":2,"severity":0,"result":0,"value0":0,"value1":0}
{"kind":"trace","run":0,"workload":0,"process":0,"window":0,"frame":0,"sample":0,"queue":0,"submission":0,"fence":0,"query":0,"event":121,"category":2,"severity":0,"result":0,"value0":0,"value1":0}
{"kind":"trace","run":0,"workload":0,"process":0,"window":0,"frame":0,"sample":0,"queue":0,"submission":0,"fence":0,"query":0,"event":122,"category":2,"severity":0,"result":0,"value0":0,"value1":0}
{"kind":"trace","run":0,"workload":0,"process":0,"window":0,"frame":0,"sample":0,"queue":0,"submission":0,"fence":0,"query":0,"event":160,"category":2,"severity":0,"result":0,"value0":0,"value1":0}
{"kind":"trace","run":0,"workload":0,"process":0,"window":0,"frame":0,"sample":0,"queue":0,"submission":0,"fence":0,"query":0,"event":161,"category":2,"severity":0,"result":0,"value0":0,"value1":0}
{"kind":"trace","run":0,"workload":0,"process":0,"window":0,"frame":0,"sample":0,"queue":0,"submission":0,"fence":0,"query":0,"event":3,"category":2,"severity":0,"result":0,"value0":0,"value1":0}
{"kind":"trace","run":0,"workload":0,"process":0,"window":0,"frame":0,"sample":0,"queue":0,"submission":0,"fence":26388279066648,"query":0,"event":4,"category":1,"severity":0,"result":0,"value0":1788602751076366912,"value1":1788602751076374528}
{"kind":"trace","run":0,"workload":0,"process":0,"window":0,"frame":0,"sample":0,"queue":0,"submission":0,"fence":0,"query":0,"event":162,"category":2,"severity":0,"result":0,"value0":0,"value1":0}
{"kind":"trace","run":0,"workload":0,"process":0,"window":0,"frame":0,"sample":0,"queue":0,"submission":0,"fence":0,"query":0,"event":300,"category":3,"severity":0,"result":0,"value0":0,"value1":0}
{"kind":"trace","run":0,"workload":0,"process":0,"window":0,"frame":0,"sample":0,"queue":0,"submission":0,"fence":0,"query":0,"event":301,"category":3,"severity":0,"result":0,"value0":1600752,"value1":1000000000}
{"kind":"trace","run":0,"workload":0,"process":0,"window":0,"frame":0,"sample":0,"queue":0,"submission":0,"fence":0,"query":0,"event":40,"category":2,"severity":0,"result":0,"value0":0,"value1":0}
{"kind":"trace","run":0,"workload":0,"process":0,"window":0,"frame":0,"sample":0,"queue":0,"submission":0,"fence":0,"query":0,"event":41,"category":2,"severity":0,"result":0,"value0":0,"value1":0}
{"kind":"trace","run":0,"workload":0,"process":0,"window":0,"frame":0,"sample":0,"queue":0,"submission":0,"fence":0,"query":0,"event":42,"category":2,"severity":0,"result":0,"value0":0,"value1":0}
{"kind":"trace","run":0,"workload":0,"process":0,"window":0,"frame":0,"sample":0,"queue":0,"submission":0,"fence":0,"query":0,"event":43,"category":2,"severity":0,"result":0,"value0":0,"value1":0}
{"kind":"trace","run":0,"workload":0,"process":0,"window":0,"frame":0,"sample":0,"queue":0,"submission":0,"fence":0,"query":0,"event":44,"category":2,"severity":0,"result":0,"value0":0,"value1":0}
{"kind":"trace","run":0,"workload":0,"process":0,"window":0,"frame":0,"sample":0,"queue":0,"submission":0,"fence":0,"query":0,"event":49,"category":2,"severity":0,"result":0,"value0":0,"value1":0}
{"kind":"trace","run":0,"workload":0,"process":0,"window":0,"frame":0,"sample":0,"queue":0,"submission":0,"fence":0,"query":0,"event":46,"category":2,"severity":0,"result":0,"value0":0,"value1":0}
{"kind":"trace","run":0,"workload":0,"process":0,"window":0,"frame":0,"sample":0,"queue":0,"submission":0,"fence":0,"query":0,"event":47,"category":2,"severity":0,"result":0,"value0":0,"value1":0}
{"kind":"trace","run":0,"workload":0,"process":0,"window":0,"frame":0,"sample":0,"queue":0,"submission":0,"fence":0,"query":0,"event":48,"category":2,"severity":0,"result":0,"value0":0,"value1":0}
{"kind":"trace","run":0,"workload":0,"process":0,"window":0,"frame":0,"sample":0,"queue":0,"submission":0,"fence":0,"query":0,"event":50,"category":2,"severity":0,"result":0,"value0":0,"value1":0}
{"kind":"trace","run":0,"workload":0,"process":0,"window":0,"frame":0,"sample":0,"queue":0,"submission":0,"fence":0,"query":0,"event":51,"category":2,"severity":0,"result":0,"value0":0,"value1":0}
{"kind":"trace","run":0,"workload":0,"process":0,"window":0,"frame":0,"sample":0,"queue":0,"submission":0,"fence":0,"query":0,"event":52,"category":2,"severity":0,"result":0,"value0":0,"value1":0}
{"kind":"trace","run":0,"workload":0,"process":0,"window":0,"frame":0,"sample":0,"queue":0,"submission":0,"fence":0,"query":0,"event":54,"category":2,"severity":0,"result":0,"value0":0,"value1":0}
{"kind":"trace","run":0,"workload":0,"process":0,"window":0,"frame":0,"sample":0,"queue":0,"submission":0,"fence":0,"query":0,"event":302,"category":3,"severity":0,"result":0,"value0":0,"value1":0}
{"kind":"trace","run":0,"workload":0,"process":0,"window":0,"frame":0,"sample":0,"queue":0,"submission":0,"fence":0,"query":0,"event":45,"category":2,"severity":0,"result":0,"value0":0,"value1":0}
{"kind":"trace","run":0,"workload":0,"process":0,"window":0,"frame":0,"sample":0,"queue":0,"submission":0,"fence":0,"query":0,"event":46,"category":2,"severity":0,"result":0,"value0":0,"value1":0}
{"kind":"trace","run":0,"workload":0,"process":0,"window":0,"frame":0,"sample":0,"queue":0,"submission":0,"fence":0,"query":0,"event":47,"category":2,"severity":0,"result":0,"value0":0,"value1":0}
{"kind":"trace","run":0,"workload":0,"process":0,"window":0,"frame":0,"sample":0,"queue":0,"submission":0,"fence":0,"query":0,"event":303,"category":3,"severity":0,"result":0,"value0":3349454,"value1":1000000000}
{"kind":"trace","run":0,"workload":0,"process":0,"window":0,"frame":0,"sample":0,"queue":0,"submission":0,"fence":0,"query":0,"event":48,"category":2,"severity":0,"result":0,"value0":0,"value1":0}
{"kind":"trace","run":0,"workload":0,"process":0,"window":0,"frame":0,"sample":0,"queue":0,"submission":0,"fence":0,"query":0,"event":304,"category":3,"severity":0,"result":0,"value0":60905,"value1":1000000000}
{"kind":"trace","run":0,"workload":0,"process":0,"window":0,"frame":0,"sample":0,"queue":0,"submission":0,"fence":0,"query":0,"event":305,"category":3,"severity":0,"result":0,"value0":10784,"value1":10784}
{"kind":"trace","run":0,"workload":0,"process":0,"window":0,"frame":0,"sample":0,"queue":0,"submission":0,"fence":0,"query":0,"event":65535,"category":2,"severity":0,"result":-1,"value0":0,"value1":0}
{"kind":"validation","severity":256,"types":1,"messageId":0,"messageHash":4291056066,"messageLength":84,"messageTruncated":0,"messageHex":"656e76207661722027564b5f494e5354414e43455f4c41594552532720646566696e656420616e6420616464696e67206c61796572732022564b5f4c415945525f4b48524f4e4f535f76616c69646174696f6e22"}
{"kind":"validation","severity":256,"types":1,"messageId":0,"messageHash":4291056066,"messageLength":84,"messageTruncated":0,"messageHex":"656e76207661722027564b5f494e5354414e43455f4c41594552532720646566696e656420616e6420616464696e67206c61796572732022564b5f4c415945525f4b48524f4e4f535f76616c69646174696f6e22"}
{"kind":"fatal","code":-1,"value":0,"traceAtCapture":83,"validationAtCapture":2,"instanceApiVersion":4211045,"physicalApiVersion":4211029,"driverVersion":2559459584,"vendorId":4318,"deviceId":8726,"deviceType":2,"timelineSemaphore":1,"synchronization2":1,"dynamicRendering":1,"debugUtilsAvailable":1,"instanceExtensionCount":27,"deviceExtensionCount":277,"extensionDropped":0,"window":93995572995376,"surface":2199023255554,"swapchain":4398046511108,"frame":5,"generation":1,"heapBudget":0,"heapAllocated":5242880,"retiredBytes":0,"liveObjects":69,"lastSubmission":3,"lastQueue":93995577423136,"lastFence":26388279066648,"lastResultEvent":48,"lastResult":0,"deviceNameHex":"4e5649444941204765466f7263652052545820333038300000000000000000000000000000000000000000000000000000000000000000000000000000000000000000000000000000000000000000000000000000000000000000000000000000000000000000000000000000000000000000000000000000000000000000000000000000000000000000000000000000000000000000000000000000000000000000000000000000000000000000000000000000000000000000000000000000000000000000000000000000000000000000000000000000000000000000000000000000000000000000000000000000000000000000000000000000000000"}
{"kind":"fatal_extension","scope":1,"hash":823289518,"length":14,"truncated":0,"nameHex":"564b5f4b48525f73757266616365"}
{"kind":"fatal_extension","scope":1,"hash":2199369327,"length":22,"truncated":0,"nameHex":"564b5f4b48525f7761796c616e645f73757266616365"}
{"kind":"fatal_extension","scope":1,"hash":292898217,"length":27,"truncated":0,"nameHex":"564b5f4558545f737572666163655f6d61696e74656e616e636531"}
{"kind":"fatal_extension","scope":1,"hash":757880550,"length":32,"truncated":0,"nameHex":"564b5f4b48525f6765745f737572666163655f6361706162696c697469657332"}
{"kind":"fatal_extension","scope":1,"hash":625305616,"length":18,"truncated":0,"nameHex":"564b5f4558545f64656275675f7574696c73"}
{"kind":"fatal_extension","scope":2,"hash":799755197,"length":16,"truncated":0,"nameHex":"564b5f4b48525f73776170636861696e"}
{"kind":"fatal_extension","scope":2,"hash":2041645568,"length":29,"truncated":0,"nameHex":"564b5f4558545f73776170636861696e5f6d61696e74656e616e636531"}
{"kind":"summary","traceDropped":0,"validationDropped":0,"validationErrors":0,"fatalCode":-1,"fatalValue":0}
