validated 001-r1-container-sparse
validated 002-r1-button-sparse
validated 003-r1-text-sparse
validated 004-r1-text-entry-sparse
validated 005-r1-text-editor-sparse
validated 006-r1-image-sparse
validated 007-r1-shape-sparse
validated 008-r2-text-sparse
validated 009-r2-text-entry-sparse
validated 010-r2-text-editor-sparse
validated 011-r2-image-sparse
validated 012-r2-shape-sparse
validated 013-r2-container-sparse
validated 014-r2-button-sparse
validated 015-r3-text-editor-sparse
validated 016-r3-image-sparse
validated 017-r3-shape-sparse
validated 018-r3-container-sparse
validated 019-r3-button-sparse
validated 020-r3-text-sparse
validated 021-r3-text-entry-sparse
validated 022-r4-shape-sparse
validated 023-r4-container-sparse
validated 024-r4-button-sparse
validated 025-r4-text-sparse
validated 026-r4-text-entry-sparse
validated 027-r4-text-editor-sparse
validated 028-r4-image-sparse
validated 029-r5-button-sparse
validated 030-r5-text-sparse
validated 031-r5-text-entry-sparse
validated 032-r5-text-editor-sparse
validated 033-r5-image-sparse
validated 034-r5-shape-sparse
validated 035-r5-container-sparse
