validated 001-r1-container-unchanged
validated 002-r1-text-unchanged
validated 003-r1-image-unchanged
validated 004-r1-shape-unchanged
validated 005-r1-button-unchanged
validated 006-r1-text-entry-unchanged
validated 007-r1-text-editor-unchanged
validated 008-r1-container-sparse
validated 009-r1-text-sparse
validated 010-r1-image-sparse
validated 011-r1-shape-sparse
validated 012-r1-button-sparse
validated 013-r1-text-entry-sparse
validated 014-r1-text-editor-sparse
validated 015-r1-container-full
validated 016-r1-text-full
validated 017-r1-image-full
validated 018-r1-shape-full
validated 019-r1-button-full
validated 020-r1-text-entry-full
validated 021-r1-text-editor-full
validated 022-r2-image-sparse
validated 023-r2-shape-sparse
validated 024-r2-button-sparse
validated 025-r2-text-entry-sparse
validated 026-r2-text-editor-sparse
validated 027-r2-container-sparse
validated 028-r2-text-sparse
validated 029-r2-image-full
validated 030-r2-shape-full
validated 031-r2-button-full
validated 032-r2-text-entry-full
validated 033-r2-text-editor-full
validated 034-r2-container-full
validated 035-r2-text-full
validated 036-r2-image-unchanged
validated 037-r2-shape-unchanged
validated 038-r2-button-unchanged
validated 039-r2-text-entry-unchanged
validated 040-r2-text-editor-unchanged
validated 041-r2-container-unchanged
validated 042-r2-text-unchanged
validated 043-r3-button-full
validated 044-r3-text-entry-full
validated 045-r3-text-editor-full
validated 046-r3-container-full
validated 047-r3-text-full
validated 048-r3-image-full
validated 049-r3-shape-full
validated 050-r3-button-unchanged
validated 051-r3-text-entry-unchanged
validated 052-r3-text-editor-unchanged
validated 053-r3-container-unchanged
validated 054-r3-text-unchanged
validated 055-r3-image-unchanged
validated 056-r3-shape-unchanged
validated 057-r3-button-sparse
validated 058-r3-text-entry-sparse
validated 059-r3-text-editor-sparse
validated 060-r3-container-sparse
validated 061-r3-text-sparse
validated 062-r3-image-sparse
validated 063-r3-shape-sparse
