validated 001-r1-container-unchanged
validated 002-r1-text-unchanged
validated 003-r1-image-unchanged
validated 004-r1-shape-unchanged
validated 005-r1-button-unchanged
validated 006-r1-text-entry-unchanged
validated 007-r1-text-editor-unchanged
validated 008-r1-container-sparse
validated 009-r1-text-sparse
validated 010-r1-image-sparse
validated 011-r1-shape-sparse
validated 012-r1-button-sparse
validated 013-r1-text-entry-sparse
validated 014-r1-text-editor-sparse
validated 015-r1-container-full
validated 016-r1-text-full
validated 017-r1-image-full
validated 018-r1-shape-full
validated 019-r1-button-full
validated 020-r1-text-entry-full
validated 021-r1-text-editor-full
