Image readback: digest=7118837291919526053 allocated=0
Image E2E: nearestDigest=7118837291919526053 linearDigest=505875462623902649 plateau=true handles=15 residentAllocations=2 residentBytes=5242880 retirement=true handles=15->13 liveAllocations=7->6 preflight=true handles=15->13 liveAllocations=2->1 liveBytes=1536->1024 rehydration=true allocated=0
Vulkan version: 4211045
Physical devices: 2
Queue family: 0
Swapchain images: 3
Persistent 5-frame solid quad/present: true
{"kind":"trace","run":0,"workload":0,"process":0,"window":0,"frame":0,"sample":0,"queue":0,"submission":0,"fence":0,"query":0,"event":10,"category":2,"severity":0,"result":0,"value0":0,"value1":0}
{"kind":"trace","run":0,"workload":0,"process":0,"window":0,"frame":0,"sample":0,"queue":0,"submission":0,"fence":0,"query":0,"event":11,"category":2,"severity":0,"result":0,"value0":0,"value1":0}
{"kind":"trace","run":0,"workload":0,"process":0,"window":0,"frame":0,"sample":0,"queue":0,"submission":0,"fence":0,"query":0,"event":12,"category":2,"severity":0,"result":0,"value0":0,"value1":0}
{"kind":"trace","run":0,"workload":0,"process":0,"window":0,"frame":0,"sample":0,"queue":0,"submission":0,"fence":0,"query":0,"event":13,"category":2,"severity":0,"result":0,"value0":0,"value1":0}
{"kind":"trace","run":0,"workload":0,"process":0,"window":0,"frame":0,"sample":0,"queue":0,"submission":0,"fence":0,"query":0,"event":1,"category":2,"severity":0,"result":0,"value0":0,"value1":0}
{"kind":"trace","run":0,"workload":0,"process":0,"window":0,"frame":0,"sample":0,"queue":0,"submission":0,"fence":0,"query":0,"event":20,"category":2,"severity":0,"result":0,"value0":0,"value1":0}
{"kind":"trace","run":0,"workload":0,"process":0,"window":0,"frame":0,"sample":0,"queue":0,"submission":0,"fence":0,"query":0,"event":21,"category":2,"severity":0,"result":0,"value0":0,"value1":0}
{"kind":"trace","run":0,"workload":0,"process":0,"window":0,"frame":0,"sample":0,"queue":0,"submission":0,"fence":0,"query":0,"event":22,"category":2,"severity":0,"result":0,"value0":0,"value1":0}
{"kind":"trace","run":0,"workload":0,"process":0,"window":0,"frame":0,"sample":0,"queue":0,"submission":0,"fence":0,"query":0,"event":23,"category":2,"severity":0,"result":0,"value0":0,"value1":0}
{"kind":"trace","run":0,"workload":0,"process":0,"window":0,"frame":0,"sample":0,"queue":0,"submission":0,"fence":0,"query":0,"event":24,"category":2,"severity":0,"result":0,"value0":0,"value1":0}
{"kind":"trace","run":0,"workload":0,"process":0,"window":0,"frame":0,"sample":0,"queue":0,"submission":0,"fence":0,"query":0,"event":25,"category":2,"severity":0,"result":0,"value0":0,"value1":0}
{"kind":"trace","run":0,"workload":0,"process":0,"window":0,"frame":0,"sample":0,"queue":0,"submission":0,"fence":0,"query":0,"event":26,"category":2,"severity":0,"result":0,"value0":0,"value1":0}
{"kind":"trace","run":0,"workload":0,"process":0,"window":0,"frame":0,"sample":0,"queue":0,"submission":0,"fence":0,"query":0,"event":27,"category":2,"severity":0,"result":0,"value0":0,"value1":0}
{"kind":"trace","run":0,"workload":0,"process":0,"window":0,"frame":0,"sample":0,"queue":0,"submission":0,"fence":0,"query":0,"event":28,"category":2,"severity":0,"result":0,"value0":0,"value1":0}
{"kind":"trace","run":0,"workload":0,"process":0,"window":0,"frame":0,"sample":0,"queue":0,"submission":0,"fence":0,"query":0,"event":29,"category":2,"severity":0,"result":0,"value0":0,"value1":0}
{"kind":"trace","run":0,"workload":0,"process":0,"window":0,"frame":0,"sample":0,"queue":0,"submission":0,"fence":0,"query":0,"event":30,"category":2,"severity":0,"result":0,"value0":0,"value1":0}
{"kind":"trace","run":0,"workload":0,"process":0,"window":0,"frame":0,"sample":0,"queue":0,"submission":0,"fence":0,"query":0,"event":2,"category":2,"severity":0,"result":0,"value0":0,"value1":0}
{"kind":"trace","run":0,"workload":0,"process":0,"window":0,"frame":0,"sample":0,"queue":0,"submission":0,"fence":0,"query":0,"event":34,"category":2,"severity":0,"result":0,"value0":0,"value1":0}
{"kind":"trace","run":0,"workload":0,"process":0,"window":0,"frame":0,"sample":0,"queue":0,"submission":0,"fence":0,"query":0,"event":35,"category":2,"severity":0,"result":0,"value0":0,"value1":0}
{"kind":"trace","run":0,"workload":0,"process":0,"window":0,"frame":0,"sample":0,"queue":0,"submission":0,"fence":0,"query":0,"event":39,"category":2,"severity":0,"result":0,"value0":0,"value1":0}
{"kind":"trace","run":0,"workload":0,"process":0,"window":0,"frame":0,"sample":0,"queue":0,"submission":0,"fence":0,"query":0,"event":36,"category":2,"severity":0,"result":0,"value0":0,"value1":0}
{"kind":"trace","run":0,"workload":0,"process":0,"window":0,"frame":0,"sample":0,"queue":0,"submission":0,"fence":0,"query":0,"event":37,"category":2,"severity":0,"result":0,"value0":0,"value1":0}
{"kind":"trace","run":0,"workload":0,"process":0,"window":0,"frame":0,"sample":0,"queue":0,"submission":0,"fence":0,"query":0,"event":38,"category":2,"severity":0,"result":0,"value0":0,"value1":0}
{"kind":"trace","run":0,"workload":0,"process":0,"window":0,"frame":0,"sample":0,"queue":0,"submission":0,"fence":0,"query":0,"event":39,"category":2,"severity":0,"result":0,"value0":0,"value1":0}
{"kind":"trace","run":0,"workload":0,"process":0,"window":0,"frame":0,"sample":0,"queue":0,"submission":0,"fence":0,"query":0,"event":40,"category":2,"severity":0,"result":0,"value0":0,"value1":0}
{"kind":"trace","run":0,"workload":0,"process":0,"window":0,"frame":0,"sample":0,"queue":0,"submission":0,"fence":0,"query":0,"event":41,"category":2,"severity":0,"result":0,"value0":0,"value1":0}
{"kind":"trace","run":0,"workload":0,"process":0,"window":0,"frame":0,"sample":0,"queue":0,"submission":0,"fence":0,"query":0,"event":42,"category":2,"severity":0,"result":0,"value0":0,"value1":0}
{"kind":"trace","run":0,"workload":0,"process":0,"window":0,"frame":0,"sample":0,"queue":0,"submission":0,"fence":0,"query":0,"event":56,"category":2,"severity":0,"result":0,"value0":0,"value1":0}
{"kind":"trace","run":0,"workload":0,"process":0,"window":0,"frame":0,"sample":0,"queue":0,"submission":0,"fence":0,"query":0,"event":57,"category":2,"severity":0,"result":0,"value0":0,"value1":0}
{"kind":"trace","run":0,"workload":0,"process":0,"window":0,"frame":0,"sample":0,"queue":0,"submission":0,"fence":0,"query":0,"event":58,"category":2,"severity":0,"result":0,"value0":0,"value1":0}
{"kind":"trace","run":0,"workload":0,"process":0,"window":0,"frame":0,"sample":0,"queue":0,"submission":0,"fence":0,"query":0,"event":59,"category":2,"severity":0,"result":0,"value0":0,"value1":0}
{"kind":"trace","run":0,"workload":0,"process":0,"window":0,"frame":0,"sample":0,"queue":0,"submission":0,"fence":0,"query":0,"event":60,"category":2,"severity":0,"result":0,"value0":0,"value1":0}
{"kind":"trace","run":0,"workload":0,"process":0,"window":0,"frame":0,"sample":0,"queue":0,"submission":0,"fence":0,"query":0,"event":61,"category":2,"severity":0,"result":0,"value0":0,"value1":0}
{"kind":"trace","run":0,"workload":0,"process":0,"window":0,"frame":0,"sample":0,"queue":0,"submission":0,"fence":0,"query":0,"event":62,"category":2,"severity":0,"result":0,"value0":0,"value1":0}
{"kind":"trace","run":0,"workload":0,"process":0,"window":0,"frame":0,"sample":0,"queue":0,"submission":0,"fence":0,"query":0,"event":76,"category":2,"severity":0,"result":0,"value0":0,"value1":0}
{"kind":"trace","run":0,"workload":0,"process":0,"window":0,"frame":0,"sample":0,"queue":0,"submission":0,"fence":0,"query":0,"event":77,"category":2,"severity":0,"result":0,"value0":0,"value1":0}
{"kind":"trace","run":0,"workload":0,"process":0,"window":0,"frame":0,"sample":0,"queue":0,"submission":0,"fence":0,"query":0,"event":78,"category":2,"severity":0,"result":0,"value0":0,"value1":0}
{"kind":"trace","run":0,"workload":0,"process":0,"window":0,"frame":0,"sample":0,"queue":0,"submission":0,"fence":0,"query":0,"event":79,"category":2,"severity":0,"result":0,"value0":0,"value1":0}
{"kind":"trace","run":0,"workload":0,"process":0,"window":0,"frame":0,"sample":0,"queue":0,"submission":0,"fence":0,"query":0,"event":80,"category":2,"severity":0,"result":0,"value0":0,"value1":0}
{"kind":"trace","run":0,"workload":0,"process":0,"window":0,"frame":0,"sample":0,"queue":0,"submission":0,"fence":0,"query":0,"event":81,"category":2,"severity":0,"result":0,"value0":0,"value1":0}
{"kind":"trace","run":0,"workload":0,"process":0,"window":0,"frame":0,"sample":0,"queue":0,"submission":0,"fence":0,"query":0,"event":82,"category":2,"severity":0,"result":0,"value0":0,"value1":0}
{"kind":"trace","run":0,"workload":0,"process":0,"window":0,"frame":0,"sample":0,"queue":0,"submission":0,"fence":0,"query":0,"event":96,"category":2,"severity":0,"result":0,"value0":0,"value1":0}
{"kind":"trace","run":0,"workload":0,"process":0,"window":0,"frame":0,"sample":0,"queue":0,"submission":0,"fence":0,"query":0,"event":97,"category":2,"severity":0,"result":0,"value0":0,"value1":0}
{"kind":"trace","run":0,"workload":0,"process":0,"window":0,"frame":0,"sample":0,"queue":0,"submission":0,"fence":0,"query":0,"event":98,"category":2,"severity":0,"result":0,"value0":0,"value1":0}
{"kind":"trace","run":0,"workload":0,"process":0,"window":0,"frame":0,"sample":0,"queue":0,"submission":0,"fence":0,"query":0,"event":99,"category":2,"severity":0,"result":0,"value0":0,"value1":0}
{"kind":"trace","run":0,"workload":0,"process":0,"window":0,"frame":0,"sample":0,"queue":0,"submission":0,"fence":0,"query":0,"event":100,"category":2,"severity":0,"result":0,"value0":0,"value1":0}
{"kind":"trace","run":0,"workload":0,"process":0,"window":0,"frame":0,"sample":0,"queue":0,"submission":0,"fence":0,"query":0,"event":101,"category":2,"severity":0,"result":0,"value0":0,"value1":0}
{"kind":"trace","run":0,"workload":0,"process":0,"window":0,"frame":0,"sample":0,"queue":0,"submission":0,"fence":0,"query":0,"event":102,"category":2,"severity":0,"result":0,"value0":0,"value1":0}
{"kind":"trace","run":0,"workload":0,"process":0,"window":0,"frame":0,"sample":0,"queue":0,"submission":0,"fence":0,"query":0,"event":116,"category":2,"severity":0,"result":0,"value0":0,"value1":0}
{"kind":"trace","run":0,"workload":0,"process":0,"window":0,"frame":0,"sample":0,"queue":0,"submission":0,"fence":0,"query":0,"event":117,"category":2,"severity":0,"result":0,"value0":0,"value1":0}
{"kind":"trace","run":0,"workload":0,"process":0,"window":0,"frame":0,"sample":0,"queue":0,"submission":0,"fence":0,"query":0,"event":118,"category":2,"severity":0,"result":0,"value0":0,"value1":0}
{"kind":"trace","run":0,"workload":0,"process":0,"window":0,"frame":0,"sample":0,"queue":0,"submission":0,"fence":0,"query":0,"event":119,"category":2,"severity":0,"result":0,"value0":0,"value1":0}
{"kind":"trace","run":0,"workload":0,"process":0,"window":0,"frame":0,"sample":0,"queue":0,"submission":0,"fence":0,"query":0,"event":120,"category":2,"severity":0,"result":0,"value0":0,"value1":0}
{"kind":"trace","run":0,"workload":0,"process":0,"window":0,"frame":0,"sample":0,"queue":0,"submission":0,"fence":0,"query":0,"event":121,"category":2,"severity":0,"result":0,"value0":0,"value1":0}
{"kind":"trace","run":0,"workload":0,"process":0,"window":0,"frame":0,"sample":0,"queue":0,"submission":0,"fence":0,"query":0,"event":122,"category":2,"severity":0,"result":0,"value0":0,"value1":0}
{"kind":"trace","run":0,"workload":0,"process":0,"window":0,"frame":0,"sample":0,"queue":0,"submission":0,"fence":0,"query":0,"event":160,"category":2,"severity":0,"result":0,"value0":0,"value1":0}
{"kind":"trace","run":0,"workload":0,"process":0,"window":0,"frame":0,"sample":0,"queue":0,"submission":0,"fence":0,"query":0,"event":161,"category":2,"severity":0,"result":0,"value0":0,"value1":0}
{"kind":"trace","run":0,"workload":0,"process":0,"window":0,"frame":0,"sample":0,"queue":0,"submission":0,"fence":0,"query":0,"event":3,"category":2,"severity":0,"result":0,"value0":0,"value1":0}
{"kind":"trace","run":0,"workload":0,"process":0,"window":0,"frame":0,"sample":0,"queue":0,"submission":0,"fence":26388279066648,"query":0,"event":4,"category":1,"severity":0,"result":0,"value0":1788627176314054016,"value1":1788627176314061824}
{"kind":"trace","run":0,"workload":0,"process":0,"window":0,"frame":0,"sample":0,"queue":0,"submission":0,"fence":0,"query":0,"event":162,"category":2,"severity":0,"result":0,"value0":0,"value1":0}
{"kind":"trace","run":0,"workload":0,"process":0,"window":0,"frame":0,"sample":0,"queue":0,"submission":0,"fence":0,"query":0,"event":300,"category":3,"severity":0,"result":0,"value0":0,"value1":0}
{"kind":"trace","run":0,"workload":0,"process":0,"window":0,"frame":0,"sample":0,"queue":0,"submission":0,"fence":0,"query":0,"event":301,"category":3,"severity":0,"result":0,"value0":1807178,"value1":1000000000}
{"kind":"trace","run":0,"workload":0,"process":0,"window":0,"frame":0,"sample":0,"queue":0,"submission":0,"fence":0,"query":0,"event":40,"category":2,"severity":0,"result":0,"value0":0,"value1":0}
{"kind":"trace","run":0,"workload":0,"process":0,"window":0,"frame":0,"sample":0,"queue":0,"submission":0,"fence":0,"query":0,"event":41,"category":2,"severity":0,"result":0,"value0":0,"value1":0}
{"kind":"trace","run":0,"workload":0,"process":0,"window":0,"frame":0,"sample":0,"queue":0,"submission":0,"fence":0,"query":0,"event":42,"category":2,"severity":0,"result":0,"value0":0,"value1":0}
{"kind":"trace","run":0,"workload":0,"process":0,"window":0,"frame":0,"sample":0,"queue":0,"submission":0,"fence":0,"query":0,"event":43,"category":2,"severity":0,"result":0,"value0":0,"value1":0}
{"kind":"trace","run":0,"workload":0,"process":0,"window":0,"frame":0,"sample":0,"queue":0,"submission":0,"fence":0,"query":0,"event":44,"category":2,"severity":0,"result":0,"value0":0,"value1":0}
{"kind":"trace","run":0,"workload":0,"process":0,"window":0,"frame":0,"sample":0,"queue":0,"submission":0,"fence":0,"query":0,"event":49,"category":2,"severity":0,"result":0,"value0":0,"value1":0}
{"kind":"trace","run":0,"workload":0,"process":0,"window":0,"frame":0,"sample":0,"queue":0,"submission":0,"fence":0,"query":0,"event":46,"category":2,"severity":0,"result":0,"value0":0,"value1":0}
{"kind":"trace","run":0,"workload":0,"process":0,"window":0,"frame":0,"sample":0,"queue":0,"submission":0,"fence":0,"query":0,"event":47,"category":2,"severity":0,"result":0,"value0":0,"value1":0}
{"kind":"trace","run":0,"workload":0,"process":0,"window":0,"frame":0,"sample":0,"queue":0,"submission":0,"fence":0,"query":0,"event":48,"category":2,"severity":0,"result":0,"value0":0,"value1":0}
{"kind":"trace","run":0,"workload":0,"process":0,"window":0,"frame":0,"sample":0,"queue":0,"submission":0,"fence":0,"query":0,"event":50,"category":2,"severity":0,"result":0,"value0":0,"value1":0}
{"kind":"trace","run":0,"workload":0,"process":0,"window":0,"frame":0,"sample":0,"queue":0,"submission":0,"fence":0,"query":0,"event":51,"category":2,"severity":0,"result":0,"value0":0,"value1":0}
{"kind":"trace","run":0,"workload":0,"process":0,"window":0,"frame":0,"sample":0,"queue":0,"submission":0,"fence":0,"query":0,"event":52,"category":2,"severity":0,"result":0,"value0":0,"value1":0}
{"kind":"trace","run":0,"workload":0,"process":0,"window":0,"frame":0,"sample":0,"queue":0,"submission":0,"fence":0,"query":0,"event":54,"category":2,"severity":0,"result":0,"value0":0,"value1":0}
{"kind":"trace","run":0,"workload":0,"process":0,"window":0,"frame":0,"sample":0,"queue":0,"submission":0,"fence":0,"query":0,"event":302,"category":3,"severity":0,"result":0,"value0":0,"value1":0}
{"kind":"trace","run":0,"workload":0,"process":0,"window":0,"frame":0,"sample":0,"queue":0,"submission":0,"fence":0,"query":0,"event":45,"category":2,"severity":0,"result":0,"value0":0,"value1":0}
{"kind":"trace","run":0,"workload":0,"process":0,"window":0,"frame":0,"sample":0,"queue":0,"submission":0,"fence":0,"query":0,"event":46,"category":2,"severity":0,"result":0,"value0":0,"value1":0}
{"kind":"trace","run":0,"workload":0,"process":0,"window":0,"frame":0,"sample":0,"queue":0,"submission":0,"fence":0,"query":0,"event":47,"category":2,"severity":0,"result":0,"value0":0,"value1":0}
{"kind":"trace","run":0,"workload":0,"process":0,"window":0,"frame":0,"sample":0,"queue":0,"submission":0,"fence":0,"query":0,"event":303,"category":3,"severity":0,"result":0,"value0":4007848,"value1":1000000000}
{"kind":"trace","run":0,"workload":0,"process":0,"window":0,"frame":0,"sample":0,"queue":0,"submission":0,"fence":0,"query":0,"event":48,"category":2,"severity":0,"result":0,"value0":0,"value1":0}
{"kind":"trace","run":0,"workload":0,"process":0,"window":0,"frame":0,"sample":0,"queue":0,"submission":0,"fence":0,"query":0,"event":304,"category":3,"severity":0,"result":0,"value0":65453,"value1":1000000000}
{"kind":"trace","run":0,"workload":0,"process":0,"window":0,"frame":0,"sample":0,"queue":0,"submission":0,"fence":0,"query":0,"event":305,"category":3,"severity":0,"result":0,"value0":10624,"value1":10624}
{"kind":"trace","run":0,"workload":0,"process":0,"window":0,"frame":0,"sample":0,"queue":0,"submission":0,"fence":0,"query":0,"event":354,"category":2,"severity":0,"result":0,"value0":0,"value1":0}
{"kind":"trace","run":0,"workload":0,"process":0,"window":0,"frame":0,"sample":0,"queue":0,"submission":0,"fence":0,"query":0,"event":364,"category":2,"severity":0,"result":0,"value0":0,"value1":0}
{"kind":"trace","run":0,"workload":0,"process":0,"window":0,"frame":0,"sample":0,"queue":0,"submission":0,"fence":0,"query":0,"event":374,"category":2,"severity":0,"result":0,"value0":0,"value1":0}
{"kind":"trace","run":0,"workload":0,"process":0,"window":0,"frame":0,"sample":0,"queue":0,"submission":0,"fence":0,"query":0,"event":384,"category":2,"severity":0,"result":0,"value0":0,"value1":0}
{"kind":"trace","run":0,"workload":0,"process":0,"window":0,"frame":0,"sample":0,"queue":0,"submission":0,"fence":0,"query":0,"event":50,"category":2,"severity":0,"result":0,"value0":0,"value1":0}
{"kind":"trace","run":0,"workload":0,"process":0,"window":0,"frame":0,"sample":0,"queue":0,"submission":0,"fence":0,"query":0,"event":51,"category":2,"severity":0,"result":0,"value0":0,"value1":0}
{"kind":"trace","run":0,"workload":0,"process":0,"window":0,"frame":0,"sample":0,"queue":0,"submission":0,"fence":0,"query":0,"event":52,"category":2,"severity":0,"result":0,"value0":0,"value1":0}
{"kind":"trace","run":0,"workload":0,"process":0,"window":0,"frame":0,"sample":0,"queue":0,"submission":0,"fence":0,"query":0,"event":53,"category":2,"severity":0,"result":0,"value0":0,"value1":0}
{"kind":"trace","run":0,"workload":0,"process":0,"window":0,"frame":0,"sample":0,"queue":0,"submission":0,"fence":0,"query":0,"event":54,"category":2,"severity":0,"result":0,"value0":0,"value1":0}
{"kind":"trace","run":0,"workload":0,"process":0,"window":0,"frame":0,"sample":0,"queue":0,"submission":0,"fence":0,"query":0,"event":55,"category":2,"severity":0,"result":0,"value0":0,"value1":0}
{"kind":"trace","run":0,"workload":0,"process":0,"window":0,"frame":0,"sample":0,"queue":0,"submission":0,"fence":0,"query":0,"event":56,"category":2,"severity":0,"result":0,"value0":0,"value1":0}
{"kind":"trace","run":0,"workload":0,"process":0,"window":0,"frame":0,"sample":0,"queue":0,"submission":0,"fence":0,"query":0,"event":356,"category":2,"severity":0,"result":0,"value0":0,"value1":0}
{"kind":"trace","run":0,"workload":0,"process":0,"window":0,"frame":0,"sample":0,"queue":0,"submission":0,"fence":0,"query":0,"event":366,"category":2,"severity":0,"result":0,"value0":0,"value1":0}
{"kind":"trace","run":0,"workload":0,"process":0,"window":0,"frame":0,"sample":0,"queue":0,"submission":0,"fence":0,"query":0,"event":376,"category":2,"severity":0,"result":0,"value0":0,"value1":0}
{"kind":"trace","run":0,"workload":0,"process":0,"window":0,"frame":0,"sample":0,"queue":0,"submission":0,"fence":0,"query":0,"event":386,"category":2,"severity":0,"result":0,"value0":0,"value1":0}
{"kind":"validation","severity":256,"types":1,"messageId":0,"messageHash":4291056066,"messageLength":84,"messageTruncated":0,"messageHex":"656e76207661722027564b5f494e5354414e43455f4c41594552532720646566696e656420616e6420616464696e67206c61796572732022564b5f4c415945525f4b48524f4e4f535f76616c69646174696f6e22"}
{"kind":"validation","severity":256,"types":1,"messageId":0,"messageHash":4291056066,"messageLength":84,"messageTruncated":0,"messageHex":"656e76207661722027564b5f494e5354414e43455f4c41594552532720646566696e656420616e6420616464696e67206c61796572732022564b5f4c415945525f4b48524f4e4f535f76616c69646174696f6e22"}
{"kind":"summary","traceDropped":0,"validationDropped":0,"validationErrors":0,"fatalCode":0,"fatalValue":0}
