  Determining projects to restore...
  All projects are up-to-date for restore.
  Yoga.Net -> /home/xaz/Projects/goo-gsharp/vendor/Yoga.Net/src/Yoga.Net/bin/AsyncReadbackTestRelease/net10.0/Yoga.Net.dll
/home/xaz/Projects/goo-gsharp/Goo/Rendering/Vulkan/VulkanOffscreenTarget.gs(238,36,238,42): error GS0125: Variable 'serial' doesn't exist. [/home/xaz/Projects/goo-gsharp/Goo/Goo.gsproj]
/home/xaz/Projects/goo-gsharp/Goo/Rendering/Vulkan/VulkanOffscreenTarget.gs(238,46,238,80): error GS0159: Cannot find function ValidateGraphicsSubmission. [/home/xaz/Projects/goo-gsharp/Goo/Goo.gsproj]
/home/xaz/Projects/goo-gsharp/Goo/Rendering/Vulkan/VulkanOffscreenTarget.gs(238,73,238,79): error GS0125: Variable 'serial' doesn't exist. [/home/xaz/Projects/goo-gsharp/Goo/Goo.gsproj]
/home/xaz/Projects/goo-gsharp/Goo/Rendering/Vulkan/VulkanWindowTarget.Core.gs(294,34,294,40): error GS0125: Variable 'serial' doesn't exist. [/home/xaz/Projects/goo-gsharp/Goo/Goo.gsproj]
/home/xaz/Projects/goo-gsharp/Goo/Rendering/Vulkan/VulkanWindowTarget.Core.gs(294,44,294,78): error GS0159: Cannot find function ValidateGraphicsSubmission. [/home/xaz/Projects/goo-gsharp/Goo/Goo.gsproj]
/home/xaz/Projects/goo-gsharp/Goo/Rendering/Vulkan/VulkanWindowTarget.Core.gs(294,71,294,77): error GS0125: Variable 'serial' doesn't exist. [/home/xaz/Projects/goo-gsharp/Goo/Goo.gsproj]
/home/xaz/Projects/goo-gsharp/Goo/Rendering/Vulkan/VulkanWindowTarget.Core.gs(638,13,638,44): error GS0125: Variable 'completedGlobalSubmissionSerial' doesn't exist. [/home/xaz/Projects/goo-gsharp/Goo/Goo.gsproj]
/home/xaz/Projects/goo-gsharp/Goo/Rendering/Vulkan/VulkanWindowTarget.Core.gs(649,13,649,44): error GS0125: Variable 'completedGlobalSubmissionSerial' doesn't exist. [/home/xaz/Projects/goo-gsharp/Goo/Goo.gsproj]
/home/xaz/Projects/goo-gsharp/Goo/Rendering/Vulkan/VulkanWindowTarget.Core.gs(658,13,658,44): error GS0125: Variable 'completedGlobalSubmissionSerial' doesn't exist. [/home/xaz/Projects/goo-gsharp/Goo/Goo.gsproj]

Build FAILED.

/home/xaz/Projects/goo-gsharp/Goo/Rendering/Vulkan/VulkanOffscreenTarget.gs(238,36,238,42): error GS0125: Variable 'serial' doesn't exist. [/home/xaz/Projects/goo-gsharp/Goo/Goo.gsproj]
/home/xaz/Projects/goo-gsharp/Goo/Rendering/Vulkan/VulkanOffscreenTarget.gs(238,46,238,80): error GS0159: Cannot find function ValidateGraphicsSubmission. [/home/xaz/Projects/goo-gsharp/Goo/Goo.gsproj]
/home/xaz/Projects/goo-gsharp/Goo/Rendering/Vulkan/VulkanOffscreenTarget.gs(238,73,238,79): error GS0125: Variable 'serial' doesn't exist. [/home/xaz/Projects/goo-gsharp/Goo/Goo.gsproj]
/home/xaz/Projects/goo-gsharp/Goo/Rendering/Vulkan/VulkanWindowTarget.Core.gs(294,34,294,40): error GS0125: Variable 'serial' doesn't exist. [/home/xaz/Projects/goo-gsharp/Goo/Goo.gsproj]
/home/xaz/Projects/goo-gsharp/Goo/Rendering/Vulkan/VulkanWindowTarget.Core.gs(294,44,294,78): error GS0159: Cannot find function ValidateGraphicsSubmission. [/home/xaz/Projects/goo-gsharp/Goo/Goo.gsproj]
/home/xaz/Projects/goo-gsharp/Goo/Rendering/Vulkan/VulkanWindowTarget.Core.gs(294,71,294,77): error GS0125: Variable 'serial' doesn't exist. [/home/xaz/Projects/goo-gsharp/Goo/Goo.gsproj]
/home/xaz/Projects/goo-gsharp/Goo/Rendering/Vulkan/VulkanWindowTarget.Core.gs(638,13,638,44): error GS0125: Variable 'completedGlobalSubmissionSerial' doesn't exist. [/home/xaz/Projects/goo-gsharp/Goo/Goo.gsproj]
/home/xaz/Projects/goo-gsharp/Goo/Rendering/Vulkan/VulkanWindowTarget.Core.gs(649,13,649,44): error GS0125: Variable 'completedGlobalSubmissionSerial' doesn't exist. [/home/xaz/Projects/goo-gsharp/Goo/Goo.gsproj]
/home/xaz/Projects/goo-gsharp/Goo/Rendering/Vulkan/VulkanWindowTarget.Core.gs(658,13,658,44): error GS0125: Variable 'completedGlobalSubmissionSerial' doesn't exist. [/home/xaz/Projects/goo-gsharp/Goo/Goo.gsproj]
    0 Warning(s)
    9 Error(s)

Time Elapsed 00:00:49.16
