
(dotnet:3310320): Gdk-CRITICAL **: 23:12:16.320: gdk_seat_get_keyboard: assertion 'GDK_IS_SEAT (seat)' failed
Unhandled exception. System.InvalidOperationException: Timeline deferred frame retry did not receive the next serial
   at GooAsyncReadbackSmoke.<Program>.TimelineCompletionRequire(Boolean condition, String message) in /home/xaz/Projects/goo-gsharp/tests/Goo.AsyncReadbackSmoke/TimelineCompletionSmoke.gs:line 29
   at GooAsyncReadbackSmoke.<Program>.RunTimelineCompletionSmoke() in /home/xaz/Projects/goo-gsharp/tests/Goo.AsyncReadbackSmoke/TimelineCompletionSmoke.gs:line 144
   at GooAsyncReadbackSmoke.<Program>.<Main>$(String[] args) in /home/xaz/Projects/goo-gsharp/tests/Goo.AsyncReadbackSmoke/Program.gs:line 3323
.github/scripts/with-headless-wayland.sh: line 31: 3310320 Aborted                    (core dumped) "$@"
Date: 2026-09-04 EDT
[23:12:15.652] weston 15.0.1
               https://wayland.freedesktop.org
               Bug reports to: https://gitlab.freedesktop.org/wayland/weston/issues/
               Build: 15.0.1
[23:12:15.652] Command line: weston --backend=headless-backend.so --renderer=pixman --socket=goo-wayland --idle-time=0
[23:12:15.652] OS: Linux, 7.2.0-1-cachyos, #1 SMP PREEMPT_DYNAMIC Thu, 20 Aug 2026 16:18:38 +0000, x86_64
[23:12:15.652] Flight recorder: enabled, scopes subscribed: log
[23:12:15.652] Using config file '/tmp/goo-weston-qa-config/weston.ini'
[23:12:15.652] Output repaint window is 7 ms maximum.
[23:12:15.653] Loading module '/tmp/goo-weston-runtime/usr/lib/libweston-15/headless-backend.so'
[23:12:15.960] Using Pixman renderer
[23:12:15.960] Registered plugin API 'weston_windowed_output_api_headless_v2' of size 16
[23:12:15.960] Color manager: no-op
                 protocol support: no
[23:12:15.960] Color representation not supported by renderer
[23:12:15.960] Output 'headless' attempts EOTF mode SDR and colorimetry mode default.
[23:12:15.960] Output 'headless' using color profile: stock sRGB color profile
[23:12:15.960] Output 'headless' enabled with head(s) headless
[23:12:15.960] Compositor capabilities:
               arbitrary surface rotation: yes
               screen capture uses y-flip: no
               cursor planes: no
               arbitrary resolutions: no
               view mask clipping: yes
               explicit sync: no
               color operations: no
               color representation: no
               presentation clock: CLOCK_MONOTONIC_RAW, id 4
               presentation clock resolution: 0.000000001 s
[23:12:15.960] Loading module '/tmp/goo-weston-runtime/usr/lib/weston/kiosk-shell.so'
[23:12:18.838] caught signal 15
