  Yoga.Net -> /home/xaz/Projects/goo-gsharp/vendor/Yoga.Net/src/Yoga.Net/bin/Release/net10.0/Yoga.Net.dll
  Determining projects to restore...
  All projects are up-to-date for restore.
  Goo.XmlDocsMerge -> /home/xaz/Projects/goo-gsharp/tools/Goo.XmlDocsMerge/bin/Release/net10.0/Goo.XmlDocsMerge.dll
  Goo -> /home/xaz/Projects/goo-gsharp/Goo/bin/Release/net10.0/Goo.dll
  Determining projects to restore...
  All projects are up-to-date for restore.
  Goo.ShaderEffectTool -> /home/xaz/Projects/goo-gsharp/tools/Goo.ShaderEffectTool/bin/Release/net10.0/Goo.ShaderEffectTool.dll
  Compiled /home/xaz/Projects/goo-gsharp/apps/Goo.Gallery/Shaders/wolfenstein.frag.slang as goo-shader-effect-2
  Compiled /home/xaz/Projects/goo-gsharp/apps/Goo.Gallery/Shaders/chrome_sdf.frag.slang as goo-shader-effect-2
  Compiled /home/xaz/Projects/goo-gsharp/apps/Goo.Gallery/Shaders/corridor.frag.slang as goo-shader-effect-2
  Compiled /home/xaz/Projects/goo-gsharp/apps/Goo.Gallery/Shaders/radial_light.frag.slang as goo-shader-effect-2
  Compiled /home/xaz/Projects/goo-gsharp/apps/Goo.Gallery/Shaders/ripple.frag.slang as goo-shader-effect-2
  Compiled /home/xaz/Projects/goo-gsharp/apps/Goo.Gallery/Shaders/terminal_glass.frag.slang as goo-shader-effect-2
  Compiled /home/xaz/Projects/goo-gsharp/apps/Goo.Gallery/Shaders/liquid_glass.frag.slang as goo-shader-effect-2
  Compiled /home/xaz/Projects/goo-gsharp/apps/Goo.Gallery/Shaders/volumetric.frag.slang as goo-shader-effect-2
  Compiled /home/xaz/Projects/goo-gsharp/apps/Goo.Gallery/Shaders/dither.frag.slang as goo-shader-effect-2
  Compiled /home/xaz/Projects/goo-gsharp/apps/Goo.Gallery/Shaders/aurora.frag.slang as goo-shader-effect-2
  Compiled /home/xaz/Projects/goo-gsharp/apps/Goo.Gallery/Shaders/iridescent_silk.frag.slang as goo-shader-effect-2
  Compiled /home/xaz/Projects/goo-gsharp/apps/Goo.Gallery/Shaders/crt.frag.slang as goo-shader-effect-2
/home/xaz/Projects/goo-gsharp/apps/Goo.Gallery/Views/StateSurfacesChapter.gs(511,3,511,79): error GS0155: Cannot convert type 'bool' to 'Goo.DragEffect'. [/home/xaz/Projects/goo-gsharp/apps/Goo.Gallery/Goo.Gallery.gsproj]
/home/xaz/Projects/goo-gsharp/apps/Goo.Gallery/Views/StateSurfacesChapter.gs(511,23,511,43): error GS0125: Variable 'GallerySurfaceLetter' doesn't exist. [/home/xaz/Projects/goo-gsharp/apps/Goo.Gallery/Goo.Gallery.gsproj]

Build FAILED.

/home/xaz/Projects/goo-gsharp/apps/Goo.Gallery/Views/StateSurfacesChapter.gs(511,3,511,79): error GS0155: Cannot convert type 'bool' to 'Goo.DragEffect'. [/home/xaz/Projects/goo-gsharp/apps/Goo.Gallery/Goo.Gallery.gsproj]
/home/xaz/Projects/goo-gsharp/apps/Goo.Gallery/Views/StateSurfacesChapter.gs(511,23,511,43): error GS0125: Variable 'GallerySurfaceLetter' doesn't exist. [/home/xaz/Projects/goo-gsharp/apps/Goo.Gallery/Goo.Gallery.gsproj]
    0 Warning(s)
    2 Error(s)

Time Elapsed 00:00:10.56
