/home/xaz/Projects/goo-gsharp/Goo/Input/DragDrop.gs(88,52): warning GL0001: file is not canonically formatted (2-space indent, K&R braces); first difference here
/home/xaz/Projects/goo-gsharp/Goo/Input/DragDrop.gs(155,14): warning GL0005: reserve !! for immediate-failure sites
/home/xaz/Projects/goo-gsharp/Goo/Input/DragDrop.gs(156,31): warning GL0005: reserve !! for immediate-failure sites
/home/xaz/Projects/goo-gsharp/Goo/Input/DragDrop.gs(164,14): warning GL0005: reserve !! for immediate-failure sites
/home/xaz/Projects/goo-gsharp/Goo/Input/DragDrop.gs(165,31): warning GL0005: reserve !! for immediate-failure sites
/home/xaz/Projects/goo-gsharp/Goo/Input/DragDrop.gs(183,41): warning GL0005: reserve !! for immediate-failure sites
/home/xaz/Projects/goo-gsharp/Goo/Input/DragDrop.gs(185,18): warning GL0005: reserve !! for immediate-failure sites
/home/xaz/Projects/goo-gsharp/Goo/Input/DragDrop.gs(185,36): warning GL0005: reserve !! for immediate-failure sites
/home/xaz/Projects/goo-gsharp/Goo/Input/PointerInput.DragDrop.gs(27,5): warning GL0001: file is not canonically formatted (2-space indent, K&R braces); first difference here
/home/xaz/Projects/goo-gsharp/Goo/Input/PointerInput.gs(322,15): warning GL0001: file is not canonically formatted (2-space indent, K&R braces); first difference here
/home/xaz/Projects/goo-gsharp/Goo/Input/KeyboardInput.gs(90,3): warning GL0008: prefer an expression body: -> expr
/home/xaz/Projects/goo-gsharp/Goo/Input/KeyboardInput.gs(362,29): warning GL0005: reserve !! for immediate-failure sites
/home/xaz/Projects/goo-gsharp/Goo/Input/KeyboardEvent.gs(94,16): warning GL0005: reserve !! for immediate-failure sites
/home/xaz/Projects/goo-gsharp/Goo/Input/KeyboardEvent.gs(95,40): warning GL0005: reserve !! for immediate-failure sites
/home/xaz/Projects/goo-gsharp/Goo/Input/KeyboardEvent.gs(103,16): warning GL0005: reserve !! for immediate-failure sites
/home/xaz/Projects/goo-gsharp/Goo/Input/KeyboardEvent.gs(104,40): warning GL0005: reserve !! for immediate-failure sites
/home/xaz/Projects/goo-gsharp/Goo/Input/KeyboardEvent.gs(112,16): warning GL0005: reserve !! for immediate-failure sites
/home/xaz/Projects/goo-gsharp/Goo/Input/KeyboardEvent.gs(113,40): warning GL0005: reserve !! for immediate-failure sites
/home/xaz/Projects/goo-gsharp/Goo/Input/KeyboardEvent.gs(121,16): warning GL0005: reserve !! for immediate-failure sites
/home/xaz/Projects/goo-gsharp/Goo/Input/KeyboardEvent.gs(122,40): warning GL0005: reserve !! for immediate-failure sites
/home/xaz/Projects/goo-gsharp/Goo/Input/KeyboardEvent.gs(130,16): warning GL0005: reserve !! for immediate-failure sites
/home/xaz/Projects/goo-gsharp/Goo/Input/KeyboardEvent.gs(131,40): warning GL0005: reserve !! for immediate-failure sites
/home/xaz/Projects/goo-gsharp/Goo/Input/KeyboardEvent.gs(139,16): warning GL0005: reserve !! for immediate-failure sites
/home/xaz/Projects/goo-gsharp/Goo/Input/KeyboardEvent.gs(140,40): warning GL0005: reserve !! for immediate-failure sites
/home/xaz/Projects/goo-gsharp/Goo/Input/KeyboardEvent.gs(165,41): warning GL0005: reserve !! for immediate-failure sites
/home/xaz/Projects/goo-gsharp/Goo/Input/KeyboardEvent.gs(167,18): warning GL0005: reserve !! for immediate-failure sites
/home/xaz/Projects/goo-gsharp/Goo/Input/KeyboardEvent.gs(167,39): warning GL0005: reserve !! for immediate-failure sites
/home/xaz/Projects/goo-gsharp/Goo/Input/KeyboardEvent.gs(168,18): warning GL0005: reserve !! for immediate-failure sites
/home/xaz/Projects/goo-gsharp/Goo/Input/KeyboardEvent.gs(169,18): warning GL0005: reserve !! for immediate-failure sites
/home/xaz/Projects/goo-gsharp/Goo/Input/KeyboardEvent.gs(170,18): warning GL0005: reserve !! for immediate-failure sites
/home/xaz/Projects/goo-gsharp/Goo/Input/KeyboardEvent.gs(171,18): warning GL0005: reserve !! for immediate-failure sites
/home/xaz/Projects/goo-gsharp/Goo/Input/KeyboardEvent.gs(172,18): warning GL0005: reserve !! for immediate-failure sites
/home/xaz/Projects/goo-gsharp/Goo/Input/KeyboardEvent.gs(222,15): warning GL0005: reserve !! for immediate-failure sites
/home/xaz/Projects/goo-gsharp/Goo/Input/TextInputEvent.gs(39,16): warning GL0005: reserve !! for immediate-failure sites
/home/xaz/Projects/goo-gsharp/Goo/Input/TextInputEvent.gs(40,40): warning GL0005: reserve !! for immediate-failure sites
/home/xaz/Projects/goo-gsharp/Goo/Input/TextInputEvent.gs(48,16): warning GL0005: reserve !! for immediate-failure sites
/home/xaz/Projects/goo-gsharp/Goo/Input/TextInputEvent.gs(49,40): warning GL0005: reserve !! for immediate-failure sites
/home/xaz/Projects/goo-gsharp/Goo/Input/TextInputEvent.gs(57,16): warning GL0005: reserve !! for immediate-failure sites
/home/xaz/Projects/goo-gsharp/Goo/Input/TextInputEvent.gs(58,40): warning GL0005: reserve !! for immediate-failure sites
/home/xaz/Projects/goo-gsharp/Goo/Input/TextInputEvent.gs(66,16): warning GL0005: reserve !! for immediate-failure sites
/home/xaz/Projects/goo-gsharp/Goo/Input/TextInputEvent.gs(67,40): warning GL0005: reserve !! for immediate-failure sites
/home/xaz/Projects/goo-gsharp/Goo/Input/TextInputEvent.gs(94,19): warning GL0005: reserve !! for immediate-failure sites
/home/xaz/Projects/goo-gsharp/Goo/Input/TextInputEvent.gs(94,43): warning GL0005: reserve !! for immediate-failure sites
/home/xaz/Projects/goo-gsharp/Goo/Input/TextInputEvent.gs(96,18): warning GL0005: reserve !! for immediate-failure sites
/home/xaz/Projects/goo-gsharp/Goo/Input/TextInputEvent.gs(96,41): warning GL0005: reserve !! for immediate-failure sites
/home/xaz/Projects/goo-gsharp/Goo/Input/TextInputEvent.gs(129,17): warning GL0005: reserve !! for immediate-failure sites
/home/xaz/Projects/goo-gsharp/Goo/Input/TextInputEvent.gs(151,15): warning GL0005: reserve !! for immediate-failure sites
/home/xaz/Projects/goo-gsharp/Goo/Tree/ElementHandle.gs(275,13): warning GL0005: reserve !! for immediate-failure sites
/home/xaz/Projects/goo-gsharp/Goo/Tree/ElementHandle.gs(279,13): warning GL0005: reserve !! for immediate-failure sites
/home/xaz/Projects/goo-gsharp/Goo/Tree/ElementHandle.gs(384,33): warning GL0005: reserve !! for immediate-failure sites
/home/xaz/Projects/goo-gsharp/Goo/Tree/ElementHandle.gs(387,20): warning GL0005: reserve !! for immediate-failure sites
/home/xaz/Projects/goo-gsharp/Goo/Tree/ElementHandle.gs(490,45): warning GL0005: reserve !! for immediate-failure sites
/home/xaz/Projects/goo-gsharp/Goo/Tree/ElementHandle.gs(549,43): warning GL0005: reserve !! for immediate-failure sites
/home/xaz/Projects/goo-gsharp/Goo/Tree/ElementHandle.gs(691,42): warning GL0005: reserve !! for immediate-failure sites
/home/xaz/Projects/goo-gsharp/Goo/Tree/ElementHandle.gs(730,49): warning GL0005: reserve !! for immediate-failure sites
/home/xaz/Projects/goo-gsharp/Goo/Tree/ElementHandle.gs(737,31): warning GL0005: reserve !! for immediate-failure sites
/home/xaz/Projects/goo-gsharp/Goo/Tree/ElementHandle.gs(770,23): warning GL0005: reserve !! for immediate-failure sites
/home/xaz/Projects/goo-gsharp/Goo/Tree/ElementHandle.gs(773,20): warning GL0005: reserve !! for immediate-failure sites
/home/xaz/Projects/goo-gsharp/Goo/Tree/ElementHandle.gs(782,22): warning GL0005: reserve !! for immediate-failure sites
/home/xaz/Projects/goo-gsharp/Goo/Tree/ElementHandle.gs(785,19): warning GL0005: reserve !! for immediate-failure sites
/home/xaz/Projects/goo-gsharp/Goo/Tree/ElementHandle.gs(791,28): warning GL0005: reserve !! for immediate-failure sites
/home/xaz/Projects/goo-gsharp/Goo/Tree/ElementHandle.gs(929,70): warning GL0005: reserve !! for immediate-failure sites
/home/xaz/Projects/goo-gsharp/Goo/Tree/ElementHandle.gs(973,54): warning GL0005: reserve !! for immediate-failure sites
/home/xaz/Projects/goo-gsharp/Goo/Tree/ElementHandle.gs(1038,52): warning GL0005: reserve !! for immediate-failure sites
/home/xaz/Projects/goo-gsharp/Goo/Tree/ElementHandle.gs(1039,50): warning GL0005: reserve !! for immediate-failure sites
/home/xaz/Projects/goo-gsharp/apps/Goo.Gallery/Views/StateSurfacesChapter.gs(546,45): warning GL0001: file is not canonically formatted (2-space indent, K&R braces); first difference here
/home/xaz/Projects/goo-gsharp/tests/Goo.CoreBehaviorTests/Input/DragDropFixtures.gs(27,16): warning GL0001: file is not canonically formatted (2-space indent, K&R braces); first difference here
/home/xaz/Projects/goo-gsharp/tests/Goo.CoreBehaviorTests/Input/DragDropFixtures.gs(304,26): warning GL0005: reserve !! for immediate-failure sites
/home/xaz/Projects/goo-gsharp/tests/Goo.CoreBehaviorTests/Input/DragDropFixtures.gs(421,23): warning GL0005: reserve !! for immediate-failure sites
/home/xaz/Projects/goo-gsharp/tests/Goo.CoreBehaviorTests/Input/DragDropFixtures.gs(435,19): warning GL0005: reserve !! for immediate-failure sites
/home/xaz/Projects/goo-gsharp/tests/Goo.CoreBehaviorTests/Input/DragDropFixtures.gs(436,29): warning GL0005: reserve !! for immediate-failure sites
/home/xaz/Projects/goo-gsharp/tests/Goo.CoreBehaviorTests/Input/DragDropFixtures.gs(437,19): warning GL0005: reserve !! for immediate-failure sites
/home/xaz/Projects/goo-gsharp/tests/Goo.CoreBehaviorTests/Input/DragDropFixtures.gs(438,19): warning GL0005: reserve !! for immediate-failure sites
/home/xaz/Projects/goo-gsharp/tests/Goo.CoreBehaviorTests/Input/DragDropFixtures.gs(527,33): warning GL0005: reserve !! for immediate-failure sites
