
(dotnet:3387086): Gdk-CRITICAL **: 00:23:20.846: gdk_seat_get_keyboard: assertion 'GDK_IS_SEAT (seat)' failed
Unhandled exception. System.InvalidOperationException: Direct initial upload did not publish all records
   at GooAsyncReadbackSmoke.<Program>.Require(Boolean condition, String message) in /home/xaz/Projects/goo-gsharp/tests/Goo.AsyncReadbackSmoke/Program.gs:line 407
   at GooAsyncReadbackSmoke.<Program>.RunDirectPrimitiveUploadSmoke() in /home/xaz/Projects/goo-gsharp/tests/Goo.AsyncReadbackSmoke/DirectPrimitiveUploadSmoke.gs:line 100
   at GooAsyncReadbackSmoke.<Program>.<Main>$(String[] args) in /home/xaz/Projects/goo-gsharp/tests/Goo.AsyncReadbackSmoke/Program.gs:line 3339
.github/scripts/with-headless-wayland.sh: line 31: 3387086 Aborted                    (core dumped) "$@"
Date: 2026-09-05 EDT
[00:23:20.748] weston 15.0.1
               https://wayland.freedesktop.org
               Bug reports to: https://gitlab.freedesktop.org/wayland/weston/issues/
               Build: 15.0.1
[00:23:20.748] Command line: weston --backend=headless-backend.so --renderer=pixman --socket=goo-wayland --idle-time=0
[00:23:20.748] OS: Linux, 7.2.0-1-cachyos, #1 SMP PREEMPT_DYNAMIC Thu, 20 Aug 2026 16:18:38 +0000, x86_64
[00:23:20.748] Flight recorder: enabled, scopes subscribed: log
[00:23:20.748] Using config file '/tmp/goo-weston-qa-config/weston.ini'
[00:23:20.748] Output repaint window is 7 ms maximum.
[00:23:20.748] Loading module '/tmp/goo-weston-runtime/usr/lib/libweston-15/headless-backend.so'
[00:23:20.752] Using Pixman renderer
[00:23:20.752] Registered plugin API 'weston_windowed_output_api_headless_v2' of size 16
[00:23:20.752] Color manager: no-op
                 protocol support: no
[00:23:20.752] Color representation not supported by renderer
[00:23:20.752] Output 'headless' attempts EOTF mode SDR and colorimetry mode default.
[00:23:20.752] Output 'headless' using color profile: stock sRGB color profile
[00:23:20.752] Output 'headless' enabled with head(s) headless
[00:23:20.752] Compositor capabilities:
               arbitrary surface rotation: yes
               screen capture uses y-flip: no
               cursor planes: no
               arbitrary resolutions: no
               view mask clipping: yes
               explicit sync: no
               color operations: no
               color representation: no
               presentation clock: CLOCK_MONOTONIC_RAW, id 4
               presentation clock resolution: 0.000000001 s
[00:23:20.752] Loading module '/tmp/goo-weston-runtime/usr/lib/weston/kiosk-shell.so'
[00:23:23.490] caught signal 15
