/home/xaz/Projects/goo-gsharp/tests/Goo.AsyncReadbackSmoke/WindowReadbackFixture.gs(728,22): info GL0006: public class 'Window' has no leading /// documentation comment
/home/xaz/Projects/goo-gsharp/tests/Goo.AsyncReadbackSmoke/WindowReadbackFixture.gs(1114,24): info GL0005: reserve !! for immediate-failure sites
/home/xaz/Projects/goo-gsharp/tests/Goo.AsyncReadbackSmoke/WindowReadbackFixture.gs(2130,22): info GL0006: public class 'Window' has no leading /// documentation comment
/home/xaz/Projects/goo-gsharp/tests/Goo.AsyncReadbackSmoke/WindowReadbackFixture.gs(2132,24): info GL0005: reserve !! for immediate-failure sites
/home/xaz/Projects/goo-gsharp/tests/Goo.AsyncReadbackSmoke/WindowReadbackFixture.gs(2134,26): info GL0005: reserve !! for immediate-failure sites
/home/xaz/Projects/goo-gsharp/tests/Goo.AsyncReadbackSmoke/WindowReadbackFixture.gs(2137,24): info GL0005: reserve !! for immediate-failure sites
/home/xaz/Projects/goo-gsharp/tests/Goo.AsyncReadbackSmoke/WindowReadbackFixture.gs(2139,24): info GL0005: reserve !! for immediate-failure sites
/home/xaz/Projects/goo-gsharp/tests/Goo.AsyncReadbackSmoke/WindowReadbackFixture.gs(2141,24): info GL0005: reserve !! for immediate-failure sites
/home/xaz/Projects/goo-gsharp/tests/Goo.AsyncReadbackSmoke/WindowReadbackFixture.gs(2143,24): info GL0005: reserve !! for immediate-failure sites
/home/xaz/Projects/goo-gsharp/tests/Goo.AsyncReadbackSmoke/WindowReadbackFixture.gs(2146,24): info GL0005: reserve !! for immediate-failure sites
/home/xaz/Projects/goo-gsharp/tests/Goo.AsyncReadbackSmoke/WindowReadbackFixture.gs(2148,24): info GL0005: reserve !! for immediate-failure sites
/home/xaz/Projects/goo-gsharp/tests/Goo.AsyncReadbackSmoke/WindowReadbackFixture.gs(2150,24): info GL0005: reserve !! for immediate-failure sites
/home/xaz/Projects/goo-gsharp/tests/Goo.AsyncReadbackSmoke/WindowReadbackFixture.gs(2153,24): info GL0005: reserve !! for immediate-failure sites
/home/xaz/Projects/goo-gsharp/tests/Goo.AsyncReadbackSmoke/WindowReadbackFixture.gs(2155,24): info GL0005: reserve !! for immediate-failure sites
/home/xaz/Projects/goo-gsharp/tests/Goo.AsyncReadbackSmoke/Program.gs(227,15): info GL0006: public func 'Update' has no leading /// documentation comment
/home/xaz/Projects/goo-gsharp/tests/Goo.AsyncReadbackSmoke/Program.gs(473,36): info GL0005: reserve !! for immediate-failure sites
/home/xaz/Projects/goo-gsharp/tests/Goo.AsyncReadbackSmoke/Program.gs(1455,44): info GL0005: reserve !! for immediate-failure sites
/home/xaz/Projects/goo-gsharp/tests/Goo.AsyncReadbackSmoke/Program.gs(1455,68): info GL0005: reserve !! for immediate-failure sites
/home/xaz/Projects/goo-gsharp/tests/Goo.AsyncReadbackSmoke/Program.gs(1457,44): info GL0005: reserve !! for immediate-failure sites
/home/xaz/Projects/goo-gsharp/tests/Goo.AsyncReadbackSmoke/Program.gs(1457,68): info GL0005: reserve !! for immediate-failure sites
/home/xaz/Projects/goo-gsharp/tests/Goo.AsyncReadbackSmoke/Program.gs(1459,44): info GL0005: reserve !! for immediate-failure sites
/home/xaz/Projects/goo-gsharp/tests/Goo.AsyncReadbackSmoke/Program.gs(1459,68): info GL0005: reserve !! for immediate-failure sites
/home/xaz/Projects/goo-gsharp/tests/Goo.AsyncReadbackSmoke/Program.gs(1461,44): info GL0005: reserve !! for immediate-failure sites
/home/xaz/Projects/goo-gsharp/tests/Goo.AsyncReadbackSmoke/Program.gs(1461,68): info GL0005: reserve !! for immediate-failure sites
/home/xaz/Projects/goo-gsharp/tests/Goo.AsyncReadbackSmoke/Program.gs(1463,44): info GL0005: reserve !! for immediate-failure sites
/home/xaz/Projects/goo-gsharp/tests/Goo.AsyncReadbackSmoke/Program.gs(1463,68): info GL0005: reserve !! for immediate-failure sites
/home/xaz/Projects/goo-gsharp/tests/Goo.AsyncReadbackSmoke/Program.gs(1465,44): info GL0005: reserve !! for immediate-failure sites
/home/xaz/Projects/goo-gsharp/tests/Goo.AsyncReadbackSmoke/Program.gs(1465,68): info GL0005: reserve !! for immediate-failure sites
/home/xaz/Projects/goo-gsharp/tests/Goo.AsyncReadbackSmoke/Program.gs(1670,44): info GL0005: reserve !! for immediate-failure sites
/home/xaz/Projects/goo-gsharp/tests/Goo.AsyncReadbackSmoke/Program.gs(1670,68): info GL0005: reserve !! for immediate-failure sites
/home/xaz/Projects/goo-gsharp/tests/Goo.AsyncReadbackSmoke/Program.gs(1672,47): info GL0005: reserve !! for immediate-failure sites
/home/xaz/Projects/goo-gsharp/tests/Goo.AsyncReadbackSmoke/Program.gs(1672,71): info GL0005: reserve !! for immediate-failure sites
/home/xaz/Projects/goo-gsharp/tests/Goo.AsyncReadbackSmoke/Program.gs(1673,20): info GL0005: reserve !! for immediate-failure sites
/home/xaz/Projects/goo-gsharp/tests/Goo.AsyncReadbackSmoke/Program.gs(1673,43): info GL0005: reserve !! for immediate-failure sites
/home/xaz/Projects/goo-gsharp/tests/Goo.AsyncReadbackSmoke/Program.gs(1747,43): info GL0005: reserve !! for immediate-failure sites
/home/xaz/Projects/goo-gsharp/tests/Goo.AsyncReadbackSmoke/Program.gs(1747,66): info GL0005: reserve !! for immediate-failure sites
/home/xaz/Projects/goo-gsharp/tests/Goo.AsyncReadbackSmoke/Program.gs(1749,43): info GL0005: reserve !! for immediate-failure sites
/home/xaz/Projects/goo-gsharp/tests/Goo.AsyncReadbackSmoke/Program.gs(1749,66): info GL0005: reserve !! for immediate-failure sites
/home/xaz/Projects/goo-gsharp/tests/Goo.AsyncReadbackSmoke/Program.gs(1751,47): info GL0005: reserve !! for immediate-failure sites
/home/xaz/Projects/goo-gsharp/tests/Goo.AsyncReadbackSmoke/Program.gs(1751,70): info GL0005: reserve !! for immediate-failure sites
/home/xaz/Projects/goo-gsharp/tests/Goo.AsyncReadbackSmoke/Program.gs(1752,19): info GL0005: reserve !! for immediate-failure sites
/home/xaz/Projects/goo-gsharp/tests/Goo.AsyncReadbackSmoke/Program.gs(1752,41): info GL0005: reserve !! for immediate-failure sites
/home/xaz/Projects/goo-gsharp/tests/Goo.AsyncReadbackSmoke/Program.gs(1872,48): info GL0005: reserve !! for immediate-failure sites
/home/xaz/Projects/goo-gsharp/tests/Goo.AsyncReadbackSmoke/Program.gs(1872,76): info GL0005: reserve !! for immediate-failure sites
/home/xaz/Projects/goo-gsharp/tests/Goo.AsyncReadbackSmoke/Program.gs(1914,51): info GL0005: reserve !! for immediate-failure sites
/home/xaz/Projects/goo-gsharp/tests/Goo.AsyncReadbackSmoke/Program.gs(1914,82): info GL0005: reserve !! for immediate-failure sites
/home/xaz/Projects/goo-gsharp/tests/Goo.AsyncReadbackSmoke/Program.gs(2064,51): info GL0005: reserve !! for immediate-failure sites
/home/xaz/Projects/goo-gsharp/tests/Goo.AsyncReadbackSmoke/Program.gs(2064,82): info GL0005: reserve !! for immediate-failure sites
/home/xaz/Projects/goo-gsharp/tests/Goo.AsyncReadbackSmoke/Program.gs(2066,51): info GL0005: reserve !! for immediate-failure sites
/home/xaz/Projects/goo-gsharp/tests/Goo.AsyncReadbackSmoke/Program.gs(2066,82): info GL0005: reserve !! for immediate-failure sites
/home/xaz/Projects/goo-gsharp/tests/Goo.AsyncReadbackSmoke/Program.gs(2068,51): info GL0005: reserve !! for immediate-failure sites
/home/xaz/Projects/goo-gsharp/tests/Goo.AsyncReadbackSmoke/Program.gs(2068,82): info GL0005: reserve !! for immediate-failure sites
/home/xaz/Projects/goo-gsharp/tests/Goo.AsyncReadbackSmoke/Program.gs(2070,51): info GL0005: reserve !! for immediate-failure sites
/home/xaz/Projects/goo-gsharp/tests/Goo.AsyncReadbackSmoke/Program.gs(2070,82): info GL0005: reserve !! for immediate-failure sites
/home/xaz/Projects/goo-gsharp/tests/Goo.AsyncReadbackSmoke/Program.gs(2072,54): info GL0005: reserve !! for immediate-failure sites
/home/xaz/Projects/goo-gsharp/tests/Goo.AsyncReadbackSmoke/Program.gs(2073,27): info GL0005: reserve !! for immediate-failure sites
/home/xaz/Projects/goo-gsharp/tests/Goo.AsyncReadbackSmoke/Program.gs(2073,58): info GL0005: reserve !! for immediate-failure sites
/home/xaz/Projects/goo-gsharp/tests/Goo.AsyncReadbackSmoke/Program.gs(2074,27): info GL0005: reserve !! for immediate-failure sites
/home/xaz/Projects/goo-gsharp/tests/Goo.AsyncReadbackSmoke/Program.gs(2167,51): info GL0005: reserve !! for immediate-failure sites
/home/xaz/Projects/goo-gsharp/tests/Goo.AsyncReadbackSmoke/Program.gs(2167,82): info GL0005: reserve !! for immediate-failure sites
/home/xaz/Projects/goo-gsharp/tests/Goo.AsyncReadbackSmoke/Program.gs(2169,51): info GL0005: reserve !! for immediate-failure sites
/home/xaz/Projects/goo-gsharp/tests/Goo.AsyncReadbackSmoke/Program.gs(2169,82): info GL0005: reserve !! for immediate-failure sites
/home/xaz/Projects/goo-gsharp/tests/Goo.AsyncReadbackSmoke/Program.gs(2171,51): info GL0005: reserve !! for immediate-failure sites
/home/xaz/Projects/goo-gsharp/tests/Goo.AsyncReadbackSmoke/Program.gs(2171,82): info GL0005: reserve !! for immediate-failure sites
/home/xaz/Projects/goo-gsharp/tests/Goo.AsyncReadbackSmoke/Program.gs(2173,51): info GL0005: reserve !! for immediate-failure sites
/home/xaz/Projects/goo-gsharp/tests/Goo.AsyncReadbackSmoke/Program.gs(2173,82): info GL0005: reserve !! for immediate-failure sites
/home/xaz/Projects/goo-gsharp/tests/Goo.AsyncReadbackSmoke/Program.gs(2175,51): info GL0005: reserve !! for immediate-failure sites
/home/xaz/Projects/goo-gsharp/tests/Goo.AsyncReadbackSmoke/Program.gs(2175,82): info GL0005: reserve !! for immediate-failure sites
/home/xaz/Projects/goo-gsharp/tests/Goo.AsyncReadbackSmoke/Program.gs(2409,38): info GL0005: reserve !! for immediate-failure sites
/home/xaz/Projects/goo-gsharp/tests/Goo.AsyncReadbackSmoke/Program.gs(2410,59): info GL0005: reserve !! for immediate-failure sites
/home/xaz/Projects/goo-gsharp/tests/Goo.AsyncReadbackSmoke/Program.gs(2412,59): info GL0005: reserve !! for immediate-failure sites
/home/xaz/Projects/goo-gsharp/tests/Goo.AsyncReadbackSmoke/Program.gs(2414,59): info GL0005: reserve !! for immediate-failure sites
/home/xaz/Projects/goo-gsharp/tests/Goo.AsyncReadbackSmoke/Program.gs(2416,59): info GL0005: reserve !! for immediate-failure sites
/home/xaz/Projects/goo-gsharp/tests/Goo.AsyncReadbackSmoke/Program.gs(2418,59): info GL0005: reserve !! for immediate-failure sites
/home/xaz/Projects/goo-gsharp/tests/Goo.AsyncReadbackSmoke/Program.gs(2420,59): info GL0005: reserve !! for immediate-failure sites
/home/xaz/Projects/goo-gsharp/tests/Goo.AsyncReadbackSmoke/Program.gs(2422,59): info GL0005: reserve !! for immediate-failure sites
/home/xaz/Projects/goo-gsharp/tests/Goo.AsyncReadbackSmoke/Program.gs(2424,63): info GL0005: reserve !! for immediate-failure sites
/home/xaz/Projects/goo-gsharp/tests/Goo.AsyncReadbackSmoke/Program.gs(2426,63): info GL0005: reserve !! for immediate-failure sites
/home/xaz/Projects/goo-gsharp/tests/Goo.AsyncReadbackSmoke/Program.gs(2428,59): info GL0005: reserve !! for immediate-failure sites
/home/xaz/Projects/goo-gsharp/tests/Goo.AsyncReadbackSmoke/Program.gs(2430,59): info GL0005: reserve !! for immediate-failure sites
/home/xaz/Projects/goo-gsharp/tests/Goo.AsyncReadbackSmoke/Program.gs(2432,59): info GL0005: reserve !! for immediate-failure sites
/home/xaz/Projects/goo-gsharp/tests/Goo.AsyncReadbackSmoke/Program.gs(2434,59): info GL0005: reserve !! for immediate-failure sites
/home/xaz/Projects/goo-gsharp/tests/Goo.AsyncReadbackSmoke/Program.gs(2436,59): info GL0005: reserve !! for immediate-failure sites
/home/xaz/Projects/goo-gsharp/tests/Goo.AsyncReadbackSmoke/Program.gs(2438,59): info GL0005: reserve !! for immediate-failure sites
/home/xaz/Projects/goo-gsharp/tests/Goo.AsyncReadbackSmoke/Program.gs(2440,59): info GL0005: reserve !! for immediate-failure sites
/home/xaz/Projects/goo-gsharp/tests/Goo.AsyncReadbackSmoke/Program.gs(2442,59): info GL0005: reserve !! for immediate-failure sites
/home/xaz/Projects/goo-gsharp/tests/Goo.AsyncReadbackSmoke/Program.gs(2444,59): info GL0005: reserve !! for immediate-failure sites
/home/xaz/Projects/goo-gsharp/tests/Goo.AsyncReadbackSmoke/Program.gs(2446,59): info GL0005: reserve !! for immediate-failure sites
/home/xaz/Projects/goo-gsharp/tests/Goo.AsyncReadbackSmoke/Program.gs(2448,59): info GL0005: reserve !! for immediate-failure sites
/home/xaz/Projects/goo-gsharp/tests/Goo.AsyncReadbackSmoke/Program.gs(2450,59): info GL0005: reserve !! for immediate-failure sites
/home/xaz/Projects/goo-gsharp/tests/Goo.AsyncReadbackSmoke/Program.gs(2452,59): info GL0005: reserve !! for immediate-failure sites
/home/xaz/Projects/goo-gsharp/tests/Goo.AsyncReadbackSmoke/Program.gs(2454,57): info GL0005: reserve !! for immediate-failure sites
/home/xaz/Projects/goo-gsharp/tests/Goo.AsyncReadbackSmoke/Program.gs(2464,40): info GL0005: reserve !! for immediate-failure sites
/home/xaz/Projects/goo-gsharp/tests/Goo.AsyncReadbackSmoke/Program.gs(2465,66): info GL0005: reserve !! for immediate-failure sites
/home/xaz/Projects/goo-gsharp/tests/Goo.AsyncReadbackSmoke/Program.gs(2467,61): info GL0005: reserve !! for immediate-failure sites
/home/xaz/Projects/goo-gsharp/tests/Goo.AsyncReadbackSmoke/Program.gs(2473,57): info GL0005: reserve !! for immediate-failure sites
/home/xaz/Projects/goo-gsharp/tests/Goo.AsyncReadbackSmoke/Program.gs(2568,38): info GL0005: reserve !! for immediate-failure sites
/home/xaz/Projects/goo-gsharp/tests/Goo.AsyncReadbackSmoke/Program.gs(2570,59): info GL0005: reserve !! for immediate-failure sites
/home/xaz/Projects/goo-gsharp/tests/Goo.AsyncReadbackSmoke/Program.gs(2573,59): info GL0005: reserve !! for immediate-failure sites
/home/xaz/Projects/goo-gsharp/tests/Goo.AsyncReadbackSmoke/Program.gs(2575,59): info GL0005: reserve !! for immediate-failure sites
/home/xaz/Projects/goo-gsharp/tests/Goo.AsyncReadbackSmoke/Program.gs(2577,59): info GL0005: reserve !! for immediate-failure sites
/home/xaz/Projects/goo-gsharp/tests/Goo.AsyncReadbackSmoke/Program.gs(2579,59): info GL0005: reserve !! for immediate-failure sites
/home/xaz/Projects/goo-gsharp/tests/Goo.AsyncReadbackSmoke/Program.gs(2581,59): info GL0005: reserve !! for immediate-failure sites
/home/xaz/Projects/goo-gsharp/tests/Goo.AsyncReadbackSmoke/Program.gs(2583,59): info GL0005: reserve !! for immediate-failure sites
/home/xaz/Projects/goo-gsharp/tests/Goo.AsyncReadbackSmoke/Program.gs(2585,59): info GL0005: reserve !! for immediate-failure sites
/home/xaz/Projects/goo-gsharp/tests/Goo.AsyncReadbackSmoke/Program.gs(2587,59): info GL0005: reserve !! for immediate-failure sites
/home/xaz/Projects/goo-gsharp/tests/Goo.AsyncReadbackSmoke/Program.gs(2589,59): info GL0005: reserve !! for immediate-failure sites
/home/xaz/Projects/goo-gsharp/tests/Goo.AsyncReadbackSmoke/Program.gs(2591,59): info GL0005: reserve !! for immediate-failure sites
/home/xaz/Projects/goo-gsharp/tests/Goo.AsyncReadbackSmoke/Program.gs(2593,59): info GL0005: reserve !! for immediate-failure sites
/home/xaz/Projects/goo-gsharp/tests/Goo.AsyncReadbackSmoke/Program.gs(2595,53): info GL0005: reserve !! for immediate-failure sites
/home/xaz/Projects/goo-gsharp/tests/Goo.AsyncReadbackSmoke/Program.gs(2597,59): info GL0005: reserve !! for immediate-failure sites
/home/xaz/Projects/goo-gsharp/tests/Goo.AsyncReadbackSmoke/Program.gs(2599,59): info GL0005: reserve !! for immediate-failure sites
/home/xaz/Projects/goo-gsharp/tests/Goo.AsyncReadbackSmoke/Program.gs(2601,59): info GL0005: reserve !! for immediate-failure sites
/home/xaz/Projects/goo-gsharp/tests/Goo.AsyncReadbackSmoke/Program.gs(2603,59): info GL0005: reserve !! for immediate-failure sites
/home/xaz/Projects/goo-gsharp/tests/Goo.AsyncReadbackSmoke/Program.gs(2605,59): info GL0005: reserve !! for immediate-failure sites
/home/xaz/Projects/goo-gsharp/tests/Goo.AsyncReadbackSmoke/Program.gs(2609,59): info GL0005: reserve !! for immediate-failure sites
/home/xaz/Projects/goo-gsharp/tests/Goo.AsyncReadbackSmoke/Program.gs(2611,59): info GL0005: reserve !! for immediate-failure sites
/home/xaz/Projects/goo-gsharp/tests/Goo.AsyncReadbackSmoke/Program.gs(2615,59): info GL0005: reserve !! for immediate-failure sites
/home/xaz/Projects/goo-gsharp/tests/Goo.AsyncReadbackSmoke/Program.gs(2619,59): info GL0005: reserve !! for immediate-failure sites
/home/xaz/Projects/goo-gsharp/tests/Goo.AsyncReadbackSmoke/Program.gs(2633,48): info GL0005: reserve !! for immediate-failure sites
/home/xaz/Projects/goo-gsharp/tests/Goo.AsyncReadbackSmoke/Program.gs(2654,69): info GL0005: reserve !! for immediate-failure sites
/home/xaz/Projects/goo-gsharp/tests/Goo.AsyncReadbackSmoke/Program.gs(2657,69): info GL0005: reserve !! for immediate-failure sites
/home/xaz/Projects/goo-gsharp/tests/Goo.AsyncReadbackSmoke/Program.gs(2659,69): info GL0005: reserve !! for immediate-failure sites
/home/xaz/Projects/goo-gsharp/tests/Goo.AsyncReadbackSmoke/Program.gs(2670,56): info GL0005: reserve !! for immediate-failure sites
/home/xaz/Projects/goo-gsharp/tests/Goo.AsyncReadbackSmoke/Program.gs(2681,77): info GL0005: reserve !! for immediate-failure sites
/home/xaz/Projects/goo-gsharp/tests/Goo.AsyncReadbackSmoke/Program.gs(2684,77): info GL0005: reserve !! for immediate-failure sites
/home/xaz/Projects/goo-gsharp/tests/Goo.AsyncReadbackSmoke/Program.gs(2690,65): info GL0005: reserve !! for immediate-failure sites
/home/xaz/Projects/goo-gsharp/tests/Goo.AsyncReadbackSmoke/Program.gs(2784,34): info GL0005: reserve !! for immediate-failure sites
/home/xaz/Projects/goo-gsharp/tests/Goo.AsyncReadbackSmoke/Program.gs(2785,55): info GL0005: reserve !! for immediate-failure sites
/home/xaz/Projects/goo-gsharp/tests/Goo.AsyncReadbackSmoke/Program.gs(2787,55): info GL0005: reserve !! for immediate-failure sites
/home/xaz/Projects/goo-gsharp/tests/Goo.AsyncReadbackSmoke/Program.gs(2789,60): info GL0005: reserve !! for immediate-failure sites
/home/xaz/Projects/goo-gsharp/tests/Goo.AsyncReadbackSmoke/Program.gs(2791,60): info GL0005: reserve !! for immediate-failure sites
/home/xaz/Projects/goo-gsharp/tests/Goo.AsyncReadbackSmoke/Program.gs(2793,60): info GL0005: reserve !! for immediate-failure sites
/home/xaz/Projects/goo-gsharp/tests/Goo.AsyncReadbackSmoke/Program.gs(2795,60): info GL0005: reserve !! for immediate-failure sites
/home/xaz/Projects/goo-gsharp/tests/Goo.AsyncReadbackSmoke/Program.gs(2797,60): info GL0005: reserve !! for immediate-failure sites
/home/xaz/Projects/goo-gsharp/tests/Goo.AsyncReadbackSmoke/Program.gs(2799,55): info GL0005: reserve !! for immediate-failure sites
/home/xaz/Projects/goo-gsharp/tests/Goo.AsyncReadbackSmoke/Program.gs(2801,68): info GL0005: reserve !! for immediate-failure sites
/home/xaz/Projects/goo-gsharp/tests/Goo.AsyncReadbackSmoke/Program.gs(2804,70): info GL0005: reserve !! for immediate-failure sites
/home/xaz/Projects/goo-gsharp/tests/Goo.AsyncReadbackSmoke/Program.gs(2808,55): info GL0005: reserve !! for immediate-failure sites
/home/xaz/Projects/goo-gsharp/tests/Goo.AsyncReadbackSmoke/Program.gs(2810,67): info GL0005: reserve !! for immediate-failure sites
/home/xaz/Projects/goo-gsharp/tests/Goo.AsyncReadbackSmoke/Program.gs(2814,50): info GL0005: reserve !! for immediate-failure sites
/home/xaz/Projects/goo-gsharp/tests/Goo.AsyncReadbackSmoke/Program.gs(2816,60): info GL0005: reserve !! for immediate-failure sites
/home/xaz/Projects/goo-gsharp/tests/Goo.AsyncReadbackSmoke/Program.gs(2818,60): info GL0005: reserve !! for immediate-failure sites
/home/xaz/Projects/goo-gsharp/tests/Goo.AsyncReadbackSmoke/Program.gs(2820,71): info GL0005: reserve !! for immediate-failure sites
/home/xaz/Projects/goo-gsharp/tests/Goo.AsyncReadbackSmoke/Program.gs(2821,69): info GL0005: reserve !! for immediate-failure sites
/home/xaz/Projects/goo-gsharp/tests/Goo.AsyncReadbackSmoke/Program.gs(2822,70): info GL0005: reserve !! for immediate-failure sites
/home/xaz/Projects/goo-gsharp/tests/Goo.AsyncReadbackSmoke/Program.gs(2823,73): info GL0005: reserve !! for immediate-failure sites
/home/xaz/Projects/goo-gsharp/tests/Goo.AsyncReadbackSmoke/Program.gs(2836,25): info GL0005: reserve !! for immediate-failure sites
/home/xaz/Projects/goo-gsharp/tests/Goo.AsyncReadbackSmoke/Program.gs(2836,56): info GL0005: reserve !! for immediate-failure sites
/home/xaz/Projects/goo-gsharp/tests/Goo.AsyncReadbackSmoke/Program.gs(2842,55): info GL0005: reserve !! for immediate-failure sites
gslint: fixed 0 file(s)
