{"kind":"trace","run":0,"workload":0,"process":0,"window":0,"frame":0,"sample":0,"queue":0,"submission":0,"fence":0,"query":0,"event":401,"category":13,"severity":0,"result":0,"value0":4291056066,"value1":84}
{"kind":"trace","run":0,"workload":0,"process":0,"window":0,"frame":0,"sample":0,"queue":0,"submission":0,"fence":0,"query":0,"event":401,"category":13,"severity":0,"result":0,"value0":4291056066,"value1":84}
{"kind":"trace","run":0,"workload":0,"process":0,"window":0,"frame":0,"sample":0,"queue":0,"submission":0,"fence":0,"query":0,"event":401,"category":12,"severity":0,"result":0,"value0":0,"value1":0}
{"kind":"trace","run":0,"workload":0,"process":0,"window":94602961874816,"frame":0,"sample":0,"queue":0,"submission":0,"fence":0,"query":0,"event":324,"category":11,"severity":0,"result":0,"value0":64,"value1":1000}
{"kind":"trace","run":0,"workload":0,"process":0,"window":94602961874816,"frame":0,"sample":0,"queue":0,"submission":0,"fence":0,"query":0,"event":324,"category":11,"severity":0,"result":0,"value0":1,"value1":0}
{"kind":"trace","run":0,"workload":0,"process":0,"window":0,"frame":0,"sample":0,"queue":0,"submission":0,"fence":0,"query":0,"event":324,"category":12,"severity":0,"result":0,"value0":0,"value1":0}
{"kind":"trace","run":0,"workload":0,"process":0,"window":94602961874816,"frame":0,"sample":0,"queue":94602969709376,"submission":0,"fence":0,"query":0,"event":100,"category":2,"severity":0,"result":0,"value0":0,"value1":0}
{"kind":"trace","run":0,"workload":0,"process":0,"window":0,"frame":0,"sample":0,"queue":94602969709376,"submission":0,"fence":0,"query":0,"event":322,"category":12,"severity":0,"result":0,"value0":0,"value1":0}
{"kind":"trace","run":0,"workload":0,"process":0,"window":0,"frame":0,"sample":0,"queue":94602969709376,"submission":0,"fence":0,"query":0,"event":322,"category":12,"severity":0,"result":0,"value0":0,"value1":0}
{"kind":"trace","run":0,"workload":0,"process":0,"window":0,"frame":0,"sample":0,"queue":94602969709376,"submission":0,"fence":0,"query":0,"event":322,"category":12,"severity":0,"result":0,"value0":0,"value1":0}
{"kind":"trace","run":0,"workload":0,"process":0,"window":94602961874816,"frame":0,"sample":1,"queue":94602969709376,"submission":0,"fence":0,"query":0,"event":310,"category":11,"severity":0,"result":1,"value0":222730,"value1":0}
{"kind":"trace","run":0,"workload":0,"process":0,"window":94602961874816,"frame":0,"sample":2,"queue":94602969709376,"submission":0,"fence":0,"query":0,"event":311,"category":11,"severity":0,"result":2,"value0":1158862,"value1":0}
{"kind":"trace","run":0,"workload":0,"process":0,"window":94602961874816,"frame":0,"sample":4,"queue":94602969709376,"submission":0,"fence":0,"query":0,"event":311,"category":11,"severity":0,"result":4,"value0":1449400,"value1":0}
{"kind":"trace","run":0,"workload":0,"process":0,"window":94602961874816,"frame":0,"sample":5,"queue":94602969709376,"submission":0,"fence":0,"query":0,"event":312,"category":11,"severity":0,"result":5,"value0":14850566,"value1":4944}
{"kind":"trace","run":0,"workload":0,"process":0,"window":94602961874816,"frame":0,"sample":6,"queue":94602969709376,"submission":0,"fence":0,"query":0,"event":312,"category":11,"severity":0,"result":6,"value0":825203,"value1":376}
{"kind":"trace","run":0,"workload":0,"process":0,"window":94602961874816,"frame":0,"sample":8,"queue":94602969709376,"submission":0,"fence":0,"query":0,"event":312,"category":11,"severity":0,"result":8,"value0":2446157,"value1":0}
{"kind":"trace","run":0,"workload":0,"process":0,"window":94602961874816,"frame":0,"sample":7,"queue":94602969709376,"submission":0,"fence":0,"query":0,"event":312,"category":11,"severity":0,"result":7,"value0":11579206,"value1":4568}
{"kind":"trace","run":0,"workload":0,"process":0,"window":94602961874816,"frame":0,"sample":9,"queue":94602969709376,"submission":0,"fence":0,"query":0,"event":311,"category":11,"severity":0,"result":9,"value0":282041,"value1":0}
{"kind":"trace","run":0,"workload":0,"process":0,"window":94602961874816,"frame":0,"sample":10,"queue":94602969709376,"submission":0,"fence":0,"query":0,"event":313,"category":11,"severity":0,"result":10,"value0":13457463,"value1":68128}
{"kind":"trace","run":0,"workload":0,"process":0,"window":94602961874816,"frame":0,"sample":11,"queue":94602969709376,"submission":0,"fence":0,"query":0,"event":311,"category":11,"severity":0,"result":11,"value0":1433449,"value1":0}
{"kind":"trace","run":0,"workload":0,"process":0,"window":94602961874816,"frame":0,"sample":11,"queue":94602969709376,"submission":0,"fence":0,"query":0,"event":311,"category":11,"severity":0,"result":11,"value0":165411,"value1":0}
{"kind":"trace","run":0,"workload":0,"process":0,"window":94602961874816,"frame":1,"sample":0,"queue":94602969709376,"submission":0,"fence":0,"query":0,"event":300,"category":11,"severity":0,"result":0,"value0":180,"value1":96}
{"kind":"trace","run":0,"workload":0,"process":0,"window":0,"frame":1,"sample":0,"queue":94602969709376,"submission":0,"fence":0,"query":0,"event":322,"category":12,"severity":0,"result":0,"value0":0,"value1":0}
{"kind":"trace","run":0,"workload":0,"process":0,"window":0,"frame":1,"sample":0,"queue":94602969709376,"submission":0,"fence":0,"query":0,"event":322,"category":12,"severity":0,"result":0,"value0":0,"value1":0}
{"kind":"trace","run":0,"workload":0,"process":0,"window":0,"frame":1,"sample":0,"queue":94602969709376,"submission":0,"fence":0,"query":0,"event":122,"category":12,"severity":0,"result":0,"value0":0,"value1":0}
{"kind":"trace","run":0,"workload":0,"process":0,"window":0,"frame":1,"sample":0,"queue":94602969709376,"submission":0,"fence":0,"query":0,"event":317,"category":12,"severity":0,"result":0,"value0":0,"value1":0}
{"kind":"trace","run":0,"workload":0,"process":0,"window":94602961874816,"frame":1,"sample":0,"queue":94602969709376,"submission":0,"fence":0,"query":0,"event":317,"category":11,"severity":0,"result":0,"value0":752276156153685,"value1":752276156642265}
{"kind":"trace","run":0,"workload":0,"process":0,"window":94602961874816,"frame":1,"sample":0,"queue":94602969709376,"submission":1,"fence":0,"query":0,"event":324,"category":11,"severity":0,"result":0,"value0":0,"value1":128}
{"kind":"trace","run":0,"workload":0,"process":0,"window":94602961874816,"frame":1,"sample":0,"queue":94602969709376,"submission":0,"fence":0,"query":0,"event":314,"category":6,"severity":0,"result":0,"value0":2,"value1":2}
{"kind":"trace","run":0,"workload":0,"process":0,"window":94602961874816,"frame":1,"sample":0,"queue":94602969709376,"submission":0,"fence":0,"query":0,"event":314,"category":11,"severity":0,"result":0,"value0":752276158320315,"value1":752276168431446}
{"kind":"trace","run":0,"workload":0,"process":0,"window":94602961874816,"frame":1,"sample":0,"queue":94602969709376,"submission":0,"fence":0,"query":0,"event":315,"category":6,"severity":0,"result":0,"value0":17280,"value1":773094113376}
{"kind":"trace","run":0,"workload":0,"process":0,"window":94602961874816,"frame":1,"sample":0,"queue":94602969709376,"submission":0,"fence":0,"query":0,"event":317,"category":6,"severity":0,"result":0,"value0":1,"value1":2}
{"kind":"trace","run":0,"workload":0,"process":0,"window":94602961874816,"frame":1,"sample":0,"queue":94602969709376,"submission":0,"fence":0,"query":0,"event":317,"category":11,"severity":0,"result":0,"value0":752276172307575,"value1":752276187954771}
{"kind":"trace","run":0,"workload":0,"process":0,"window":0,"frame":1,"sample":0,"queue":94602969709376,"submission":0,"fence":0,"query":0,"event":317,"category":12,"severity":0,"result":0,"value0":0,"value1":0}
{"kind":"trace","run":0,"workload":0,"process":0,"window":94602961874816,"frame":1,"sample":0,"queue":94602969709376,"submission":0,"fence":0,"query":0,"event":317,"category":11,"severity":0,"result":0,"value0":752276191701817,"value1":752276191918405}
{"kind":"trace","run":0,"workload":0,"process":0,"window":0,"frame":1,"sample":0,"queue":94602969709376,"submission":0,"fence":0,"query":0,"event":316,"category":12,"severity":0,"result":0,"value0":0,"value1":0}
{"kind":"trace","run":0,"workload":0,"process":0,"window":0,"frame":1,"sample":0,"queue":94602969709376,"submission":0,"fence":0,"query":0,"event":316,"category":12,"severity":0,"result":0,"value0":0,"value1":0}
{"kind":"trace","run":0,"workload":0,"process":0,"window":0,"frame":1,"sample":0,"queue":94602969709376,"submission":0,"fence":0,"query":0,"event":316,"category":12,"severity":0,"result":0,"value0":0,"value1":0}
{"kind":"trace","run":0,"workload":0,"process":0,"window":0,"frame":1,"sample":0,"queue":94602969709376,"submission":0,"fence":0,"query":0,"event":321,"category":12,"severity":0,"result":0,"value0":0,"value1":0}
{"kind":"trace","run":0,"workload":0,"process":0,"window":94602961874816,"frame":1,"sample":0,"queue":94602969709376,"submission":1,"fence":0,"query":0,"event":321,"category":11,"severity":0,"result":0,"value0":752276192317938,"value1":752276198764197}
{"kind":"trace","run":0,"workload":0,"process":0,"window":0,"frame":1,"sample":0,"queue":94602969709376,"submission":1,"fence":0,"query":0,"event":322,"category":12,"severity":0,"result":0,"value0":0,"value1":0}
{"kind":"trace","run":0,"workload":0,"process":0,"window":0,"frame":1,"sample":0,"queue":94602969709376,"submission":1,"fence":0,"query":0,"event":123,"category":12,"severity":0,"result":0,"value0":0,"value1":0}
{"kind":"trace","run":0,"workload":0,"process":0,"window":94602961874816,"frame":1,"sample":0,"queue":94602969709376,"submission":1,"fence":0,"query":0,"event":123,"category":11,"severity":0,"result":0,"value0":752276199333078,"value1":752276200686818}
{"kind":"trace","run":0,"workload":0,"process":0,"window":94602961874816,"frame":1,"sample":0,"queue":94602969709376,"submission":1,"fence":0,"query":0,"event":301,"category":11,"severity":0,"result":0,"value0":1,"value1":0}
{"kind":"trace","run":0,"workload":0,"process":0,"window":0,"frame":0,"sample":0,"queue":94602969709376,"submission":0,"fence":0,"query":0,"event":322,"category":12,"severity":0,"result":0,"value0":0,"value1":0}
{"kind":"trace","run":0,"workload":0,"process":0,"window":0,"frame":0,"sample":0,"queue":94602969709376,"submission":0,"fence":0,"query":0,"event":322,"category":12,"severity":0,"result":0,"value0":0,"value1":0}
{"kind":"trace","run":0,"workload":0,"process":0,"window":0,"frame":0,"sample":0,"queue":94602969709376,"submission":0,"fence":0,"query":0,"event":322,"category":12,"severity":0,"result":0,"value0":0,"value1":0}
{"kind":"trace","run":0,"workload":0,"process":0,"window":0,"frame":0,"sample":0,"queue":94602969709376,"submission":0,"fence":0,"query":0,"event":322,"category":12,"severity":0,"result":0,"value0":0,"value1":0}
{"kind":"trace","run":0,"workload":0,"process":0,"window":94602961874816,"frame":0,"sample":1,"queue":94602969709376,"submission":0,"fence":0,"query":0,"event":310,"category":11,"severity":0,"result":1,"value0":5700,"value1":0}
{"kind":"trace","run":0,"workload":0,"process":0,"window":94602961874816,"frame":0,"sample":2,"queue":94602969709376,"submission":0,"fence":0,"query":0,"event":311,"category":11,"severity":0,"result":2,"value0":1372,"value1":0}
{"kind":"trace","run":0,"workload":0,"process":0,"window":94602961874816,"frame":0,"sample":4,"queue":94602969709376,"submission":0,"fence":0,"query":0,"event":311,"category":11,"severity":0,"result":4,"value0":201,"value1":0}
{"kind":"trace","run":0,"workload":0,"process":0,"window":94602961874816,"frame":0,"sample":9,"queue":94602969709376,"submission":0,"fence":0,"query":0,"event":311,"category":11,"severity":0,"result":9,"value0":400,"value1":0}
{"kind":"trace","run":0,"workload":0,"process":0,"window":94602961874816,"frame":0,"sample":11,"queue":94602969709376,"submission":0,"fence":0,"query":0,"event":311,"category":11,"severity":0,"result":11,"value0":120,"value1":0}
{"kind":"trace","run":0,"workload":0,"process":0,"window":94602961874816,"frame":2,"sample":0,"queue":94602969709376,"submission":0,"fence":0,"query":0,"event":300,"category":11,"severity":0,"result":0,"value0":180,"value1":96}
{"kind":"trace","run":0,"workload":0,"process":0,"window":0,"frame":2,"sample":0,"queue":94602969709376,"submission":0,"fence":0,"query":0,"event":322,"category":12,"severity":0,"result":0,"value0":0,"value1":0}
{"kind":"trace","run":0,"workload":0,"process":0,"window":0,"frame":2,"sample":0,"queue":94602969709376,"submission":0,"fence":0,"query":0,"event":322,"category":12,"severity":0,"result":0,"value0":0,"value1":0}
{"kind":"trace","run":0,"workload":0,"process":0,"window":0,"frame":2,"sample":0,"queue":94602969709376,"submission":0,"fence":0,"query":0,"event":122,"category":12,"severity":0,"result":0,"value0":0,"value1":0}
{"kind":"trace","run":0,"workload":0,"process":0,"window":0,"frame":2,"sample":0,"queue":94602969709376,"submission":0,"fence":0,"query":0,"event":317,"category":12,"severity":0,"result":0,"value0":0,"value1":0}
{"kind":"trace","run":0,"workload":0,"process":0,"window":94602961874816,"frame":2,"sample":0,"queue":94602969709376,"submission":0,"fence":0,"query":0,"event":317,"category":11,"severity":0,"result":0,"value0":752276252681351,"value1":752276252695698}
{"kind":"trace","run":0,"workload":0,"process":0,"window":94602961874816,"frame":2,"sample":0,"queue":94602969709376,"submission":1,"fence":0,"query":0,"event":324,"category":11,"severity":0,"result":0,"value0":128,"value1":128}
{"kind":"trace","run":0,"workload":0,"process":0,"window":94602961874816,"frame":2,"sample":0,"queue":94602969709376,"submission":0,"fence":0,"query":0,"event":314,"category":6,"severity":0,"result":0,"value0":2,"value1":3}
{"kind":"trace","run":0,"workload":0,"process":0,"window":94602961874816,"frame":2,"sample":0,"queue":94602969709376,"submission":0,"fence":0,"query":0,"event":314,"category":11,"severity":0,"result":0,"value0":752276252720484,"value1":752276253809735}
{"kind":"trace","run":0,"workload":0,"process":0,"window":94602961874816,"frame":2,"sample":0,"queue":94602969709376,"submission":0,"fence":0,"query":0,"event":315,"category":6,"severity":0,"result":0,"value0":17280,"value1":773094113376}
{"kind":"trace","run":0,"workload":0,"process":0,"window":94602961874816,"frame":2,"sample":0,"queue":94602969709376,"submission":0,"fence":0,"query":0,"event":317,"category":6,"severity":0,"result":0,"value0":1,"value1":2}
{"kind":"trace","run":0,"workload":0,"process":0,"window":94602961874816,"frame":2,"sample":0,"queue":94602969709376,"submission":0,"fence":0,"query":0,"event":317,"category":11,"severity":0,"result":0,"value0":752276253829723,"value1":752276254019470}
{"kind":"trace","run":0,"workload":0,"process":0,"window":0,"frame":2,"sample":0,"queue":94602969709376,"submission":0,"fence":0,"query":0,"event":317,"category":12,"severity":0,"result":0,"value0":0,"value1":0}
{"kind":"trace","run":0,"workload":0,"process":0,"window":94602961874816,"frame":2,"sample":0,"queue":94602969709376,"submission":0,"fence":0,"query":0,"event":317,"category":11,"severity":0,"result":0,"value0":752276254075005,"value1":752276254093169}
{"kind":"trace","run":0,"workload":0,"process":0,"window":0,"frame":2,"sample":0,"queue":94602969709376,"submission":0,"fence":0,"query":0,"event":316,"category":12,"severity":0,"result":0,"value0":0,"value1":0}
{"kind":"trace","run":0,"workload":0,"process":0,"window":0,"frame":2,"sample":0,"queue":94602969709376,"submission":0,"fence":0,"query":0,"event":316,"category":12,"severity":0,"result":0,"value0":0,"value1":0}
{"kind":"trace","run":0,"workload":0,"process":0,"window":0,"frame":2,"sample":0,"queue":94602969709376,"submission":0,"fence":0,"query":0,"event":316,"category":12,"severity":0,"result":0,"value0":0,"value1":0}
{"kind":"trace","run":0,"workload":0,"process":0,"window":0,"frame":2,"sample":0,"queue":94602969709376,"submission":0,"fence":0,"query":0,"event":321,"category":12,"severity":0,"result":0,"value0":0,"value1":0}
{"kind":"trace","run":0,"workload":0,"process":0,"window":94602961874816,"frame":2,"sample":1,"queue":94602969709376,"submission":0,"fence":0,"query":0,"event":310,"category":11,"severity":0,"result":1,"value0":150,"value1":0}
{"kind":"trace","run":0,"workload":0,"process":0,"window":94602961874816,"frame":2,"sample":2,"queue":94602969709376,"submission":0,"fence":0,"query":0,"event":311,"category":11,"severity":0,"result":2,"value0":481,"value1":0}
{"kind":"trace","run":0,"workload":0,"process":0,"window":94602961874816,"frame":2,"sample":4,"queue":94602969709376,"submission":0,"fence":0,"query":0,"event":311,"category":11,"severity":0,"result":4,"value0":110,"value1":0}
{"kind":"trace","run":0,"workload":0,"process":0,"window":94602961874816,"frame":2,"sample":9,"queue":94602969709376,"submission":0,"fence":0,"query":0,"event":311,"category":11,"severity":0,"result":9,"value0":121,"value1":0}
{"kind":"trace","run":0,"workload":0,"process":0,"window":94602961874816,"frame":2,"sample":11,"queue":94602969709376,"submission":0,"fence":0,"query":0,"event":311,"category":11,"severity":0,"result":11,"value0":130,"value1":0}
{"kind":"trace","run":0,"workload":0,"process":0,"window":94602961874816,"frame":2,"sample":0,"queue":94602969709376,"submission":1,"fence":0,"query":0,"event":321,"category":11,"severity":0,"result":0,"value0":752276254094311,"value1":752276276538667}
{"kind":"trace","run":0,"workload":0,"process":0,"window":0,"frame":2,"sample":0,"queue":94602969709376,"submission":1,"fence":0,"query":0,"event":322,"category":12,"severity":0,"result":0,"value0":0,"value1":0}
{"kind":"trace","run":0,"workload":0,"process":0,"window":94602961874816,"frame":2,"sample":1,"queue":94602969709376,"submission":1,"fence":0,"query":0,"event":310,"category":11,"severity":0,"result":1,"value0":251,"value1":0}
{"kind":"trace","run":0,"workload":0,"process":0,"window":94602961874816,"frame":2,"sample":2,"queue":94602969709376,"submission":1,"fence":0,"query":0,"event":311,"category":11,"severity":0,"result":2,"value0":1133,"value1":0}
{"kind":"trace","run":0,"workload":0,"process":0,"window":94602961874816,"frame":2,"sample":4,"queue":94602969709376,"submission":1,"fence":0,"query":0,"event":311,"category":11,"severity":0,"result":4,"value0":211,"value1":0}
{"kind":"trace","run":0,"workload":0,"process":0,"window":94602961874816,"frame":2,"sample":9,"queue":94602969709376,"submission":1,"fence":0,"query":0,"event":311,"category":11,"severity":0,"result":9,"value0":661,"value1":0}
{"kind":"trace","run":0,"workload":0,"process":0,"window":94602961874816,"frame":2,"sample":11,"queue":94602969709376,"submission":1,"fence":0,"query":0,"event":311,"category":11,"severity":0,"result":11,"value0":120,"value1":0}
{"kind":"trace","run":0,"workload":0,"process":0,"window":0,"frame":2,"sample":0,"queue":94602969709376,"submission":1,"fence":0,"query":0,"event":123,"category":12,"severity":0,"result":0,"value0":0,"value1":0}
{"kind":"trace","run":0,"workload":0,"process":0,"window":94602961874816,"frame":2,"sample":0,"queue":94602969709376,"submission":1,"fence":0,"query":0,"event":123,"category":11,"severity":0,"result":0,"value0":752276276592949,"value1":752276276800831}
{"kind":"trace","run":0,"workload":0,"process":0,"window":94602961874816,"frame":2,"sample":0,"queue":94602969709376,"submission":1,"fence":0,"query":0,"event":301,"category":11,"severity":0,"result":0,"value0":1,"value1":0}
{"kind":"trace","run":0,"workload":0,"process":0,"window":94602961874816,"frame":0,"sample":1,"queue":94602969709376,"submission":0,"fence":0,"query":0,"event":310,"category":11,"severity":0,"result":1,"value0":161,"value1":0}
{"kind":"trace","run":0,"workload":0,"process":0,"window":94602961874816,"frame":0,"sample":2,"queue":94602969709376,"submission":0,"fence":0,"query":0,"event":311,"category":11,"severity":0,"result":2,"value0":431,"value1":0}
{"kind":"trace","run":0,"workload":0,"process":0,"window":94602961874816,"frame":0,"sample":4,"queue":94602969709376,"submission":0,"fence":0,"query":0,"event":311,"category":11,"severity":0,"result":4,"value0":110,"value1":0}
{"kind":"trace","run":0,"workload":0,"process":0,"window":94602961874816,"frame":0,"sample":9,"queue":94602969709376,"submission":0,"fence":0,"query":0,"event":311,"category":11,"severity":0,"result":9,"value0":130,"value1":0}
{"kind":"trace","run":0,"workload":0,"process":0,"window":94602961874816,"frame":0,"sample":11,"queue":94602969709376,"submission":0,"fence":0,"query":0,"event":311,"category":11,"severity":0,"result":11,"value0":120,"value1":0}
{"kind":"trace","run":0,"workload":0,"process":0,"window":94602961874816,"frame":0,"sample":1,"queue":94602969709376,"submission":0,"fence":0,"query":0,"event":310,"category":11,"severity":0,"result":1,"value0":240,"value1":0}
{"kind":"trace","run":0,"workload":0,"process":0,"window":94602961874816,"frame":0,"sample":2,"queue":94602969709376,"submission":0,"fence":0,"query":0,"event":311,"category":11,"severity":0,"result":2,"value0":1193,"value1":0}
{"kind":"trace","run":0,"workload":0,"process":0,"window":94602961874816,"frame":0,"sample":4,"queue":94602969709376,"submission":0,"fence":0,"query":0,"event":311,"category":11,"severity":0,"result":4,"value0":221,"value1":0}
{"kind":"trace","run":0,"workload":0,"process":0,"window":94602961874816,"frame":0,"sample":9,"queue":94602969709376,"submission":0,"fence":0,"query":0,"event":311,"category":11,"severity":0,"result":9,"value0":641,"value1":0}
{"kind":"trace","run":0,"workload":0,"process":0,"window":94602961874816,"frame":0,"sample":11,"queue":94602969709376,"submission":0,"fence":0,"query":0,"event":311,"category":11,"severity":0,"result":11,"value0":130,"value1":0}
{"kind":"trace","run":0,"workload":0,"process":0,"window":0,"frame":0,"sample":0,"queue":94602969709376,"submission":0,"fence":0,"query":0,"event":322,"category":12,"severity":0,"result":0,"value0":0,"value1":0}
{"kind":"trace","run":0,"workload":0,"process":0,"window":0,"frame":0,"sample":0,"queue":94602969709376,"submission":0,"fence":0,"query":0,"event":322,"category":12,"severity":0,"result":0,"value0":0,"value1":0}
{"kind":"trace","run":0,"workload":0,"process":0,"window":0,"frame":0,"sample":0,"queue":94602969709376,"submission":0,"fence":0,"query":0,"event":322,"category":12,"severity":0,"result":0,"value0":0,"value1":0}
{"kind":"trace","run":0,"workload":0,"process":0,"window":0,"frame":0,"sample":0,"queue":94602969709376,"submission":0,"fence":0,"query":0,"event":322,"category":12,"severity":0,"result":0,"value0":0,"value1":0}
{"kind":"trace","run":0,"workload":0,"process":0,"window":0,"frame":0,"sample":0,"queue":94602969709376,"submission":0,"fence":0,"query":0,"event":322,"category":12,"severity":0,"result":0,"value0":0,"value1":0}
{"kind":"trace","run":0,"workload":0,"process":0,"window":0,"frame":0,"sample":0,"queue":94602969709376,"submission":0,"fence":0,"query":0,"event":322,"category":12,"severity":0,"result":0,"value0":0,"value1":0}
{"kind":"trace","run":0,"workload":0,"process":0,"window":0,"frame":0,"sample":0,"queue":94602969709376,"submission":0,"fence":0,"query":0,"event":322,"category":12,"severity":0,"result":0,"value0":0,"value1":0}
{"kind":"trace","run":0,"workload":0,"process":0,"window":0,"frame":0,"sample":0,"queue":94602969709376,"submission":0,"fence":0,"query":0,"event":322,"category":12,"severity":0,"result":0,"value0":0,"value1":0}
{"kind":"trace","run":0,"workload":0,"process":0,"window":0,"frame":0,"sample":0,"queue":94602969709376,"submission":0,"fence":0,"query":0,"event":322,"category":12,"severity":0,"result":0,"value0":0,"value1":0}
{"kind":"trace","run":0,"workload":0,"process":0,"window":0,"frame":0,"sample":0,"queue":94602969709376,"submission":0,"fence":0,"query":0,"event":322,"category":12,"severity":0,"result":0,"value0":0,"value1":0}
{"kind":"trace","run":0,"workload":0,"process":0,"window":94602961874816,"frame":0,"sample":0,"queue":94602969709376,"submission":0,"fence":0,"query":0,"event":101,"category":2,"severity":0,"result":0,"value0":0,"value1":0}
{"kind":"result","ordinal":0,"event":401,"classification":0,"frame":0,"queue":0,"submission":0,"fence":0,"result":0}
{"kind":"result","ordinal":1,"event":324,"classification":0,"frame":0,"queue":0,"submission":0,"fence":0,"result":0}
{"kind":"result","ordinal":2,"event":322,"classification":0,"frame":0,"queue":94602969709376,"submission":0,"fence":0,"result":0}
{"kind":"result","ordinal":3,"event":322,"classification":0,"frame":0,"queue":94602969709376,"submission":0,"fence":0,"result":0}
{"kind":"result","ordinal":4,"event":322,"classification":0,"frame":0,"queue":94602969709376,"submission":0,"fence":0,"result":0}
{"kind":"result","ordinal":5,"event":322,"classification":0,"frame":1,"queue":94602969709376,"submission":0,"fence":0,"result":0}
{"kind":"result","ordinal":6,"event":322,"classification":0,"frame":1,"queue":94602969709376,"submission":0,"fence":0,"result":0}
{"kind":"result","ordinal":7,"event":122,"classification":0,"frame":1,"queue":94602969709376,"submission":0,"fence":0,"result":0}
{"kind":"result","ordinal":8,"event":317,"classification":0,"frame":1,"queue":94602969709376,"submission":0,"fence":0,"result":0}
{"kind":"result","ordinal":9,"event":317,"classification":0,"frame":1,"queue":94602969709376,"submission":0,"fence":0,"result":0}
{"kind":"result","ordinal":10,"event":316,"classification":0,"frame":1,"queue":94602969709376,"submission":0,"fence":0,"result":0}
{"kind":"result","ordinal":11,"event":316,"classification":0,"frame":1,"queue":94602969709376,"submission":0,"fence":0,"result":0}
{"kind":"result","ordinal":12,"event":316,"classification":0,"frame":1,"queue":94602969709376,"submission":0,"fence":0,"result":0}
{"kind":"result","ordinal":13,"event":321,"classification":0,"frame":1,"queue":94602969709376,"submission":0,"fence":0,"result":0}
{"kind":"result","ordinal":14,"event":322,"classification":0,"frame":1,"queue":94602969709376,"submission":1,"fence":0,"result":0}
{"kind":"result","ordinal":15,"event":123,"classification":0,"frame":1,"queue":94602969709376,"submission":1,"fence":0,"result":0}
{"kind":"result","ordinal":16,"event":322,"classification":0,"frame":0,"queue":94602969709376,"submission":0,"fence":0,"result":0}
{"kind":"result","ordinal":17,"event":322,"classification":0,"frame":0,"queue":94602969709376,"submission":0,"fence":0,"result":0}
{"kind":"result","ordinal":18,"event":322,"classification":0,"frame":0,"queue":94602969709376,"submission":0,"fence":0,"result":0}
{"kind":"result","ordinal":19,"event":322,"classification":0,"frame":0,"queue":94602969709376,"submission":0,"fence":0,"result":0}
{"kind":"result","ordinal":20,"event":322,"classification":0,"frame":2,"queue":94602969709376,"submission":0,"fence":0,"result":0}
{"kind":"result","ordinal":21,"event":322,"classification":0,"frame":2,"queue":94602969709376,"submission":0,"fence":0,"result":0}
{"kind":"result","ordinal":22,"event":122,"classification":0,"frame":2,"queue":94602969709376,"submission":0,"fence":0,"result":0}
{"kind":"result","ordinal":23,"event":317,"classification":0,"frame":2,"queue":94602969709376,"submission":0,"fence":0,"result":0}
{"kind":"result","ordinal":24,"event":317,"classification":0,"frame":2,"queue":94602969709376,"submission":0,"fence":0,"result":0}
{"kind":"result","ordinal":25,"event":316,"classification":0,"frame":2,"queue":94602969709376,"submission":0,"fence":0,"result":0}
{"kind":"result","ordinal":26,"event":316,"classification":0,"frame":2,"queue":94602969709376,"submission":0,"fence":0,"result":0}
{"kind":"result","ordinal":27,"event":316,"classification":0,"frame":2,"queue":94602969709376,"submission":0,"fence":0,"result":0}
{"kind":"result","ordinal":28,"event":321,"classification":0,"frame":2,"queue":94602969709376,"submission":0,"fence":0,"result":0}
{"kind":"result","ordinal":29,"event":322,"classification":0,"frame":2,"queue":94602969709376,"submission":1,"fence":0,"result":0}
{"kind":"result","ordinal":30,"event":123,"classification":0,"frame":2,"queue":94602969709376,"submission":1,"fence":0,"result":0}
{"kind":"result","ordinal":31,"event":322,"classification":0,"frame":0,"queue":94602969709376,"submission":0,"fence":0,"result":0}
{"kind":"result","ordinal":32,"event":322,"classification":0,"frame":0,"queue":94602969709376,"submission":0,"fence":0,"result":0}
{"kind":"result","ordinal":33,"event":322,"classification":0,"frame":0,"queue":94602969709376,"submission":0,"fence":0,"result":0}
{"kind":"result","ordinal":34,"event":322,"classification":0,"frame":0,"queue":94602969709376,"submission":0,"fence":0,"result":0}
{"kind":"result","ordinal":35,"event":322,"classification":0,"frame":0,"queue":94602969709376,"submission":0,"fence":0,"result":0}
{"kind":"result","ordinal":36,"event":322,"classification":0,"frame":0,"queue":94602969709376,"submission":0,"fence":0,"result":0}
{"kind":"result","ordinal":37,"event":322,"classification":0,"frame":0,"queue":94602969709376,"submission":0,"fence":0,"result":0}
{"kind":"result","ordinal":38,"event":322,"classification":0,"frame":0,"queue":94602969709376,"submission":0,"fence":0,"result":0}
{"kind":"result","ordinal":39,"event":322,"classification":0,"frame":0,"queue":94602969709376,"submission":0,"fence":0,"result":0}
{"kind":"result","ordinal":40,"event":322,"classification":0,"frame":0,"queue":94602969709376,"submission":0,"fence":0,"result":0}
{"kind":"validation","severity":256,"types":1,"messageId":0,"messageHash":4291056066,"messageLength":84,"messageTruncated":0,"messageHex":"656e76207661722027564b5f494e5354414e43455f4c41594552532720646566696e656420616e6420616464696e67206c61796572732022564b5f4c415945525f4b48524f4e4f535f76616c69646174696f6e22"}
{"kind":"validation","severity":256,"types":1,"messageId":0,"messageHash":4291056066,"messageLength":84,"messageTruncated":0,"messageHex":"656e76207661722027564b5f494e5354414e43455f4c41594552532720646566696e656420616e6420616464696e67206c61796572732022564b5f4c415945525f4b48524f4e4f535f76616c69646174696f6e22"}
{"kind":"device","instanceApiVersion":4206592,"physicalApiVersion":4211029,"driverVersion":2559459584,"vendorId":4318,"deviceId":8726,"deviceType":2,"timelineSemaphore":1,"synchronization2":1,"dynamicRendering":1,"debugUtilsAvailable":1,"instanceExtensionCount":6,"deviceExtensionCount":0,"deviceNameHex":"4e5649444941204765466f7263652052545820333038300000000000000000000000000000000000000000000000000000000000000000000000000000000000000000000000000000000000000000000000000000000000000000000000000000000000000000000000000000000000000000000000000000000000000000000000000000000000000000000000000000000000000000000000000000000000000000000000000000000000000000000000000000000000000000000000000000000000000000000000000000000000000000000000000000000000000000000000000000000000000000000000000000000000000000000000000000000000"}
{"kind":"clip_mask_atlas","clipMaskAtlasByteBudget":67108864,"clipMaskAtlasResidentBytes":0,"clipMaskAtlasRegionCount":0,"clipMaskAtlasFreePlacementCount":0,"clipMaskAtlasActiveLayerCount":0,"clipMaskAtlasMaximumLayerCount":0,"clipMaskAtlasRetiredGenerationCount":0,"clipMaskAtlasEvictionCount":0,"clipMaskAtlasPressureEventCount":0,"clipMaskAtlasPressureFailureCount":0}
{"kind":"image_upload","imageUploadChunkCount":0,"imageUploadDeferredCount":0,"imageUploadCompletedCount":0}
{"kind":"counters","rebuildCount":0,"layoutCount":0,"planCompileCount":2,"uploadCount":0,"recordCount":2,"submitCount":2,"presentCount":2,"readbackCount":0,"managedAllocatedBytes":0,"heapBudgetAvailable":1,"heapBudgetSampleCurrent":0,"heapBudget":57483052032,"driverHeapUsage":10190848,"vulkanObjectCount":0,"vulkanObjectAllocationCount":637,"vulkanDeviceMemoryAllocationCount":3,"vulkanDeviceMemoryBytes":0,"cacheBytes":0,"imageByteBudget":268435456,"imageResidentBytes":0,"imageLiveObjectCount":0,"imagePeakResidentBytes":0,"imagePeakLiveObjectCount":516,"textAtlasCount":0,"textAtlasByteBudget":0,"textAtlasResidentBytes":0,"textAtlasLiveObjectCount":0,"textAtlasPeakCount":1,"textAtlasPeakByteBudget":2097152,"textAtlasPeakResidentBytes":262144,"textAtlasPeakLiveObjectCount":5,"textAtlasRecordedUploadBytes":0,"textAtlasEvictionCount":0,"textAtlasRetirementCount":0,"pathAtlasByteBudget":262144,"pathAtlasResidentWords":0,"pathAtlasFreeWords":0,"pathAtlasPathCount":0,"pathAtlasActiveReferenceCount":0,"pathAtlasLiveObjectCount":0,"pathAtlasEvictionCount":0,"pathAtlasRetiredWords":0,"pathAtlasReuseCount":0,"pathAtlasPressureEventCount":0,"pathAtlasPressureFailureCount":0,"clipFrameWrittenBytes":32,"clipFrameSkippedBytes":0,"clipFrameMappedWrites":2,"clipFrameFlushes":2,"clipFrameRetainedReuse":0,"clipFrameSlotIndex":1,"clipFrameDrawCount":2,"clipFrameMaskCount":0,"clipFrameChainCount":1,"clipFrameLayerCount":0,"clipFrameByteCount":16,"clipFrameCapacity":4096,"clipFrameBufferGeneration":1,"clipFrameLastUseSerial":2,"clipFrameRetentionEligible":1,"clipFrameRetained":0,"clipFrameRetentionValid":1,"textFrameWrittenBytes":0,"textFrameSkippedBytes":0,"textFrameDirtySegmentCount":0,"textFrameUploadRangeCount":0,"textFrameFullUploadCount":2,"textFrameMappedWrites":0,"textFrameFlushes":0,"textFrameRetainedReuse":0,"textFrameSlotIndex":1,"textFrameSegmentCount":0,"textFrameRunCount":0,"textFrameRecordCount":0,"textFrameByteCount":0,"textFrameCapacity":128,"textFrameBufferGeneration":1,"textFrameTopologyKey":4563433395159716664,"textFrameLastUseSerial":2,"textFramePrepared":0,"layerPoolByteBudget":536870912,"layerPoolResidentBytes":0,"layerPoolTargetCount":0,"layerPoolLeasedCount":0,"layerPoolCreateCount":0,"layerPoolReuseCount":0,"layerPoolEvictionCount":0,"layerPoolPressureEventCount":0,"layerPoolPressureFailureCount":0,"layerPoolFailureCount":0,"layerPoolPassCount":0,"layerPoolCompositeCount":0,"imageEvictionCount":0,"imageRetirementCount":0,"allocatorBytes":0,"dirtyChunkCount":0,"reusedChunkCount":2,"uploadBytes":0,"drawCount":2,"pipelineChangeCount":2,"descriptorChangeCount":4,"passCount":2,"barrierCount":4,"damageCount":2,"damageArea":34560,"surfaceRecoveryCount":0,"deviceRecoveryCount":0,"validationErrorCount":0,"resultCount":41,"resultFailureCount":0,"traceDropped":0,"resultDropped":0,"validationDropped":0,"validationErrors":0,"fatalCode":0,"fatalValue":0}
{"kind":"trace","run":0,"workload":0,"process":0,"window":0,"frame":0,"sample":0,"queue":0,"submission":0,"fence":0,"query":0,"event":401,"category":13,"severity":0,"result":0,"value0":4291056066,"value1":84}
{"kind":"trace","run":0,"workload":0,"process":0,"window":0,"frame":0,"sample":0,"queue":0,"submission":0,"fence":0,"query":0,"event":401,"category":13,"severity":0,"result":0,"value0":4291056066,"value1":84}
{"kind":"trace","run":0,"workload":0,"process":0,"window":0,"frame":0,"sample":0,"queue":0,"submission":0,"fence":0,"query":0,"event":401,"category":12,"severity":0,"result":0,"value0":0,"value1":0}
{"kind":"trace","run":0,"workload":0,"process":0,"window":94602982251408,"frame":0,"sample":0,"queue":0,"submission":0,"fence":0,"query":0,"event":324,"category":11,"severity":0,"result":0,"value0":64,"value1":1000}
{"kind":"trace","run":0,"workload":0,"process":0,"window":94602982251408,"frame":0,"sample":0,"queue":0,"submission":0,"fence":0,"query":0,"event":324,"category":11,"severity":0,"result":0,"value0":1,"value1":0}
{"kind":"trace","run":0,"workload":0,"process":0,"window":0,"frame":0,"sample":0,"queue":0,"submission":0,"fence":0,"query":0,"event":324,"category":12,"severity":0,"result":0,"value0":0,"value1":0}
{"kind":"trace","run":0,"workload":0,"process":0,"window":94602982251408,"frame":0,"sample":0,"queue":94602983147088,"submission":0,"fence":0,"query":0,"event":100,"category":2,"severity":0,"result":0,"value0":0,"value1":0}
{"kind":"trace","run":0,"workload":0,"process":0,"window":0,"frame":0,"sample":0,"queue":94602983147088,"submission":0,"fence":0,"query":0,"event":322,"category":12,"severity":0,"result":0,"value0":0,"value1":0}
{"kind":"trace","run":0,"workload":0,"process":0,"window":0,"frame":0,"sample":0,"queue":94602983147088,"submission":0,"fence":0,"query":0,"event":322,"category":12,"severity":0,"result":0,"value0":0,"value1":0}
{"kind":"trace","run":0,"workload":0,"process":0,"window":0,"frame":0,"sample":0,"queue":94602983147088,"submission":0,"fence":0,"query":0,"event":322,"category":12,"severity":0,"result":0,"value0":0,"value1":0}
{"kind":"trace","run":0,"workload":0,"process":0,"window":94602982251408,"frame":0,"sample":1,"queue":94602983147088,"submission":0,"fence":0,"query":0,"event":310,"category":11,"severity":0,"result":1,"value0":230,"value1":0}
{"kind":"trace","run":0,"workload":0,"process":0,"window":94602982251408,"frame":0,"sample":2,"queue":94602983147088,"submission":0,"fence":0,"query":0,"event":311,"category":11,"severity":0,"result":2,"value0":902,"value1":0}
{"kind":"trace","run":0,"workload":0,"process":0,"window":94602982251408,"frame":0,"sample":4,"queue":94602983147088,"submission":0,"fence":0,"query":0,"event":311,"category":11,"severity":0,"result":4,"value0":210,"value1":0}
{"kind":"trace","run":0,"workload":0,"process":0,"window":94602982251408,"frame":0,"sample":5,"queue":94602983147088,"submission":0,"fence":0,"query":0,"event":312,"category":11,"severity":0,"result":5,"value0":48882,"value1":2312}
{"kind":"trace","run":0,"workload":0,"process":0,"window":94602982251408,"frame":0,"sample":6,"queue":94602983147088,"submission":0,"fence":0,"query":0,"event":312,"category":11,"severity":0,"result":6,"value0":1343,"value1":352}
{"kind":"trace","run":0,"workload":0,"process":0,"window":94602982251408,"frame":0,"sample":8,"queue":94602983147088,"submission":0,"fence":0,"query":0,"event":312,"category":11,"severity":0,"result":8,"value0":4860,"value1":0}
{"kind":"trace","run":0,"workload":0,"process":0,"window":94602982251408,"frame":0,"sample":7,"queue":94602983147088,"submission":0,"fence":0,"query":0,"event":312,"category":11,"severity":0,"result":7,"value0":42679,"value1":1960}
{"kind":"trace","run":0,"workload":0,"process":0,"window":94602982251408,"frame":0,"sample":9,"queue":94602983147088,"submission":0,"fence":0,"query":0,"event":311,"category":11,"severity":0,"result":9,"value0":310,"value1":0}
{"kind":"trace","run":0,"workload":0,"process":0,"window":94602982251408,"frame":0,"sample":10,"queue":94602983147088,"submission":0,"fence":0,"query":0,"event":313,"category":11,"severity":0,"result":10,"value0":29325,"value1":1808}
{"kind":"trace","run":0,"workload":0,"process":0,"window":94602982251408,"frame":0,"sample":11,"queue":94602983147088,"submission":0,"fence":0,"query":0,"event":311,"category":11,"severity":0,"result":11,"value0":1744,"value1":0}
{"kind":"trace","run":0,"workload":0,"process":0,"window":94602982251408,"frame":0,"sample":11,"queue":94602983147088,"submission":0,"fence":0,"query":0,"event":311,"category":11,"severity":0,"result":11,"value0":401,"value1":0}
{"kind":"trace","run":0,"workload":0,"process":0,"window":94602982251408,"frame":1,"sample":0,"queue":94602983147088,"submission":0,"fence":0,"query":0,"event":300,"category":11,"severity":0,"result":0,"value0":180,"value1":96}
{"kind":"trace","run":0,"workload":0,"process":0,"window":0,"frame":1,"sample":0,"queue":94602983147088,"submission":0,"fence":0,"query":0,"event":322,"category":12,"severity":0,"result":0,"value0":0,"value1":0}
{"kind":"trace","run":0,"workload":0,"process":0,"window":0,"frame":1,"sample":0,"queue":94602983147088,"submission":0,"fence":0,"query":0,"event":322,"category":12,"severity":0,"result":0,"value0":0,"value1":0}
{"kind":"trace","run":0,"workload":0,"process":0,"window":0,"frame":1,"sample":0,"queue":94602983147088,"submission":0,"fence":0,"query":0,"event":122,"category":12,"severity":0,"result":0,"value0":0,"value1":0}
{"kind":"trace","run":0,"workload":0,"process":0,"window":0,"frame":1,"sample":0,"queue":94602983147088,"submission":0,"fence":0,"query":0,"event":317,"category":12,"severity":0,"result":0,"value0":0,"value1":0}
{"kind":"trace","run":0,"workload":0,"process":0,"window":94602982251408,"frame":1,"sample":0,"queue":94602983147088,"submission":0,"fence":0,"query":0,"event":317,"category":11,"severity":0,"result":0,"value0":752276621308938,"value1":752276621654128}
{"kind":"trace","run":0,"workload":0,"process":0,"window":94602982251408,"frame":1,"sample":0,"queue":94602983147088,"submission":1,"fence":0,"query":0,"event":324,"category":11,"severity":0,"result":0,"value0":0,"value1":128}
{"kind":"trace","run":0,"workload":0,"process":0,"window":94602982251408,"frame":1,"sample":0,"queue":94602983147088,"submission":0,"fence":0,"query":0,"event":314,"category":6,"severity":0,"result":0,"value0":2,"value1":2}
{"kind":"trace","run":0,"workload":0,"process":0,"window":94602982251408,"frame":1,"sample":0,"queue":94602983147088,"submission":0,"fence":0,"query":0,"event":314,"category":11,"severity":0,"result":0,"value0":752276621695416,"value1":752276621710344}
{"kind":"trace","run":0,"workload":0,"process":0,"window":94602982251408,"frame":1,"sample":0,"queue":94602983147088,"submission":0,"fence":0,"query":0,"event":315,"category":6,"severity":0,"result":0,"value0":17280,"value1":773094113376}
{"kind":"trace","run":0,"workload":0,"process":0,"window":94602982251408,"frame":1,"sample":0,"queue":94602983147088,"submission":0,"fence":0,"query":0,"event":317,"category":6,"severity":0,"result":0,"value0":1,"value1":2}
{"kind":"trace","run":0,"workload":0,"process":0,"window":94602982251408,"frame":1,"sample":0,"queue":94602983147088,"submission":0,"fence":0,"query":0,"event":317,"category":11,"severity":0,"result":0,"value0":752276621732215,"value1":752276622932646}
{"kind":"trace","run":0,"workload":0,"process":0,"window":0,"frame":1,"sample":0,"queue":94602983147088,"submission":0,"fence":0,"query":0,"event":317,"category":12,"severity":0,"result":0,"value0":0,"value1":0}
{"kind":"trace","run":0,"workload":0,"process":0,"window":94602982251408,"frame":1,"sample":0,"queue":94602983147088,"submission":0,"fence":0,"query":0,"event":317,"category":11,"severity":0,"result":0,"value0":752276622968503,"value1":752276622985906}
{"kind":"trace","run":0,"workload":0,"process":0,"window":0,"frame":1,"sample":0,"queue":94602983147088,"submission":0,"fence":0,"query":0,"event":316,"category":12,"severity":0,"result":0,"value0":0,"value1":0}
{"kind":"trace","run":0,"workload":0,"process":0,"window":0,"frame":1,"sample":0,"queue":94602983147088,"submission":0,"fence":0,"query":0,"event":316,"category":12,"severity":0,"result":0,"value0":0,"value1":0}
{"kind":"trace","run":0,"workload":0,"process":0,"window":0,"frame":1,"sample":0,"queue":94602983147088,"submission":0,"fence":0,"query":0,"event":316,"category":12,"severity":0,"result":0,"value0":0,"value1":0}
{"kind":"trace","run":0,"workload":0,"process":0,"window":0,"frame":1,"sample":0,"queue":94602983147088,"submission":0,"fence":0,"query":0,"event":321,"category":12,"severity":0,"result":0,"value0":0,"value1":0}
{"kind":"trace","run":0,"workload":0,"process":0,"window":94602982251408,"frame":1,"sample":0,"queue":94602983147088,"submission":1,"fence":0,"query":0,"event":321,"category":11,"severity":0,"result":0,"value0":752276622987399,"value1":752276623179300}
{"kind":"trace","run":0,"workload":0,"process":0,"window":0,"frame":1,"sample":0,"queue":94602983147088,"submission":1,"fence":0,"query":0,"event":322,"category":12,"severity":0,"result":0,"value0":0,"value1":0}
{"kind":"trace","run":0,"workload":0,"process":0,"window":0,"frame":1,"sample":0,"queue":94602983147088,"submission":1,"fence":0,"query":0,"event":123,"category":12,"severity":0,"result":0,"value0":0,"value1":0}
{"kind":"trace","run":0,"workload":0,"process":0,"window":94602982251408,"frame":1,"sample":0,"queue":94602983147088,"submission":1,"fence":0,"query":0,"event":123,"category":11,"severity":0,"result":0,"value0":752276623215609,"value1":752276623343529}
{"kind":"trace","run":0,"workload":0,"process":0,"window":94602982251408,"frame":1,"sample":0,"queue":94602983147088,"submission":1,"fence":0,"query":0,"event":301,"category":11,"severity":0,"result":0,"value0":1,"value1":0}
{"kind":"trace","run":0,"workload":0,"process":0,"window":0,"frame":0,"sample":0,"queue":94602983147088,"submission":0,"fence":0,"query":0,"event":322,"category":12,"severity":0,"result":0,"value0":0,"value1":0}
{"kind":"trace","run":0,"workload":0,"process":0,"window":0,"frame":0,"sample":0,"queue":94602983147088,"submission":0,"fence":0,"query":0,"event":322,"category":12,"severity":0,"result":0,"value0":0,"value1":0}
{"kind":"trace","run":0,"workload":0,"process":0,"window":0,"frame":0,"sample":0,"queue":94602983147088,"submission":0,"fence":0,"query":0,"event":322,"category":12,"severity":0,"result":0,"value0":0,"value1":0}
{"kind":"trace","run":0,"workload":0,"process":0,"window":0,"frame":0,"sample":0,"queue":94602983147088,"submission":0,"fence":0,"query":0,"event":322,"category":12,"severity":0,"result":0,"value0":0,"value1":0}
{"kind":"trace","run":0,"workload":0,"process":0,"window":0,"frame":0,"sample":0,"queue":94602983147088,"submission":0,"fence":0,"query":0,"event":322,"category":12,"severity":0,"result":0,"value0":0,"value1":0}
{"kind":"trace","run":0,"workload":0,"process":0,"window":0,"frame":0,"sample":0,"queue":94602983147088,"submission":0,"fence":0,"query":0,"event":322,"category":12,"severity":0,"result":0,"value0":0,"value1":0}
{"kind":"trace","run":0,"workload":0,"process":0,"window":0,"frame":0,"sample":0,"queue":94602983147088,"submission":0,"fence":0,"query":0,"event":322,"category":12,"severity":0,"result":0,"value0":0,"value1":0}
{"kind":"trace","run":0,"workload":0,"process":0,"window":0,"frame":0,"sample":0,"queue":94602983147088,"submission":0,"fence":0,"query":0,"event":322,"category":12,"severity":0,"result":0,"value0":0,"value1":0}
{"kind":"trace","run":0,"workload":0,"process":0,"window":94602982251408,"frame":0,"sample":1,"queue":94602983147088,"submission":0,"fence":0,"query":0,"event":310,"category":11,"severity":0,"result":1,"value0":160,"value1":0}
{"kind":"trace","run":0,"workload":0,"process":0,"window":94602982251408,"frame":0,"sample":2,"queue":94602983147088,"submission":0,"fence":0,"query":0,"event":311,"category":11,"severity":0,"result":2,"value0":1473,"value1":0}
{"kind":"trace","run":0,"workload":0,"process":0,"window":94602982251408,"frame":0,"sample":4,"queue":94602983147088,"submission":0,"fence":0,"query":0,"event":311,"category":11,"severity":0,"result":4,"value0":210,"value1":0}
{"kind":"trace","run":0,"workload":0,"process":0,"window":94602982251408,"frame":0,"sample":9,"queue":94602983147088,"submission":0,"fence":0,"query":0,"event":311,"category":11,"severity":0,"result":9,"value0":711,"value1":0}
{"kind":"trace","run":0,"workload":0,"process":0,"window":94602982251408,"frame":0,"sample":11,"queue":94602983147088,"submission":0,"fence":0,"query":0,"event":311,"category":11,"severity":0,"result":11,"value0":150,"value1":0}
{"kind":"trace","run":0,"workload":0,"process":0,"window":94602982251408,"frame":2,"sample":0,"queue":94602983147088,"submission":0,"fence":0,"query":0,"event":300,"category":11,"severity":0,"result":0,"value0":180,"value1":96}
{"kind":"trace","run":0,"workload":0,"process":0,"window":0,"frame":2,"sample":0,"queue":94602983147088,"submission":0,"fence":0,"query":0,"event":322,"category":12,"severity":0,"result":0,"value0":0,"value1":0}
{"kind":"trace","run":0,"workload":0,"process":0,"window":0,"frame":2,"sample":0,"queue":94602983147088,"submission":0,"fence":0,"query":0,"event":322,"category":12,"severity":0,"result":0,"value0":0,"value1":0}
{"kind":"trace","run":0,"workload":0,"process":0,"window":0,"frame":2,"sample":0,"queue":94602983147088,"submission":0,"fence":0,"query":0,"event":122,"category":12,"severity":0,"result":0,"value0":0,"value1":0}
{"kind":"trace","run":0,"workload":0,"process":0,"window":0,"frame":2,"sample":0,"queue":94602983147088,"submission":0,"fence":0,"query":0,"event":317,"category":12,"severity":0,"result":0,"value0":0,"value1":0}
{"kind":"trace","run":0,"workload":0,"process":0,"window":94602982251408,"frame":2,"sample":0,"queue":94602983147088,"submission":0,"fence":0,"query":0,"event":317,"category":11,"severity":0,"result":0,"value0":752276673665934,"value1":752276673680952}
{"kind":"trace","run":0,"workload":0,"process":0,"window":94602982251408,"frame":2,"sample":0,"queue":94602983147088,"submission":1,"fence":0,"query":0,"event":324,"category":11,"severity":0,"result":0,"value0":128,"value1":128}
{"kind":"trace","run":0,"workload":0,"process":0,"window":94602982251408,"frame":2,"sample":0,"queue":94602983147088,"submission":0,"fence":0,"query":0,"event":314,"category":6,"severity":0,"result":0,"value0":2,"value1":3}
{"kind":"trace","run":0,"workload":0,"process":0,"window":94602982251408,"frame":2,"sample":0,"queue":94602983147088,"submission":0,"fence":0,"query":0,"event":314,"category":11,"severity":0,"result":0,"value0":752276673697794,"value1":752276673713724}
{"kind":"trace","run":0,"workload":0,"process":0,"window":94602982251408,"frame":2,"sample":0,"queue":94602983147088,"submission":0,"fence":0,"query":0,"event":315,"category":6,"severity":0,"result":0,"value0":17280,"value1":773094113376}
{"kind":"trace","run":0,"workload":0,"process":0,"window":94602982251408,"frame":2,"sample":0,"queue":94602983147088,"submission":0,"fence":0,"query":0,"event":317,"category":6,"severity":0,"result":0,"value0":1,"value1":2}
{"kind":"trace","run":0,"workload":0,"process":0,"window":94602982251408,"frame":2,"sample":0,"queue":94602983147088,"submission":0,"fence":0,"query":0,"event":317,"category":11,"severity":0,"result":0,"value0":752276673737989,"value1":752276673923659}
{"kind":"trace","run":0,"workload":0,"process":0,"window":0,"frame":2,"sample":0,"queue":94602983147088,"submission":0,"fence":0,"query":0,"event":317,"category":12,"severity":0,"result":0,"value0":0,"value1":0}
{"kind":"trace","run":0,"workload":0,"process":0,"window":94602982251408,"frame":2,"sample":0,"queue":94602983147088,"submission":0,"fence":0,"query":0,"event":317,"category":11,"severity":0,"result":0,"value0":752276673975266,"value1":752276673992659}
{"kind":"trace","run":0,"workload":0,"process":0,"window":0,"frame":2,"sample":0,"queue":94602983147088,"submission":0,"fence":0,"query":0,"event":316,"category":12,"severity":0,"result":0,"value0":0,"value1":0}
{"kind":"trace","run":0,"workload":0,"process":0,"window":0,"frame":2,"sample":0,"queue":94602983147088,"submission":0,"fence":0,"query":0,"event":316,"category":12,"severity":0,"result":0,"value0":0,"value1":0}
{"kind":"trace","run":0,"workload":0,"process":0,"window":0,"frame":2,"sample":0,"queue":94602983147088,"submission":0,"fence":0,"query":0,"event":316,"category":12,"severity":0,"result":0,"value0":0,"value1":0}
{"kind":"trace","run":0,"workload":0,"process":0,"window":0,"frame":2,"sample":0,"queue":94602983147088,"submission":0,"fence":0,"query":0,"event":321,"category":12,"severity":0,"result":0,"value0":0,"value1":0}
{"kind":"trace","run":0,"workload":0,"process":0,"window":94602982251408,"frame":2,"sample":1,"queue":94602983147088,"submission":0,"fence":0,"query":0,"event":310,"category":11,"severity":0,"result":1,"value0":140,"value1":0}
{"kind":"trace","run":0,"workload":0,"process":0,"window":94602982251408,"frame":2,"sample":2,"queue":94602983147088,"submission":0,"fence":0,"query":0,"event":311,"category":11,"severity":0,"result":2,"value0":421,"value1":0}
{"kind":"trace","run":0,"workload":0,"process":0,"window":94602982251408,"frame":2,"sample":4,"queue":94602983147088,"submission":0,"fence":0,"query":0,"event":311,"category":11,"severity":0,"result":4,"value0":100,"value1":0}
{"kind":"trace","run":0,"workload":0,"process":0,"window":94602982251408,"frame":2,"sample":9,"queue":94602983147088,"submission":0,"fence":0,"query":0,"event":311,"category":11,"severity":0,"result":9,"value0":120,"value1":0}
{"kind":"trace","run":0,"workload":0,"process":0,"window":94602982251408,"frame":2,"sample":11,"queue":94602983147088,"submission":0,"fence":0,"query":0,"event":311,"category":11,"severity":0,"result":11,"value0":121,"value1":0}
{"kind":"trace","run":0,"workload":0,"process":0,"window":94602982251408,"frame":2,"sample":0,"queue":94602983147088,"submission":1,"fence":0,"query":0,"event":321,"category":11,"severity":0,"result":0,"value0":752276673998921,"value1":752276684170225}
{"kind":"trace","run":0,"workload":0,"process":0,"window":0,"frame":2,"sample":0,"queue":94602983147088,"submission":1,"fence":0,"query":0,"event":322,"category":12,"severity":0,"result":0,"value0":0,"value1":0}
{"kind":"trace","run":0,"workload":0,"process":0,"window":94602982251408,"frame":2,"sample":1,"queue":94602983147088,"submission":1,"fence":0,"query":0,"event":310,"category":11,"severity":0,"result":1,"value0":180,"value1":0}
{"kind":"trace","run":0,"workload":0,"process":0,"window":94602982251408,"frame":2,"sample":2,"queue":94602983147088,"submission":1,"fence":0,"query":0,"event":311,"category":11,"severity":0,"result":2,"value0":410,"value1":0}
{"kind":"trace","run":0,"workload":0,"process":0,"window":94602982251408,"frame":2,"sample":4,"queue":94602983147088,"submission":1,"fence":0,"query":0,"event":311,"category":11,"severity":0,"result":4,"value0":131,"value1":0}
{"kind":"trace","run":0,"workload":0,"process":0,"window":94602982251408,"frame":2,"sample":9,"queue":94602983147088,"submission":1,"fence":0,"query":0,"event":311,"category":11,"severity":0,"result":9,"value0":151,"value1":0}
{"kind":"trace","run":0,"workload":0,"process":0,"window":94602982251408,"frame":2,"sample":11,"queue":94602983147088,"submission":1,"fence":0,"query":0,"event":311,"category":11,"severity":0,"result":11,"value0":130,"value1":0}
{"kind":"trace","run":0,"workload":0,"process":0,"window":94602982251408,"frame":2,"sample":1,"queue":94602983147088,"submission":1,"fence":0,"query":0,"event":310,"category":11,"severity":0,"result":1,"value0":130,"value1":0}
{"kind":"trace","run":0,"workload":0,"process":0,"window":94602982251408,"frame":2,"sample":2,"queue":94602983147088,"submission":1,"fence":0,"query":0,"event":311,"category":11,"severity":0,"result":2,"value0":251,"value1":0}
{"kind":"trace","run":0,"workload":0,"process":0,"window":94602982251408,"frame":2,"sample":4,"queue":94602983147088,"submission":1,"fence":0,"query":0,"event":311,"category":11,"severity":0,"result":4,"value0":71,"value1":0}
{"kind":"trace","run":0,"workload":0,"process":0,"window":94602982251408,"frame":2,"sample":9,"queue":94602983147088,"submission":1,"fence":0,"query":0,"event":311,"category":11,"severity":0,"result":9,"value0":80,"value1":0}
{"kind":"trace","run":0,"workload":0,"process":0,"window":94602982251408,"frame":2,"sample":11,"queue":94602983147088,"submission":1,"fence":0,"query":0,"event":311,"category":11,"severity":0,"result":11,"value0":90,"value1":0}
{"kind":"trace","run":0,"workload":0,"process":0,"window":0,"frame":2,"sample":0,"queue":94602983147088,"submission":1,"fence":0,"query":0,"event":123,"category":12,"severity":0,"result":0,"value0":0,"value1":0}
{"kind":"trace","run":0,"workload":0,"process":0,"window":94602982251408,"frame":2,"sample":0,"queue":94602983147088,"submission":1,"fence":0,"query":0,"event":123,"category":11,"severity":0,"result":0,"value0":752276684206012,"value1":752276704682532}
{"kind":"trace","run":0,"workload":0,"process":0,"window":94602982251408,"frame":2,"sample":0,"queue":94602983147088,"submission":1,"fence":0,"query":0,"event":301,"category":11,"severity":0,"result":0,"value0":1,"value1":0}
{"kind":"trace","run":0,"workload":0,"process":0,"window":94602982251408,"frame":0,"sample":1,"queue":94602983147088,"submission":0,"fence":0,"query":0,"event":310,"category":11,"severity":0,"result":1,"value0":291,"value1":0}
{"kind":"trace","run":0,"workload":0,"process":0,"window":94602982251408,"frame":0,"sample":2,"queue":94602983147088,"submission":0,"fence":0,"query":0,"event":311,"category":11,"severity":0,"result":2,"value0":1222,"value1":0}
{"kind":"trace","run":0,"workload":0,"process":0,"window":94602982251408,"frame":0,"sample":4,"queue":94602983147088,"submission":0,"fence":0,"query":0,"event":311,"category":11,"severity":0,"result":4,"value0":231,"value1":0}
{"kind":"trace","run":0,"workload":0,"process":0,"window":94602982251408,"frame":0,"sample":9,"queue":94602983147088,"submission":0,"fence":0,"query":0,"event":311,"category":11,"severity":0,"result":9,"value0":471,"value1":0}
{"kind":"trace","run":0,"workload":0,"process":0,"window":94602982251408,"frame":0,"sample":11,"queue":94602983147088,"submission":0,"fence":0,"query":0,"event":311,"category":11,"severity":0,"result":11,"value0":130,"value1":0}
{"kind":"trace","run":0,"workload":0,"process":0,"window":94602982251408,"frame":0,"sample":1,"queue":94602983147088,"submission":0,"fence":0,"query":0,"event":310,"category":11,"severity":0,"result":1,"value0":261,"value1":0}
{"kind":"trace","run":0,"workload":0,"process":0,"window":94602982251408,"frame":0,"sample":2,"queue":94602983147088,"submission":0,"fence":0,"query":0,"event":311,"category":11,"severity":0,"result":2,"value0":1042,"value1":0}
{"kind":"trace","run":0,"workload":0,"process":0,"window":94602982251408,"frame":0,"sample":4,"queue":94602983147088,"submission":0,"fence":0,"query":0,"event":311,"category":11,"severity":0,"result":4,"value0":331,"value1":0}
{"kind":"trace","run":0,"workload":0,"process":0,"window":94602982251408,"frame":0,"sample":9,"queue":94602983147088,"submission":0,"fence":0,"query":0,"event":311,"category":11,"severity":0,"result":9,"value0":450,"value1":0}
{"kind":"trace","run":0,"workload":0,"process":0,"window":94602982251408,"frame":0,"sample":11,"queue":94602983147088,"submission":0,"fence":0,"query":0,"event":311,"category":11,"severity":0,"result":11,"value0":120,"value1":0}
{"kind":"trace","run":0,"workload":0,"process":0,"window":0,"frame":0,"sample":0,"queue":94602983147088,"submission":0,"fence":0,"query":0,"event":322,"category":12,"severity":0,"result":0,"value0":0,"value1":0}
{"kind":"trace","run":0,"workload":0,"process":0,"window":0,"frame":0,"sample":0,"queue":94602983147088,"submission":0,"fence":0,"query":0,"event":322,"category":12,"severity":0,"result":0,"value0":0,"value1":0}
{"kind":"trace","run":0,"workload":0,"process":0,"window":0,"frame":0,"sample":0,"queue":94602983147088,"submission":0,"fence":0,"query":0,"event":322,"category":12,"severity":0,"result":0,"value0":0,"value1":0}
{"kind":"trace","run":0,"workload":0,"process":0,"window":0,"frame":0,"sample":0,"queue":94602983147088,"submission":0,"fence":0,"query":0,"event":322,"category":12,"severity":0,"result":0,"value0":0,"value1":0}
{"kind":"trace","run":0,"workload":0,"process":0,"window":0,"frame":0,"sample":0,"queue":94602983147088,"submission":0,"fence":0,"query":0,"event":322,"category":12,"severity":0,"result":0,"value0":0,"value1":0}
{"kind":"trace","run":0,"workload":0,"process":0,"window":0,"frame":0,"sample":0,"queue":94602983147088,"submission":0,"fence":0,"query":0,"event":322,"category":12,"severity":0,"result":0,"value0":0,"value1":0}
{"kind":"trace","run":0,"workload":0,"process":0,"window":0,"frame":0,"sample":0,"queue":94602983147088,"submission":0,"fence":0,"query":0,"event":322,"category":12,"severity":0,"result":0,"value0":0,"value1":0}
{"kind":"trace","run":0,"workload":0,"process":0,"window":0,"frame":0,"sample":0,"queue":94602983147088,"submission":0,"fence":0,"query":0,"event":322,"category":12,"severity":0,"result":0,"value0":0,"value1":0}
{"kind":"trace","run":0,"workload":0,"process":0,"window":0,"frame":0,"sample":0,"queue":94602983147088,"submission":0,"fence":0,"query":0,"event":322,"category":12,"severity":0,"result":0,"value0":0,"value1":0}
{"kind":"trace","run":0,"workload":0,"process":0,"window":0,"frame":0,"sample":0,"queue":94602983147088,"submission":0,"fence":0,"query":0,"event":322,"category":12,"severity":0,"result":0,"value0":0,"value1":0}
{"kind":"trace","run":0,"workload":0,"process":0,"window":0,"frame":0,"sample":0,"queue":94602983147088,"submission":0,"fence":0,"query":0,"event":322,"category":12,"severity":0,"result":0,"value0":0,"value1":0}
{"kind":"trace","run":0,"workload":0,"process":0,"window":94602982251408,"frame":0,"sample":0,"queue":94602983147088,"submission":0,"fence":0,"query":0,"event":101,"category":2,"severity":0,"result":0,"value0":0,"value1":0}
{"kind":"result","ordinal":0,"event":401,"classification":0,"frame":0,"queue":0,"submission":0,"fence":0,"result":0}
{"kind":"result","ordinal":1,"event":324,"classification":0,"frame":0,"queue":0,"submission":0,"fence":0,"result":0}
{"kind":"result","ordinal":2,"event":322,"classification":0,"frame":0,"queue":94602983147088,"submission":0,"fence":0,"result":0}
{"kind":"result","ordinal":3,"event":322,"classification":0,"frame":0,"queue":94602983147088,"submission":0,"fence":0,"result":0}
{"kind":"result","ordinal":4,"event":322,"classification":0,"frame":0,"queue":94602983147088,"submission":0,"fence":0,"result":0}
{"kind":"result","ordinal":5,"event":322,"classification":0,"frame":1,"queue":94602983147088,"submission":0,"fence":0,"result":0}
{"kind":"result","ordinal":6,"event":322,"classification":0,"frame":1,"queue":94602983147088,"submission":0,"fence":0,"result":0}
{"kind":"result","ordinal":7,"event":122,"classification":0,"frame":1,"queue":94602983147088,"submission":0,"fence":0,"result":0}
{"kind":"result","ordinal":8,"event":317,"classification":0,"frame":1,"queue":94602983147088,"submission":0,"fence":0,"result":0}
{"kind":"result","ordinal":9,"event":317,"classification":0,"frame":1,"queue":94602983147088,"submission":0,"fence":0,"result":0}
{"kind":"result","ordinal":10,"event":316,"classification":0,"frame":1,"queue":94602983147088,"submission":0,"fence":0,"result":0}
{"kind":"result","ordinal":11,"event":316,"classification":0,"frame":1,"queue":94602983147088,"submission":0,"fence":0,"result":0}
{"kind":"result","ordinal":12,"event":316,"classification":0,"frame":1,"queue":94602983147088,"submission":0,"fence":0,"result":0}
{"kind":"result","ordinal":13,"event":321,"classification":0,"frame":1,"queue":94602983147088,"submission":0,"fence":0,"result":0}
{"kind":"result","ordinal":14,"event":322,"classification":0,"frame":1,"queue":94602983147088,"submission":1,"fence":0,"result":0}
{"kind":"result","ordinal":15,"event":123,"classification":0,"frame":1,"queue":94602983147088,"submission":1,"fence":0,"result":0}
{"kind":"result","ordinal":16,"event":322,"classification":0,"frame":0,"queue":94602983147088,"submission":0,"fence":0,"result":0}
{"kind":"result","ordinal":17,"event":322,"classification":0,"frame":0,"queue":94602983147088,"submission":0,"fence":0,"result":0}
{"kind":"result","ordinal":18,"event":322,"classification":0,"frame":0,"queue":94602983147088,"submission":0,"fence":0,"result":0}
{"kind":"result","ordinal":19,"event":322,"classification":0,"frame":0,"queue":94602983147088,"submission":0,"fence":0,"result":0}
{"kind":"result","ordinal":20,"event":322,"classification":0,"frame":0,"queue":94602983147088,"submission":0,"fence":0,"result":0}
{"kind":"result","ordinal":21,"event":322,"classification":0,"frame":0,"queue":94602983147088,"submission":0,"fence":0,"result":0}
{"kind":"result","ordinal":22,"event":322,"classification":0,"frame":0,"queue":94602983147088,"submission":0,"fence":0,"result":0}
{"kind":"result","ordinal":23,"event":322,"classification":0,"frame":0,"queue":94602983147088,"submission":0,"fence":0,"result":0}
{"kind":"result","ordinal":24,"event":322,"classification":0,"frame":2,"queue":94602983147088,"submission":0,"fence":0,"result":0}
{"kind":"result","ordinal":25,"event":322,"classification":0,"frame":2,"queue":94602983147088,"submission":0,"fence":0,"result":0}
{"kind":"result","ordinal":26,"event":122,"classification":0,"frame":2,"queue":94602983147088,"submission":0,"fence":0,"result":0}
{"kind":"result","ordinal":27,"event":317,"classification":0,"frame":2,"queue":94602983147088,"submission":0,"fence":0,"result":0}
{"kind":"result","ordinal":28,"event":317,"classification":0,"frame":2,"queue":94602983147088,"submission":0,"fence":0,"result":0}
{"kind":"result","ordinal":29,"event":316,"classification":0,"frame":2,"queue":94602983147088,"submission":0,"fence":0,"result":0}
{"kind":"result","ordinal":30,"event":316,"classification":0,"frame":2,"queue":94602983147088,"submission":0,"fence":0,"result":0}
{"kind":"result","ordinal":31,"event":316,"classification":0,"frame":2,"queue":94602983147088,"submission":0,"fence":0,"result":0}
{"kind":"result","ordinal":32,"event":321,"classification":0,"frame":2,"queue":94602983147088,"submission":0,"fence":0,"result":0}
{"kind":"result","ordinal":33,"event":322,"classification":0,"frame":2,"queue":94602983147088,"submission":1,"fence":0,"result":0}
{"kind":"result","ordinal":34,"event":123,"classification":0,"frame":2,"queue":94602983147088,"submission":1,"fence":0,"result":0}
{"kind":"result","ordinal":35,"event":322,"classification":0,"frame":0,"queue":94602983147088,"submission":0,"fence":0,"result":0}
{"kind":"result","ordinal":36,"event":322,"classification":0,"frame":0,"queue":94602983147088,"submission":0,"fence":0,"result":0}
{"kind":"result","ordinal":37,"event":322,"classification":0,"frame":0,"queue":94602983147088,"submission":0,"fence":0,"result":0}
{"kind":"result","ordinal":38,"event":322,"classification":0,"frame":0,"queue":94602983147088,"submission":0,"fence":0,"result":0}
{"kind":"result","ordinal":39,"event":322,"classification":0,"frame":0,"queue":94602983147088,"submission":0,"fence":0,"result":0}
{"kind":"result","ordinal":40,"event":322,"classification":0,"frame":0,"queue":94602983147088,"submission":0,"fence":0,"result":0}
{"kind":"result","ordinal":41,"event":322,"classification":0,"frame":0,"queue":94602983147088,"submission":0,"fence":0,"result":0}
{"kind":"result","ordinal":42,"event":322,"classification":0,"frame":0,"queue":94602983147088,"submission":0,"fence":0,"result":0}
{"kind":"result","ordinal":43,"event":322,"classification":0,"frame":0,"queue":94602983147088,"submission":0,"fence":0,"result":0}
{"kind":"result","ordinal":44,"event":322,"classification":0,"frame":0,"queue":94602983147088,"submission":0,"fence":0,"result":0}
{"kind":"result","ordinal":45,"event":322,"classification":0,"frame":0,"queue":94602983147088,"submission":0,"fence":0,"result":0}
{"kind":"validation","severity":256,"types":1,"messageId":0,"messageHash":4291056066,"messageLength":84,"messageTruncated":0,"messageHex":"656e76207661722027564b5f494e5354414e43455f4c41594552532720646566696e656420616e6420616464696e67206c61796572732022564b5f4c415945525f4b48524f4e4f535f76616c69646174696f6e22"}
{"kind":"validation","severity":256,"types":1,"messageId":0,"messageHash":4291056066,"messageLength":84,"messageTruncated":0,"messageHex":"656e76207661722027564b5f494e5354414e43455f4c41594552532720646566696e656420616e6420616464696e67206c61796572732022564b5f4c415945525f4b48524f4e4f535f76616c69646174696f6e22"}
{"kind":"device","instanceApiVersion":4206592,"physicalApiVersion":4211029,"driverVersion":2559459584,"vendorId":4318,"deviceId":8726,"deviceType":2,"timelineSemaphore":1,"synchronization2":1,"dynamicRendering":1,"debugUtilsAvailable":1,"instanceExtensionCount":6,"deviceExtensionCount":0,"deviceNameHex":"4e5649444941204765466f7263652052545820333038300000000000000000000000000000000000000000000000000000000000000000000000000000000000000000000000000000000000000000000000000000000000000000000000000000000000000000000000000000000000000000000000000000000000000000000000000000000000000000000000000000000000000000000000000000000000000000000000000000000000000000000000000000000000000000000000000000000000000000000000000000000000000000000000000000000000000000000000000000000000000000000000000000000000000000000000000000000000"}
{"kind":"clip_mask_atlas","clipMaskAtlasByteBudget":67108864,"clipMaskAtlasResidentBytes":0,"clipMaskAtlasRegionCount":0,"clipMaskAtlasFreePlacementCount":0,"clipMaskAtlasActiveLayerCount":0,"clipMaskAtlasMaximumLayerCount":0,"clipMaskAtlasRetiredGenerationCount":0,"clipMaskAtlasEvictionCount":0,"clipMaskAtlasPressureEventCount":0,"clipMaskAtlasPressureFailureCount":0}
{"kind":"image_upload","imageUploadChunkCount":0,"imageUploadDeferredCount":0,"imageUploadCompletedCount":0}
{"kind":"counters","rebuildCount":0,"layoutCount":0,"planCompileCount":2,"uploadCount":0,"recordCount":2,"submitCount":2,"presentCount":2,"readbackCount":0,"managedAllocatedBytes":0,"heapBudgetAvailable":1,"heapBudgetSampleCurrent":0,"heapBudget":57482789888,"driverHeapUsage":10190848,"vulkanObjectCount":0,"vulkanObjectAllocationCount":650,"vulkanDeviceMemoryAllocationCount":3,"vulkanDeviceMemoryBytes":0,"cacheBytes":0,"imageByteBudget":268435456,"imageResidentBytes":0,"imageLiveObjectCount":0,"imagePeakResidentBytes":0,"imagePeakLiveObjectCount":516,"textAtlasCount":0,"textAtlasByteBudget":0,"textAtlasResidentBytes":0,"textAtlasLiveObjectCount":0,"textAtlasPeakCount":1,"textAtlasPeakByteBudget":2097152,"textAtlasPeakResidentBytes":262144,"textAtlasPeakLiveObjectCount":5,"textAtlasRecordedUploadBytes":0,"textAtlasEvictionCount":0,"textAtlasRetirementCount":0,"pathAtlasByteBudget":262144,"pathAtlasResidentWords":0,"pathAtlasFreeWords":0,"pathAtlasPathCount":0,"pathAtlasActiveReferenceCount":0,"pathAtlasLiveObjectCount":0,"pathAtlasEvictionCount":0,"pathAtlasRetiredWords":0,"pathAtlasReuseCount":0,"pathAtlasPressureEventCount":0,"pathAtlasPressureFailureCount":0,"clipFrameWrittenBytes":32,"clipFrameSkippedBytes":0,"clipFrameMappedWrites":2,"clipFrameFlushes":2,"clipFrameRetainedReuse":0,"clipFrameSlotIndex":1,"clipFrameDrawCount":2,"clipFrameMaskCount":0,"clipFrameChainCount":1,"clipFrameLayerCount":0,"clipFrameByteCount":16,"clipFrameCapacity":4096,"clipFrameBufferGeneration":1,"clipFrameLastUseSerial":2,"clipFrameRetentionEligible":1,"clipFrameRetained":0,"clipFrameRetentionValid":1,"textFrameWrittenBytes":0,"textFrameSkippedBytes":0,"textFrameDirtySegmentCount":0,"textFrameUploadRangeCount":0,"textFrameFullUploadCount":2,"textFrameMappedWrites":0,"textFrameFlushes":0,"textFrameRetainedReuse":0,"textFrameSlotIndex":1,"textFrameSegmentCount":0,"textFrameRunCount":0,"textFrameRecordCount":0,"textFrameByteCount":0,"textFrameCapacity":128,"textFrameBufferGeneration":1,"textFrameTopologyKey":4563433395159716664,"textFrameLastUseSerial":2,"textFramePrepared":0,"layerPoolByteBudget":536870912,"layerPoolResidentBytes":0,"layerPoolTargetCount":0,"layerPoolLeasedCount":0,"layerPoolCreateCount":0,"layerPoolReuseCount":0,"layerPoolEvictionCount":0,"layerPoolPressureEventCount":0,"layerPoolPressureFailureCount":0,"layerPoolFailureCount":0,"layerPoolPassCount":0,"layerPoolCompositeCount":0,"imageEvictionCount":0,"imageRetirementCount":0,"allocatorBytes":0,"dirtyChunkCount":0,"reusedChunkCount":2,"uploadBytes":0,"drawCount":2,"pipelineChangeCount":2,"descriptorChangeCount":4,"passCount":2,"barrierCount":4,"damageCount":2,"damageArea":34560,"surfaceRecoveryCount":0,"deviceRecoveryCount":0,"validationErrorCount":0,"resultCount":46,"resultFailureCount":0,"traceDropped":0,"resultDropped":0,"validationDropped":0,"validationErrors":0,"fatalCode":0,"fatalValue":0}
queue-wake-smoke: submit=1 present=1 frame_deadline_independent=1 blocking_wait=1
