validated 001-short-p1-unchanged-staged
validated 002-short-p1-unchanged-direct
validated 003-short-p1-sparse-staged
validated 004-short-p1-sparse-direct
validated 005-short-p1-full-staged
validated 006-short-p1-full-direct
validated 007-short-p2-sparse-direct
validated 008-short-p2-sparse-staged
validated 009-short-p2-full-direct
validated 010-short-p2-full-staged
validated 011-short-p2-unchanged-direct
validated 012-short-p2-unchanged-staged
validated 013-short-p3-full-staged
validated 014-short-p3-full-direct
validated 015-short-p3-unchanged-staged
validated 016-short-p3-unchanged-direct
validated 017-short-p3-sparse-staged
validated 018-short-p3-sparse-direct
validated 019-short-p4-unchanged-direct
validated 020-short-p4-unchanged-staged
validated 021-short-p4-sparse-direct
validated 022-short-p4-sparse-staged
validated 023-short-p4-full-direct
validated 024-short-p4-full-staged
